Archive member included to satisfy reference by file (symbol)

c:/gnuarm/10.2021.10/bin/../lib/gcc/arm-none-eabi/10.3.1/../../../../arm-none-eabi/lib/thumb/v7-m/nofp\libc_nano.a(lib_a-exit.o)
                              c:/gnuarm/10.2021.10/bin/../lib/gcc/arm-none-eabi/10.3.1/../../../../arm-none-eabi/lib/thumb/v7-m/nofp/crt0.o (exit)
c:/gnuarm/10.2021.10/bin/../lib/gcc/arm-none-eabi/10.3.1/../../../../arm-none-eabi/lib/thumb/v7-m/nofp\libc_nano.a(lib_a-impure.o)
                              c:/gnuarm/10.2021.10/bin/../lib/gcc/arm-none-eabi/10.3.1/../../../../arm-none-eabi/lib/thumb/v7-m/nofp\libc_nano.a(lib_a-exit.o) (_global_impure_ptr)
c:/gnuarm/10.2021.10/bin/../lib/gcc/arm-none-eabi/10.3.1/../../../../arm-none-eabi/lib/thumb/v7-m/nofp\libc_nano.a(lib_a-init.o)
                              c:/gnuarm/10.2021.10/bin/../lib/gcc/arm-none-eabi/10.3.1/../../../../arm-none-eabi/lib/thumb/v7-m/nofp/crt0.o (__libc_init_array)
c:/gnuarm/10.2021.10/bin/../lib/gcc/arm-none-eabi/10.3.1/../../../../arm-none-eabi/lib/thumb/v7-m/nofp\libc_nano.a(lib_a-memset.o)
                              c:/gnuarm/10.2021.10/bin/../lib/gcc/arm-none-eabi/10.3.1/../../../../arm-none-eabi/lib/thumb/v7-m/nofp/crt0.o (memset)
C:\Users\Olga\Desktop\EvgeniiWork\gitRepos\builds\stm32f207_board\Stm32F207_NucleoRuntime\libs\libcmsis_dsp.a(arm_sin_f32.c.obj)
                              CMakeFiles/Stm32F207_NucleoRuntime.dir/Core/Src/freertos.c.obj (arm_sin_f32)
C:\Users\Olga\Desktop\EvgeniiWork\gitRepos\builds\stm32f207_board\Stm32F207_NucleoRuntime\libs\libcmsis_dsp.a(arm_common_tables.c.obj)
                              C:\Users\Olga\Desktop\EvgeniiWork\gitRepos\builds\stm32f207_board\Stm32F207_NucleoRuntime\libs\libcmsis_dsp.a(arm_sin_f32.c.obj) (sinTable_f32)
c:/gnuarm/10.2021.10/bin/../lib/gcc/arm-none-eabi/10.3.1/thumb/v7-m/nofp\libgcc.a(_arm_mulsf3.o)
                              CMakeFiles/Stm32F207_NucleoRuntime.dir/Core/Src/freertos.c.obj (__aeabi_fmul)
c:/gnuarm/10.2021.10/bin/../lib/gcc/arm-none-eabi/10.3.1/thumb/v7-m/nofp\libgcc.a(_arm_addsubsf3.o)
                              CMakeFiles/Stm32F207_NucleoRuntime.dir/Core/Src/freertos.c.obj (__aeabi_fsub)
c:/gnuarm/10.2021.10/bin/../lib/gcc/arm-none-eabi/10.3.1/thumb/v7-m/nofp\libgcc.a(_arm_muldivsf3.o)
                              CMakeFiles/Stm32F207_NucleoRuntime.dir/Core/Src/freertos.c.obj (__aeabi_fdiv)
c:/gnuarm/10.2021.10/bin/../lib/gcc/arm-none-eabi/10.3.1/thumb/v7-m/nofp\libgcc.a(_arm_cmpsf2.o)
                              C:\Users\Olga\Desktop\EvgeniiWork\gitRepos\builds\stm32f207_board\Stm32F207_NucleoRuntime\libs\libcmsis_dsp.a(arm_sin_f32.c.obj) (__aeabi_fcmplt)
c:/gnuarm/10.2021.10/bin/../lib/gcc/arm-none-eabi/10.3.1/thumb/v7-m/nofp\libgcc.a(_arm_fixsfsi.o)
                              C:\Users\Olga\Desktop\EvgeniiWork\gitRepos\builds\stm32f207_board\Stm32F207_NucleoRuntime\libs\libcmsis_dsp.a(arm_sin_f32.c.obj) (__aeabi_f2iz)
c:/gnuarm/10.2021.10/bin/../lib/gcc/arm-none-eabi/10.3.1/thumb/v7-m/nofp\libgcc.a(_arm_fixunssfsi.o)
                              CMakeFiles/Stm32F207_NucleoRuntime.dir/Core/Src/freertos.c.obj (__aeabi_f2uiz)
c:/gnuarm/10.2021.10/bin/../lib/gcc/arm-none-eabi/10.3.1/thumb/v7-m/nofp\libgcc.a(_aeabi_uldivmod.o)
                              CMakeFiles/Stm32F207_NucleoRuntime.dir/Drivers/STM32F2xx_HAL_Driver/Src/stm32f2xx_hal_rcc.c.obj (__aeabi_uldivmod)
c:/gnuarm/10.2021.10/bin/../lib/gcc/arm-none-eabi/10.3.1/thumb/v7-m/nofp\libgcc.a(_udivmoddi4.o)
                              c:/gnuarm/10.2021.10/bin/../lib/gcc/arm-none-eabi/10.3.1/thumb/v7-m/nofp\libgcc.a(_aeabi_uldivmod.o) (__udivmoddi4)
c:/gnuarm/10.2021.10/bin/../lib/gcc/arm-none-eabi/10.3.1/thumb/v7-m/nofp\libgcc.a(_dvmd_tls.o)
                              c:/gnuarm/10.2021.10/bin/../lib/gcc/arm-none-eabi/10.3.1/thumb/v7-m/nofp\libgcc.a(_aeabi_uldivmod.o) (__aeabi_ldiv0)
c:/gnuarm/10.2021.10/bin/../lib/gcc/arm-none-eabi/10.3.1/../../../../arm-none-eabi/lib/thumb/v7-m/nofp\libg_nano.a(lib_a-errno.o)
                              CMakeFiles/Stm32F207_NucleoRuntime.dir/Core/Src/sysmem.c.obj (__errno)
c:/gnuarm/10.2021.10/bin/../lib/gcc/arm-none-eabi/10.3.1/../../../../arm-none-eabi/lib/thumb/v7-m/nofp\libg_nano.a(lib_a-memcpy-stub.o)
                              CMakeFiles/Stm32F207_NucleoRuntime.dir/Xcp/XcpPort.c.obj (memcpy)
c:/gnuarm/10.2021.10/bin/../lib/gcc/arm-none-eabi/10.3.1/../../../../arm-none-eabi/lib/thumb/v7-m/nofp\libg_nano.a(lib_a-reent.o)
                              CMakeFiles/Stm32F207_NucleoRuntime.dir/Middlewares/Third_Party/FreeRTOS/Source/tasks.c.obj (_reclaim_reent)
c:/gnuarm/10.2021.10/bin/../lib/gcc/arm-none-eabi/10.3.1/../../../../arm-none-eabi/lib/thumb/v7-m/nofp\libg_nano.a(lib_a-nano-freer.o)
                              c:/gnuarm/10.2021.10/bin/../lib/gcc/arm-none-eabi/10.3.1/../../../../arm-none-eabi/lib/thumb/v7-m/nofp\libg_nano.a(lib_a-reent.o) (_free_r)
[...]
Memory Configuration

Name             Origin             Length             Attributes
RAM              0x20000000         0x00020000         xrw
FLASH            0x08000000         0x00100000         xr
*default*        0x00000000         0xffffffff

Linker script and memory map

LOAD c:/gnuarm/10.2021.10/bin/../lib/gcc/arm-none-eabi/10.3.1/thumb/v7-m/nofp/crti.o
LOAD c:/gnuarm/10.2021.10/bin/../lib/gcc/arm-none-eabi/10.3.1/thumb/v7-m/nofp/crtbegin.o
LOAD c:/gnuarm/10.2021.10/bin/../lib/gcc/arm-none-eabi/10.3.1/../../../../arm-none-eabi/lib/thumb/v7-m/nofp/crt0.o
START GROUP
LOAD c:/gnuarm/10.2021.10/bin/../lib/gcc/arm-none-eabi/10.3.1/../../../../arm-none-eabi/lib/thumb/v7-m/nofp\libc_nano.a
LOAD c:/gnuarm/10.2021.10/bin/../lib/gcc/arm-none-eabi/10.3.1/../../../../arm-none-eabi/lib/thumb/v7-m/nofp\libm.a
END GROUP
LOAD CMakeFiles/Stm32F207_NucleoRuntime.dir/Xcp/XcpApplication.c.obj
LOAD CMakeFiles/Stm32F207_NucleoRuntime.dir/Xcp/XcpBasic.c.obj
LOAD CMakeFiles/Stm32F207_NucleoRuntime.dir/Xcp/XcpPort.c.obj
LOAD CMakeFiles/Stm32F207_NucleoRuntime.dir/SimulinkApp/codeGen/stm32f207_template_app_ert_rtw/simulink_app.c.obj
LOAD CMakeFiles/Stm32F207_NucleoRuntime.dir/SimulinkApp/codeGen/stm32f207_template_app_ert_rtw/stm32f207_template_app.c.obj
LOAD CMakeFiles/Stm32F207_NucleoRuntime.dir/SimulinkApp/otherFiles/led_control.c.obj
LOAD CMakeFiles/Stm32F207_NucleoRuntime.dir/Core/Src/main.c.obj
LOAD CMakeFiles/Stm32F207_NucleoRuntime.dir/Core/Src/gpio.c.obj
LOAD CMakeFiles/Stm32F207_NucleoRuntime.dir/Core/Src/freertos.c.obj
LOAD CMakeFiles/Stm32F207_NucleoRuntime.dir/Core/Src/can.c.obj
LOAD CMakeFiles/Stm32F207_NucleoRuntime.dir/Core/Src/usart.c.obj
LOAD CMakeFiles/Stm32F207_NucleoRuntime.dir/Core/Src/stm32f2xx_it.c.obj
LOAD CMakeFiles/Stm32F207_NucleoRuntime.dir/Core/Src/stm32f2xx_hal_msp.c.obj
LOAD CMakeFiles/Stm32F207_NucleoRuntime.dir/Core/Src/stm32f2xx_hal_timebase_tim.c.obj
LOAD CMakeFiles/Stm32F207_NucleoRuntime.dir/Drivers/STM32F2xx_HAL_Driver/Src/stm32f2xx_hal_tim.c.obj
LOAD CMakeFiles/Stm32F207_NucleoRuntime.dir/Drivers/STM32F2xx_HAL_Driver/Src/stm32f2xx_hal_tim_ex.c.obj
LOAD CMakeFiles/Stm32F207_NucleoRuntime.dir/Drivers/STM32F2xx_HAL_Driver/Src/stm32f2xx_hal_can.c.obj
LOAD CMakeFiles/Stm32F207_NucleoRuntime.dir/Drivers/STM32F2xx_HAL_Driver/Src/stm32f2xx_hal.c.obj
LOAD CMakeFiles/Stm32F207_NucleoRuntime.dir/Drivers/STM32F2xx_HAL_Driver/Src/stm32f2xx_hal_rcc.c.obj
LOAD CMakeFiles/Stm32F207_NucleoRuntime.dir/Drivers/STM32F2xx_HAL_Driver/Src/stm32f2xx_hal_rcc_ex.c.obj
LOAD CMakeFiles/Stm32F207_NucleoRuntime.dir/Drivers/STM32F2xx_HAL_Driver/Src/stm32f2xx_hal_cortex.c.obj
LOAD CMakeFiles/Stm32F207_NucleoRuntime.dir/Drivers/STM32F2xx_HAL_Driver/Src/stm32f2xx_hal_flash.c.obj
LOAD CMakeFiles/Stm32F207_NucleoRuntime.dir/Drivers/STM32F2xx_HAL_Driver/Src/stm32f2xx_hal_flash_ex.c.obj
LOAD CMakeFiles/Stm32F207_NucleoRuntime.dir/Drivers/STM32F2xx_HAL_Driver/Src/stm32f2xx_hal_pwr.c.obj
LOAD CMakeFiles/Stm32F207_NucleoRuntime.dir/Drivers/STM32F2xx_HAL_Driver/Src/stm32f2xx_hal_pwr_ex.c.obj
LOAD CMakeFiles/Stm32F207_NucleoRuntime.dir/Drivers/STM32F2xx_HAL_Driver/Src/stm32f2xx_hal_gpio.c.obj
LOAD CMakeFiles/Stm32F207_NucleoRuntime.dir/Drivers/STM32F2xx_HAL_Driver/Src/stm32f2xx_hal_dma.c.obj
LOAD CMakeFiles/Stm32F207_NucleoRuntime.dir/Drivers/STM32F2xx_HAL_Driver/Src/stm32f2xx_hal_dma_ex.c.obj
LOAD CMakeFiles/Stm32F207_NucleoRuntime.dir/Drivers/STM32F2xx_HAL_Driver/Src/stm32f2xx_hal_exti.c.obj
LOAD CMakeFiles/Stm32F207_NucleoRuntime.dir/Drivers/STM32F2xx_HAL_Driver/Src/stm32f2xx_hal_uart.c.obj
LOAD CMakeFiles/Stm32F207_NucleoRuntime.dir/Core/Src/system_stm32f2xx.c.obj
LOAD CMakeFiles/Stm32F207_NucleoRuntime.dir/Middlewares/Third_Party/FreeRTOS/Source/croutine.c.obj
LOAD CMakeFiles/Stm32F207_NucleoRuntime.dir/Middlewares/Third_Party/FreeRTOS/Source/event_groups.c.obj
LOAD CMakeFiles/Stm32F207_NucleoRuntime.dir/Middlewares/Third_Party/FreeRTOS/Source/list.c.obj
LOAD CMakeFiles/Stm32F207_NucleoRuntime.dir/Middlewares/Third_Party/FreeRTOS/Source/queue.c.obj
LOAD CMakeFiles/Stm32F207_NucleoRuntime.dir/Middlewares/Third_Party/FreeRTOS/Source/stream_buffer.c.obj
LOAD CMakeFiles/Stm32F207_NucleoRuntime.dir/Middlewares/Third_Party/FreeRTOS/Source/tasks.c.obj
LOAD CMakeFiles/Stm32F207_NucleoRuntime.dir/Middlewares/Third_Party/FreeRTOS/Source/timers.c.obj
LOAD CMakeFiles/Stm32F207_NucleoRuntime.dir/Middlewares/Third_Party/FreeRTOS/Source/CMSIS_RTOS_V2/cmsis_os2.c.obj
LOAD CMakeFiles/Stm32F207_NucleoRuntime.dir/Middlewares/Third_Party/FreeRTOS/Source/portable/MemMang/heap_1.c.obj
LOAD CMakeFiles/Stm32F207_NucleoRuntime.dir/Middlewares/Third_Party/FreeRTOS/Source/portable/GCC/ARM_CM3/port.c.obj
LOAD CMakeFiles/Stm32F207_NucleoRuntime.dir/Core/Src/sysmem.c.obj
LOAD CMakeFiles/Stm32F207_NucleoRuntime.dir/Core/Src/syscalls.c.obj
LOAD CMakeFiles/Stm32F207_NucleoRuntime.dir/startup_stm32f207xx.s.obj
LOAD C:\Users\Olga\Desktop\EvgeniiWork\gitRepos\builds\stm32f207_board\Stm32F207_NucleoRuntime\libs\libcmsis_dsp.a
START GROUP
LOAD c:/gnuarm/10.2021.10/bin/../lib/gcc/arm-none-eabi/10.3.1/thumb/v7-m/nofp\libgcc.a
LOAD c:/gnuarm/10.2021.10/bin/../lib/gcc/arm-none-eabi/10.3.1/../../../../arm-none-eabi/lib/thumb/v7-m/nofp\libg_nano.a
LOAD c:/gnuarm/10.2021.10/bin/../lib/gcc/arm-none-eabi/10.3.1/../../../../arm-none-eabi/lib/thumb/v7-m/nofp\libc_nano.a
END GROUP
START GROUP
LOAD c:/gnuarm/10.2021.10/bin/../lib/gcc/arm-none-eabi/10.3.1/thumb/v7-m/nofp\libgcc.a
LOAD c:/gnuarm/10.2021.10/bin/../lib/gcc/arm-none-eabi/10.3.1/../../../../arm-none-eabi/lib/thumb/v7-m/nofp\libc_nano.a
END GROUP
LOAD c:/gnuarm/10.2021.10/bin/../lib/gcc/arm-none-eabi/10.3.1/thumb/v7-m/nofp/crtend.o
LOAD c:/gnuarm/10.2021.10/bin/../lib/gcc/arm-none-eabi/10.3.1/thumb/v7-m/nofp/crtn.o
                0x20020000                _estack = (ORIGIN (RAM) + LENGTH (RAM))
                0x00000200                _Min_Heap_Size = 0x200
                0x00000400                _Min_Stack_Size = 0x400

.isr_vector     0x08000000      0x184
                0x08000000                . = ALIGN (0x4)
 *(.isr_vector)
 .isr_vector    0x08000000      0x184 CMakeFiles/Stm32F207_NucleoRuntime.dir/startup_stm32f207xx.s.obj
                0x08000000                g_pfnVectors
                0x08000184                . = ALIGN (0x4)

.text           0x08000190     0x78ac
                0x08000190                . = ALIGN (0x4)
 *(.text)
 .text          0x08000190       0x40 c:/gnuarm/10.2021.10/bin/../lib/gcc/arm-none-eabi/10.3.1/thumb/v7-m/nofp/crtbegin.o
 .text          0x080001d0      0x21c c:/gnuarm/10.2021.10/bin/../lib/gcc/arm-none-eabi/10.3.1/thumb/v7-m/nofp\libgcc.a(_arm_addsubsf3.o)
                0x080001d0                __aeabi_frsub
                0x080001d8                __subsf3
                0x080001d8                __aeabi_fsub
                0x080001dc                __aeabi_fadd
                0x080001dc                __addsf3
                0x0800033c                __aeabi_ui2f
                0x0800033c                __floatunsisf
                0x08000344                __aeabi_i2f
                0x08000344                __floatsisf
                0x08000360                __aeabi_ul2f
                0x08000360                __floatundisf
                0x08000370                __aeabi_l2f
                0x08000370                __floatdisf
 .text          0x080003ec      0x2a0 c:/gnuarm/10.2021.10/bin/../lib/gcc/arm-none-eabi/10.3.1/thumb/v7-m/nofp\libgcc.a(_arm_muldivsf3.o)
                0x080003ec                __mulsf3
                0x080003ec                __aeabi_fmul
                0x08000554                __aeabi_fdiv
                0x08000554                __divsf3
 .text          0x0800068c       0xec c:/gnuarm/10.2021.10/bin/../lib/gcc/arm-none-eabi/10.3.1/thumb/v7-m/nofp\libgcc.a(_arm_cmpsf2.o)
                0x0800068c                __gesf2
                0x0800068c                __gtsf2
                0x08000694                __lesf2
                0x08000694                __ltsf2
                0x0800069c                __nesf2
                0x0800069c                __eqsf2
                0x0800069c                __cmpsf2
                0x080006fc                __aeabi_cfrcmple
                0x08000704                __aeabi_cfcmpeq
                0x08000704                __aeabi_cfcmple
                0x08000714                __aeabi_fcmpeq
                0x08000728                __aeabi_fcmplt
                0x0800073c                __aeabi_fcmple
                0x08000750                __aeabi_fcmpge
                0x08000764                __aeabi_fcmpgt
 .text          0x08000778       0x4c c:/gnuarm/10.2021.10/bin/../lib/gcc/arm-none-eabi/10.3.1/thumb/v7-m/nofp\libgcc.a(_arm_fixsfsi.o)
                0x08000778                __aeabi_f2iz
                0x08000778                __fixsfsi
 .text          0x080007c4       0x40 c:/gnuarm/10.2021.10/bin/../lib/gcc/arm-none-eabi/10.3.1/thumb/v7-m/nofp\libgcc.a(_arm_fixunssfsi.o)
                0x080007c4                __fixunssfsi
                0x080007c4                __aeabi_f2uiz
 .text          0x08000804       0x30 c:/gnuarm/10.2021.10/bin/../lib/gcc/arm-none-eabi/10.3.1/thumb/v7-m/nofp\libgcc.a(_aeabi_uldivmod.o)
                0x08000804                __aeabi_uldivmod
 .text          0x08000834      0x2d4 c:/gnuarm/10.2021.10/bin/../lib/gcc/arm-none-eabi/10.3.1/thumb/v7-m/nofp\libgcc.a(_udivmoddi4.o)
                0x08000834                __udivmoddi4
 .text          0x08000b08        0x4 c:/gnuarm/10.2021.10/bin/../lib/gcc/arm-none-eabi/10.3.1/thumb/v7-m/nofp\libgcc.a(_dvmd_tls.o)
                0x08000b08                __aeabi_idiv0
                0x08000b08                __aeabi_ldiv0
 *(.text*)
 .text.__libc_init_array
                0x08000b0c       0x48 c:/gnuarm/10.2021.10/bin/../lib/gcc/arm-none-eabi/10.3.1/../../../../arm-none-eabi/lib/thumb/v7-m/nofp\libc_nano.a(lib_a-init.o)
                0x08000b0c                __libc_init_array
 .text.memset   0x08000b54       0x10 c:/gnuarm/10.2021.10/bin/../lib/gcc/arm-none-eabi/10.3.1/../../../../arm-none-eabi/lib/thumb/v7-m/nofp\libc_nano.a(lib_a-memset.o)
                0x08000b54                memset
 .text.simulink_app_step
                0x08000b64      0x174 CMakeFiles/Stm32F207_NucleoRuntime.dir/SimulinkApp/codeGen/stm32f207_template_app_ert_rtw/simulink_app.c.obj
                0x08000b64                simulink_app_step
 .text.simulink_app_initialize
                0x08000cd8        0xc CMakeFiles/Stm32F207_NucleoRuntime.dir/SimulinkApp/codeGen/stm32f207_template_app_ert_rtw/simulink_app.c.obj
                0x08000cd8                simulink_app_initialize
 .text.SetLedState
                0x08000ce4       0x60 CMakeFiles/Stm32F207_NucleoRuntime.dir/SimulinkApp/otherFiles/led_control.c.obj
                0x08000ce4                SetLedState
 .text.main     0x08000d44       0x70 CMakeFiles/Stm32F207_NucleoRuntime.dir/Core/Src/main.c.obj
                0x08000d44                main
 .text.SystemClock_Config
                0x08000db4       0x8c CMakeFiles/Stm32F207_NucleoRuntime.dir/Core/Src/main.c.obj
                0x08000db4                SystemClock_Config
 .text.CAN1_Filter_AcceptAll
                0x08000e40       0x68 CMakeFiles/Stm32F207_NucleoRuntime.dir/Core/Src/main.c.obj
                0x08000e40                CAN1_Filter_AcceptAll
 .text.CAN2_Filter_AcceptAll
                0x08000ea8       0x58 CMakeFiles/Stm32F207_NucleoRuntime.dir/Core/Src/main.c.obj
                0x08000ea8                CAN2_Filter_AcceptAll
 .text.HAL_TIM_PeriodElapsedCallback
                0x08000f00       0x24 CMakeFiles/Stm32F207_NucleoRuntime.dir/Core/Src/main.c.obj
                0x08000f00                HAL_TIM_PeriodElapsedCallback
 .text.Error_Handler
                0x08000f24        0xa CMakeFiles/Stm32F207_NucleoRuntime.dir/Core/Src/main.c.obj
                0x08000f24                Error_Handler
 *fill*         0x08000f2e        0x2 
 .text.MX_GPIO_Init
                0x08000f30      0x15c CMakeFiles/Stm32F207_NucleoRuntime.dir/Core/Src/gpio.c.obj
                0x08000f30                MX_GPIO_Init
 .text.MX_FREERTOS_Init
                0x0800108c       0xf0 CMakeFiles/Stm32F207_NucleoRuntime.dir/Core/Src/freertos.c.obj
                0x0800108c                MX_FREERTOS_Init
 .text.StartCan2_TxTask
                0x0800117c       0x3c CMakeFiles/Stm32F207_NucleoRuntime.dir/Core/Src/freertos.c.obj
                0x0800117c                StartCan2_TxTask
 .text.StartCan1_TxTask
                0x080011b8       0x3c CMakeFiles/Stm32F207_NucleoRuntime.dir/Core/Src/freertos.c.obj
                0x080011b8                StartCan1_TxTask
 .text.StartAppTask
                0x080011f4      0x278 CMakeFiles/Stm32F207_NucleoRuntime.dir/Core/Src/freertos.c.obj
                0x080011f4                StartAppTask
 .text.StartCanXcpTask
                0x0800146c       0x10 CMakeFiles/Stm32F207_NucleoRuntime.dir/Core/Src/freertos.c.obj
                0x0800146c                StartCanXcpTask
 .text.CAN_SendMessage
                0x0800147c       0x7c CMakeFiles/Stm32F207_NucleoRuntime.dir/Core/Src/freertos.c.obj
                0x0800147c                CAN_SendMessage
 .text.ProcessCanToQueue
                0x080014f8       0x74 CMakeFiles/Stm32F207_NucleoRuntime.dir/Core/Src/freertos.c.obj
                0x080014f8                ProcessCanToQueue
 .text.HAL_CAN_RxFifo0MsgPendingCallback
                0x0800156c       0x50 CMakeFiles/Stm32F207_NucleoRuntime.dir/Core/Src/freertos.c.obj
                0x0800156c                HAL_CAN_RxFifo0MsgPendingCallback
 .text.HAL_CAN_RxFifo1MsgPendingCallback
                0x080015bc       0x50 CMakeFiles/Stm32F207_NucleoRuntime.dir/Core/Src/freertos.c.obj
                0x080015bc                HAL_CAN_RxFifo1MsgPendingCallback
 .text.HAL_CAN_ErrorCallback
                0x0800160c       0x48 CMakeFiles/Stm32F207_NucleoRuntime.dir/Core/Src/freertos.c.obj
                0x0800160c                HAL_CAN_ErrorCallback
 .text.MX_CAN1_Init
                0x08001654       0x6c CMakeFiles/Stm32F207_NucleoRuntime.dir/Core/Src/can.c.obj
                0x08001654                MX_CAN1_Init
 .text.MX_CAN2_Init
                0x080016c0       0x6c CMakeFiles/Stm32F207_NucleoRuntime.dir/Core/Src/can.c.obj
                0x080016c0                MX_CAN2_Init
 .text.HAL_CAN_MspInit
                0x0800172c      0x1c0 CMakeFiles/Stm32F207_NucleoRuntime.dir/Core/Src/can.c.obj
                0x0800172c                HAL_CAN_MspInit
 .text.MX_USART3_UART_Init
                0x080018ec       0x54 CMakeFiles/Stm32F207_NucleoRuntime.dir/Core/Src/usart.c.obj
                0x080018ec                MX_USART3_UART_Init
 .text.HAL_UART_MspInit
                0x08001940       0xa0 CMakeFiles/Stm32F207_NucleoRuntime.dir/Core/Src/usart.c.obj
                0x08001940                HAL_UART_MspInit
 .text.NMI_Handler
                0x080019e0        0x6 CMakeFiles/Stm32F207_NucleoRuntime.dir/Core/Src/stm32f2xx_it.c.obj
                0x080019e0                NMI_Handler
 .text.HardFault_Handler
                0x080019e6        0x6 CMakeFiles/Stm32F207_NucleoRuntime.dir/Core/Src/stm32f2xx_it.c.obj
                0x080019e6                HardFault_Handler
 .text.MemManage_Handler
                0x080019ec        0x6 CMakeFiles/Stm32F207_NucleoRuntime.dir/Core/Src/stm32f2xx_it.c.obj
                0x080019ec                MemManage_Handler
 .text.BusFault_Handler
                0x080019f2        0x6 CMakeFiles/Stm32F207_NucleoRuntime.dir/Core/Src/stm32f2xx_it.c.obj
                0x080019f2                BusFault_Handler
 .text.UsageFault_Handler
                0x080019f8        0x6 CMakeFiles/Stm32F207_NucleoRuntime.dir/Core/Src/stm32f2xx_it.c.obj
                0x080019f8                UsageFault_Handler
 .text.DebugMon_Handler
                0x080019fe        0xc CMakeFiles/Stm32F207_NucleoRuntime.dir/Core/Src/stm32f2xx_it.c.obj
                0x080019fe                DebugMon_Handler
 *fill*         0x08001a0a        0x2 
 .text.CAN1_TX_IRQHandler
                0x08001a0c       0x14 CMakeFiles/Stm32F207_NucleoRuntime.dir/Core/Src/stm32f2xx_it.c.obj
                0x08001a0c                CAN1_TX_IRQHandler
 .text.CAN1_RX0_IRQHandler
                0x08001a20       0x14 CMakeFiles/Stm32F207_NucleoRuntime.dir/Core/Src/stm32f2xx_it.c.obj
                0x08001a20                CAN1_RX0_IRQHandler
 .text.CAN1_RX1_IRQHandler
                0x08001a34       0x14 CMakeFiles/Stm32F207_NucleoRuntime.dir/Core/Src/stm32f2xx_it.c.obj
                0x08001a34                CAN1_RX1_IRQHandler
 .text.CAN1_SCE_IRQHandler
                0x08001a48       0x14 CMakeFiles/Stm32F207_NucleoRuntime.dir/Core/Src/stm32f2xx_it.c.obj
                0x08001a48                CAN1_SCE_IRQHandler
 .text.USART3_IRQHandler
                0x08001a5c       0x14 CMakeFiles/Stm32F207_NucleoRuntime.dir/Core/Src/stm32f2xx_it.c.obj
                0x08001a5c                USART3_IRQHandler
 .text.TIM6_DAC_IRQHandler
                0x08001a70       0x14 CMakeFiles/Stm32F207_NucleoRuntime.dir/Core/Src/stm32f2xx_it.c.obj
                0x08001a70                TIM6_DAC_IRQHandler
 .text.CAN2_TX_IRQHandler
                0x08001a84       0x14 CMakeFiles/Stm32F207_NucleoRuntime.dir/Core/Src/stm32f2xx_it.c.obj
                0x08001a84                CAN2_TX_IRQHandler
 .text.CAN2_RX0_IRQHandler
                0x08001a98       0x14 CMakeFiles/Stm32F207_NucleoRuntime.dir/Core/Src/stm32f2xx_it.c.obj
                0x08001a98                CAN2_RX0_IRQHandler
 .text.CAN2_RX1_IRQHandler
                0x08001aac       0x14 CMakeFiles/Stm32F207_NucleoRuntime.dir/Core/Src/stm32f2xx_it.c.obj
                0x08001aac                CAN2_RX1_IRQHandler
 .text.CAN2_SCE_IRQHandler
                0x08001ac0       0x14 CMakeFiles/Stm32F207_NucleoRuntime.dir/Core/Src/stm32f2xx_it.c.obj
                0x08001ac0                CAN2_SCE_IRQHandler
 .text.HAL_MspInit
                0x08001ad4       0x58 CMakeFiles/Stm32F207_NucleoRuntime.dir/Core/Src/stm32f2xx_hal_msp.c.obj
                0x08001ad4                HAL_MspInit
 .text.HAL_InitTick
                0x08001b2c       0xf8 CMakeFiles/Stm32F207_NucleoRuntime.dir/Core/Src/stm32f2xx_hal_timebase_tim.c.obj
                0x08001b2c                HAL_InitTick
 .text.HAL_TIM_Base_Init
                0x08001c24       0x9e CMakeFiles/Stm32F207_NucleoRuntime.dir/Drivers/STM32F2xx_HAL_Driver/Src/stm32f2xx_hal_tim.c.obj
                0x08001c24                HAL_TIM_Base_Init
 .text.HAL_TIM_Base_MspInit
                0x08001cc2       0x12 CMakeFiles/Stm32F207_NucleoRuntime.dir/Drivers/STM32F2xx_HAL_Driver/Src/stm32f2xx_hal_tim.c.obj
                0x08001cc2                HAL_TIM_Base_MspInit
 .text.HAL_TIM_Base_Start_IT
                0x08001cd4       0xdc CMakeFiles/Stm32F207_NucleoRuntime.dir/Drivers/STM32F2xx_HAL_Driver/Src/stm32f2xx_hal_tim.c.obj
                0x08001cd4                HAL_TIM_Base_Start_IT
 .text.HAL_TIM_IRQHandler
                0x08001db0      0x1e0 CMakeFiles/Stm32F207_NucleoRuntime.dir/Drivers/STM32F2xx_HAL_Driver/Src/stm32f2xx_hal_tim.c.obj
                0x08001db0                HAL_TIM_IRQHandler
 .text.HAL_TIM_OC_DelayElapsedCallback
                0x08001f90       0x12 CMakeFiles/Stm32F207_NucleoRuntime.dir/Drivers/STM32F2xx_HAL_Driver/Src/stm32f2xx_hal_tim.c.obj
                0x08001f90                HAL_TIM_OC_DelayElapsedCallback
 .text.HAL_TIM_IC_CaptureCallback
                0x08001fa2       0x12 CMakeFiles/Stm32F207_NucleoRuntime.dir/Drivers/STM32F2xx_HAL_Driver/Src/stm32f2xx_hal_tim.c.obj
                0x08001fa2                HAL_TIM_IC_CaptureCallback
 .text.HAL_TIM_PWM_PulseFinishedCallback
                0x08001fb4       0x12 CMakeFiles/Stm32F207_NucleoRuntime.dir/Drivers/STM32F2xx_HAL_Driver/Src/stm32f2xx_hal_tim.c.obj
                0x08001fb4                HAL_TIM_PWM_PulseFinishedCallback
 .text.HAL_TIM_TriggerCallback
                0x08001fc6       0x12 CMakeFiles/Stm32F207_NucleoRuntime.dir/Drivers/STM32F2xx_HAL_Driver/Src/stm32f2xx_hal_tim.c.obj
                0x08001fc6                HAL_TIM_TriggerCallback
 .text.TIM_Base_SetConfig
                0x08001fd8      0x154 CMakeFiles/Stm32F207_NucleoRuntime.dir/Drivers/STM32F2xx_HAL_Driver/Src/stm32f2xx_hal_tim.c.obj
                0x08001fd8                TIM_Base_SetConfig
 .text.HAL_TIMEx_CommutCallback
                0x0800212c       0x12 CMakeFiles/Stm32F207_NucleoRuntime.dir/Drivers/STM32F2xx_HAL_Driver/Src/stm32f2xx_hal_tim_ex.c.obj
                0x0800212c                HAL_TIMEx_CommutCallback
 .text.HAL_TIMEx_BreakCallback
                0x0800213e       0x12 CMakeFiles/Stm32F207_NucleoRuntime.dir/Drivers/STM32F2xx_HAL_Driver/Src/stm32f2xx_hal_tim_ex.c.obj
                0x0800213e                HAL_TIMEx_BreakCallback
 .text.HAL_CAN_Init
                0x08002150      0x1f6 CMakeFiles/Stm32F207_NucleoRuntime.dir/Drivers/STM32F2xx_HAL_Driver/Src/stm32f2xx_hal_can.c.obj
                0x08002150                HAL_CAN_Init
 *fill*         0x08002346        0x2 
 .text.HAL_CAN_ConfigFilter
                0x08002348      0x1c0 CMakeFiles/Stm32F207_NucleoRuntime.dir/Drivers/STM32F2xx_HAL_Driver/Src/stm32f2xx_hal_can.c.obj
                0x08002348                HAL_CAN_ConfigFilter
 .text.HAL_CAN_Start
                0x08002508       0x88 CMakeFiles/Stm32F207_NucleoRuntime.dir/Drivers/STM32F2xx_HAL_Driver/Src/stm32f2xx_hal_can.c.obj
                0x08002508                HAL_CAN_Start
 .text.HAL_CAN_AddTxMessage
                0x08002590      0x19e CMakeFiles/Stm32F207_NucleoRuntime.dir/Drivers/STM32F2xx_HAL_Driver/Src/stm32f2xx_hal_can.c.obj
                0x08002590                HAL_CAN_AddTxMessage
 .text.HAL_CAN_GetTxMailboxesFreeLevel
                0x0800272e       0x68 CMakeFiles/Stm32F207_NucleoRuntime.dir/Drivers/STM32F2xx_HAL_Driver/Src/stm32f2xx_hal_can.c.obj
                0x0800272e                HAL_CAN_GetTxMailboxesFreeLevel
 .text.HAL_CAN_GetRxMessage
                0x08002796      0x242 CMakeFiles/Stm32F207_NucleoRuntime.dir/Drivers/STM32F2xx_HAL_Driver/Src/stm32f2xx_hal_can.c.obj
                0x08002796                HAL_CAN_GetRxMessage
 .text.HAL_CAN_ActivateNotification
                0x080029d8       0x4a CMakeFiles/Stm32F207_NucleoRuntime.dir/Drivers/STM32F2xx_HAL_Driver/Src/stm32f2xx_hal_can.c.obj
                0x080029d8                HAL_CAN_ActivateNotification
 .text.HAL_CAN_IRQHandler
                0x08002a22      0x36e CMakeFiles/Stm32F207_NucleoRuntime.dir/Drivers/STM32F2xx_HAL_Driver/Src/stm32f2xx_hal_can.c.obj
                0x08002a22                HAL_CAN_IRQHandler
 .text.HAL_CAN_TxMailbox0CompleteCallback
                0x08002d90       0x12 CMakeFiles/Stm32F207_NucleoRuntime.dir/Drivers/STM32F2xx_HAL_Driver/Src/stm32f2xx_hal_can.c.obj
                0x08002d90                HAL_CAN_TxMailbox0CompleteCallback
 .text.HAL_CAN_TxMailbox1CompleteCallback
                0x08002da2       0x12 CMakeFiles/Stm32F207_NucleoRuntime.dir/Drivers/STM32F2xx_HAL_Driver/Src/stm32f2xx_hal_can.c.obj
                0x08002da2                HAL_CAN_TxMailbox1CompleteCallback
 .text.HAL_CAN_TxMailbox2CompleteCallback
                0x08002db4       0x12 CMakeFiles/Stm32F207_NucleoRuntime.dir/Drivers/STM32F2xx_HAL_Driver/Src/stm32f2xx_hal_can.c.obj
                0x08002db4                HAL_CAN_TxMailbox2CompleteCallback
 .text.HAL_CAN_TxMailbox0AbortCallback
                0x08002dc6       0x12 CMakeFiles/Stm32F207_NucleoRuntime.dir/Drivers/STM32F2xx_HAL_Driver/Src/stm32f2xx_hal_can.c.obj
                0x08002dc6                HAL_CAN_TxMailbox0AbortCallback
 .text.HAL_CAN_TxMailbox1AbortCallback
                0x08002dd8       0x12 CMakeFiles/Stm32F207_NucleoRuntime.dir/Drivers/STM32F2xx_HAL_Driver/Src/stm32f2xx_hal_can.c.obj
                0x08002dd8                HAL_CAN_TxMailbox1AbortCallback
 .text.HAL_CAN_TxMailbox2AbortCallback
                0x08002dea       0x12 CMakeFiles/Stm32F207_NucleoRuntime.dir/Drivers/STM32F2xx_HAL_Driver/Src/stm32f2xx_hal_can.c.obj
                0x08002dea                HAL_CAN_TxMailbox2AbortCallback
 .text.HAL_CAN_RxFifo0FullCallback
                0x08002dfc       0x12 CMakeFiles/Stm32F207_NucleoRuntime.dir/Drivers/STM32F2xx_HAL_Driver/Src/stm32f2xx_hal_can.c.obj
                0x08002dfc                HAL_CAN_RxFifo0FullCallback
 .text.HAL_CAN_RxFifo1FullCallback
                0x08002e0e       0x12 CMakeFiles/Stm32F207_NucleoRuntime.dir/Drivers/STM32F2xx_HAL_Driver/Src/stm32f2xx_hal_can.c.obj
                0x08002e0e                HAL_CAN_RxFifo1FullCallback
 .text.HAL_CAN_SleepCallback
                0x08002e20       0x12 CMakeFiles/Stm32F207_NucleoRuntime.dir/Drivers/STM32F2xx_HAL_Driver/Src/stm32f2xx_hal_can.c.obj
                0x08002e20                HAL_CAN_SleepCallback
 .text.HAL_CAN_WakeUpFromRxMsgCallback
                0x08002e32       0x12 CMakeFiles/Stm32F207_NucleoRuntime.dir/Drivers/STM32F2xx_HAL_Driver/Src/stm32f2xx_hal_can.c.obj
                0x08002e32                HAL_CAN_WakeUpFromRxMsgCallback
 .text.HAL_Init
                0x08002e44       0x44 CMakeFiles/Stm32F207_NucleoRuntime.dir/Drivers/STM32F2xx_HAL_Driver/Src/stm32f2xx_hal.c.obj
                0x08002e44                HAL_Init
 .text.HAL_IncTick
                0x08002e88       0x24 CMakeFiles/Stm32F207_NucleoRuntime.dir/Drivers/STM32F2xx_HAL_Driver/Src/stm32f2xx_hal.c.obj
                0x08002e88                HAL_IncTick
 .text.HAL_GetTick
                0x08002eac       0x14 CMakeFiles/Stm32F207_NucleoRuntime.dir/Drivers/STM32F2xx_HAL_Driver/Src/stm32f2xx_hal.c.obj
                0x08002eac                HAL_GetTick
 .text.HAL_RCC_OscConfig
                0x08002ec0      0x4a8 CMakeFiles/Stm32F207_NucleoRuntime.dir/Drivers/STM32F2xx_HAL_Driver/Src/stm32f2xx_hal_rcc.c.obj
                0x08002ec0                HAL_RCC_OscConfig
 .text.HAL_RCC_ClockConfig
                0x08003368      0x1d8 CMakeFiles/Stm32F207_NucleoRuntime.dir/Drivers/STM32F2xx_HAL_Driver/Src/stm32f2xx_hal_rcc.c.obj
                0x08003368                HAL_RCC_ClockConfig
 .text.HAL_RCC_GetSysClockFreq
                0x08003540      0x218 CMakeFiles/Stm32F207_NucleoRuntime.dir/Drivers/STM32F2xx_HAL_Driver/Src/stm32f2xx_hal_rcc.c.obj
                0x08003540                HAL_RCC_GetSysClockFreq
 .text.HAL_RCC_GetHCLKFreq
                0x08003758       0x14 CMakeFiles/Stm32F207_NucleoRuntime.dir/Drivers/STM32F2xx_HAL_Driver/Src/stm32f2xx_hal_rcc.c.obj
                0x08003758                HAL_RCC_GetHCLKFreq
 .text.HAL_RCC_GetPCLK1Freq
                0x0800376c       0x44 CMakeFiles/Stm32F207_NucleoRuntime.dir/Drivers/STM32F2xx_HAL_Driver/Src/stm32f2xx_hal_rcc.c.obj
                0x0800376c                HAL_RCC_GetPCLK1Freq
 .text.HAL_RCC_GetPCLK2Freq
                0x080037b0       0x44 CMakeFiles/Stm32F207_NucleoRuntime.dir/Drivers/STM32F2xx_HAL_Driver/Src/stm32f2xx_hal_rcc.c.obj
                0x080037b0                HAL_RCC_GetPCLK2Freq
 .text.HAL_RCC_GetClockConfig
                0x080037f4       0x60 CMakeFiles/Stm32F207_NucleoRuntime.dir/Drivers/STM32F2xx_HAL_Driver/Src/stm32f2xx_hal_rcc.c.obj
                0x080037f4                HAL_RCC_GetClockConfig
 .text.__NVIC_SetPriorityGrouping
                0x08003854       0x48 CMakeFiles/Stm32F207_NucleoRuntime.dir/Drivers/STM32F2xx_HAL_Driver/Src/stm32f2xx_hal_cortex.c.obj
 .text.__NVIC_GetPriorityGrouping
                0x0800389c       0x1c CMakeFiles/Stm32F207_NucleoRuntime.dir/Drivers/STM32F2xx_HAL_Driver/Src/stm32f2xx_hal_cortex.c.obj
 .text.__NVIC_EnableIRQ
                0x080038b8       0x38 CMakeFiles/Stm32F207_NucleoRuntime.dir/Drivers/STM32F2xx_HAL_Driver/Src/stm32f2xx_hal_cortex.c.obj
 .text.__NVIC_SetPriority
                0x080038f0       0x54 CMakeFiles/Stm32F207_NucleoRuntime.dir/Drivers/STM32F2xx_HAL_Driver/Src/stm32f2xx_hal_cortex.c.obj
 .text.NVIC_EncodePriority
                0x08003944       0x64 CMakeFiles/Stm32F207_NucleoRuntime.dir/Drivers/STM32F2xx_HAL_Driver/Src/stm32f2xx_hal_cortex.c.obj
 .text.HAL_NVIC_SetPriorityGrouping
                0x080039a8       0x16 CMakeFiles/Stm32F207_NucleoRuntime.dir/Drivers/STM32F2xx_HAL_Driver/Src/stm32f2xx_hal_cortex.c.obj
                0x080039a8                HAL_NVIC_SetPriorityGrouping
 .text.HAL_NVIC_SetPriority
                0x080039be       0x38 CMakeFiles/Stm32F207_NucleoRuntime.dir/Drivers/STM32F2xx_HAL_Driver/Src/stm32f2xx_hal_cortex.c.obj
                0x080039be                HAL_NVIC_SetPriority
 .text.HAL_NVIC_EnableIRQ
                0x080039f6       0x1c CMakeFiles/Stm32F207_NucleoRuntime.dir/Drivers/STM32F2xx_HAL_Driver/Src/stm32f2xx_hal_cortex.c.obj
                0x080039f6                HAL_NVIC_EnableIRQ
 *fill*         0x08003a12        0x2 
 .text.HAL_GPIO_Init
                0x08003a14      0x33c CMakeFiles/Stm32F207_NucleoRuntime.dir/Drivers/STM32F2xx_HAL_Driver/Src/stm32f2xx_hal_gpio.c.obj
                0x08003a14                HAL_GPIO_Init
 .text.HAL_GPIO_WritePin
                0x08003d50       0x30 CMakeFiles/Stm32F207_NucleoRuntime.dir/Drivers/STM32F2xx_HAL_Driver/Src/stm32f2xx_hal_gpio.c.obj
                0x08003d50                HAL_GPIO_WritePin
 .text.HAL_DMA_Abort
                0x08003d80       0xe0 CMakeFiles/Stm32F207_NucleoRuntime.dir/Drivers/STM32F2xx_HAL_Driver/Src/stm32f2xx_hal_dma.c.obj
                0x08003d80                HAL_DMA_Abort
 .text.HAL_DMA_Abort_IT
                0x08003e60       0x42 CMakeFiles/Stm32F207_NucleoRuntime.dir/Drivers/STM32F2xx_HAL_Driver/Src/stm32f2xx_hal_dma.c.obj
                0x08003e60                HAL_DMA_Abort_IT
 .text.HAL_UART_Init
                0x08003ea2       0xa0 CMakeFiles/Stm32F207_NucleoRuntime.dir/Drivers/STM32F2xx_HAL_Driver/Src/stm32f2xx_hal_uart.c.obj
                0x08003ea2                HAL_UART_Init
 *fill*         0x08003f42        0x2 
 .text.HAL_UART_IRQHandler
                0x08003f44      0x524 CMakeFiles/Stm32F207_NucleoRuntime.dir/Drivers/STM32F2xx_HAL_Driver/Src/stm32f2xx_hal_uart.c.obj
                0x08003f44                HAL_UART_IRQHandler
 .text.HAL_UART_TxCpltCallback
                0x08004468       0x12 CMakeFiles/Stm32F207_NucleoRuntime.dir/Drivers/STM32F2xx_HAL_Driver/Src/stm32f2xx_hal_uart.c.obj
                0x08004468                HAL_UART_TxCpltCallback
 .text.HAL_UART_RxCpltCallback
                0x0800447a       0x12 CMakeFiles/Stm32F207_NucleoRuntime.dir/Drivers/STM32F2xx_HAL_Driver/Src/stm32f2xx_hal_uart.c.obj
                0x0800447a                HAL_UART_RxCpltCallback
 .text.HAL_UART_ErrorCallback
                0x0800448c       0x12 CMakeFiles/Stm32F207_NucleoRuntime.dir/Drivers/STM32F2xx_HAL_Driver/Src/stm32f2xx_hal_uart.c.obj
                0x0800448c                HAL_UART_ErrorCallback
 .text.HAL_UARTEx_RxEventCallback
                0x0800449e       0x16 CMakeFiles/Stm32F207_NucleoRuntime.dir/Drivers/STM32F2xx_HAL_Driver/Src/stm32f2xx_hal_uart.c.obj
                0x0800449e                HAL_UARTEx_RxEventCallback
 .text.UART_EndRxTransfer
                0x080044b4       0xc4 CMakeFiles/Stm32F207_NucleoRuntime.dir/Drivers/STM32F2xx_HAL_Driver/Src/stm32f2xx_hal_uart.c.obj
 .text.UART_DMAAbortOnError
                0x08004578       0x28 CMakeFiles/Stm32F207_NucleoRuntime.dir/Drivers/STM32F2xx_HAL_Driver/Src/stm32f2xx_hal_uart.c.obj
 .text.UART_Transmit_IT
                0x080045a0       0x9e CMakeFiles/Stm32F207_NucleoRuntime.dir/Drivers/STM32F2xx_HAL_Driver/Src/stm32f2xx_hal_uart.c.obj
 .text.UART_EndTransmit_IT
                0x0800463e       0x30 CMakeFiles/Stm32F207_NucleoRuntime.dir/Drivers/STM32F2xx_HAL_Driver/Src/stm32f2xx_hal_uart.c.obj
 .text.UART_Receive_IT
                0x0800466e      0x17c CMakeFiles/Stm32F207_NucleoRuntime.dir/Drivers/STM32F2xx_HAL_Driver/Src/stm32f2xx_hal_uart.c.obj
 *fill*         0x080047ea        0x2 
 .text.UART_SetConfig
                0x080047ec      0x1d4 CMakeFiles/Stm32F207_NucleoRuntime.dir/Drivers/STM32F2xx_HAL_Driver/Src/stm32f2xx_hal_uart.c.obj
 .text.SystemInit
                0x080049c0        0xc CMakeFiles/Stm32F207_NucleoRuntime.dir/Core/Src/system_stm32f2xx.c.obj
                0x080049c0                SystemInit
 .text.vListInitialise
                0x080049cc       0x3e CMakeFiles/Stm32F207_NucleoRuntime.dir/Middlewares/Third_Party/FreeRTOS/Source/list.c.obj
                0x080049cc                vListInitialise
 .text.vListInitialiseItem
                0x08004a0a       0x18 CMakeFiles/Stm32F207_NucleoRuntime.dir/Middlewares/Third_Party/FreeRTOS/Source/list.c.obj
                0x08004a0a                vListInitialiseItem
 .text.vListInsertEnd
                0x08004a22       0x46 CMakeFiles/Stm32F207_NucleoRuntime.dir/Middlewares/Third_Party/FreeRTOS/Source/list.c.obj
                0x08004a22                vListInsertEnd
 .text.vListInsert
                0x08004a68       0x70 CMakeFiles/Stm32F207_NucleoRuntime.dir/Middlewares/Third_Party/FreeRTOS/Source/list.c.obj
                0x08004a68                vListInsert
 .text.uxListRemove
                0x08004ad8       0x52 CMakeFiles/Stm32F207_NucleoRuntime.dir/Middlewares/Third_Party/FreeRTOS/Source/list.c.obj
                0x08004ad8                uxListRemove
 *fill*         0x08004b2a        0x2 
 .text.xQueueGenericReset
                0x08004b2c       0xd0 CMakeFiles/Stm32F207_NucleoRuntime.dir/Middlewares/Third_Party/FreeRTOS/Source/queue.c.obj
                0x08004b2c                xQueueGenericReset
 .text.xQueueGenericCreateStatic
                0x08004bfc       0xf0 CMakeFiles/Stm32F207_NucleoRuntime.dir/Middlewares/Third_Party/FreeRTOS/Source/queue.c.obj
                0x08004bfc                xQueueGenericCreateStatic
 .text.xQueueGenericCreate
                0x08004cec       0x74 CMakeFiles/Stm32F207_NucleoRuntime.dir/Middlewares/Third_Party/FreeRTOS/Source/queue.c.obj
                0x08004cec                xQueueGenericCreate
 .text.prvInitialiseNewQueue
                0x08004d60       0x46 CMakeFiles/Stm32F207_NucleoRuntime.dir/Middlewares/Third_Party/FreeRTOS/Source/queue.c.obj
 *fill*         0x08004da6        0x2 
 .text.xQueueGenericSend
                0x08004da8      0x1fc CMakeFiles/Stm32F207_NucleoRuntime.dir/Middlewares/Third_Party/FreeRTOS/Source/queue.c.obj
                0x08004da8                xQueueGenericSend
 .text.xQueueGenericSendFromISR
                0x08004fa4      0x136 CMakeFiles/Stm32F207_NucleoRuntime.dir/Middlewares/Third_Party/FreeRTOS/Source/queue.c.obj
                0x08004fa4                xQueueGenericSendFromISR
 *fill*         0x080050da        0x2 
 .text.xQueueReceive
                0x080050dc      0x1c0 CMakeFiles/Stm32F207_NucleoRuntime.dir/Middlewares/Third_Party/FreeRTOS/Source/queue.c.obj
                0x080050dc                xQueueReceive
 .text.xQueueReceiveFromISR
                0x0800529c      0x100 CMakeFiles/Stm32F207_NucleoRuntime.dir/Middlewares/Third_Party/FreeRTOS/Source/queue.c.obj
                0x0800529c                xQueueReceiveFromISR
 .text.prvCopyDataToQueue
                0x0800539c       0xd4 CMakeFiles/Stm32F207_NucleoRuntime.dir/Middlewares/Third_Party/FreeRTOS/Source/queue.c.obj
 .text.prvCopyDataFromQueue
                0x08005470       0x4c CMakeFiles/Stm32F207_NucleoRuntime.dir/Middlewares/Third_Party/FreeRTOS/Source/queue.c.obj
 .text.prvUnlockQueue
                0x080054bc       0xa4 CMakeFiles/Stm32F207_NucleoRuntime.dir/Middlewares/Third_Party/FreeRTOS/Source/queue.c.obj
 .text.prvIsQueueEmpty
                0x08005560       0x2c CMakeFiles/Stm32F207_NucleoRuntime.dir/Middlewares/Third_Party/FreeRTOS/Source/queue.c.obj
 .text.prvIsQueueFull
                0x0800558c       0x30 CMakeFiles/Stm32F207_NucleoRuntime.dir/Middlewares/Third_Party/FreeRTOS/Source/queue.c.obj
 .text.vQueueAddToRegistry
                0x080055bc       0x50 CMakeFiles/Stm32F207_NucleoRuntime.dir/Middlewares/Third_Party/FreeRTOS/Source/queue.c.obj
                0x080055bc                vQueueAddToRegistry
 .text.vQueueWaitForMessageRestricted
                0x0800560c       0x68 CMakeFiles/Stm32F207_NucleoRuntime.dir/Middlewares/Third_Party/FreeRTOS/Source/queue.c.obj
                0x0800560c                vQueueWaitForMessageRestricted
 .text.xTaskCreateStatic
                0x08005674       0xbe CMakeFiles/Stm32F207_NucleoRuntime.dir/Middlewares/Third_Party/FreeRTOS/Source/tasks.c.obj
                0x08005674                xTaskCreateStatic
 .text.xTaskCreate
                0x08005732       0x8c CMakeFiles/Stm32F207_NucleoRuntime.dir/Middlewares/Third_Party/FreeRTOS/Source/tasks.c.obj
                0x08005732                xTaskCreate
 .text.prvInitialiseNewTask
                0x080057be      0x19e CMakeFiles/Stm32F207_NucleoRuntime.dir/Middlewares/Third_Party/FreeRTOS/Source/tasks.c.obj
 .text.prvAddNewTaskToReadyList
                0x0800595c       0xe0 CMakeFiles/Stm32F207_NucleoRuntime.dir/Middlewares/Third_Party/FreeRTOS/Source/tasks.c.obj
 .text.vTaskDelayUntil
                0x08005a3c       0xfc CMakeFiles/Stm32F207_NucleoRuntime.dir/Middlewares/Third_Party/FreeRTOS/Source/tasks.c.obj
                0x08005a3c                vTaskDelayUntil
 .text.vTaskDelay
                0x08005b38       0x68 CMakeFiles/Stm32F207_NucleoRuntime.dir/Middlewares/Third_Party/FreeRTOS/Source/tasks.c.obj
                0x08005b38                vTaskDelay
 .text.vTaskStartScheduler
                0x08005ba0       0xe0 CMakeFiles/Stm32F207_NucleoRuntime.dir/Middlewares/Third_Party/FreeRTOS/Source/tasks.c.obj
                0x08005ba0                vTaskStartScheduler
 .text.vTaskSuspendAll
                0x08005c80       0x1c CMakeFiles/Stm32F207_NucleoRuntime.dir/Middlewares/Third_Party/FreeRTOS/Source/tasks.c.obj
                0x08005c80                vTaskSuspendAll
 .text.xTaskResumeAll
                0x08005c9c      0x13c CMakeFiles/Stm32F207_NucleoRuntime.dir/Middlewares/Third_Party/FreeRTOS/Source/tasks.c.obj
                0x08005c9c                xTaskResumeAll
 .text.xTaskGetTickCount
                0x08005dd8       0x1c CMakeFiles/Stm32F207_NucleoRuntime.dir/Middlewares/Third_Party/FreeRTOS/Source/tasks.c.obj
                0x08005dd8                xTaskGetTickCount
 .text.xTaskGetTickCountFromISR
                0x08005df4       0x24 CMakeFiles/Stm32F207_NucleoRuntime.dir/Middlewares/Third_Party/FreeRTOS/Source/tasks.c.obj
                0x08005df4                xTaskGetTickCountFromISR
 .text.xTaskIncrementTick
                0x08005e18      0x174 CMakeFiles/Stm32F207_NucleoRuntime.dir/Middlewares/Third_Party/FreeRTOS/Source/tasks.c.obj
                0x08005e18                xTaskIncrementTick
 .text.vTaskSwitchContext
                0x08005f8c       0xc8 CMakeFiles/Stm32F207_NucleoRuntime.dir/Middlewares/Third_Party/FreeRTOS/Source/tasks.c.obj
                0x08005f8c                vTaskSwitchContext
 .text.vTaskPlaceOnEventList
                0x08006054       0x48 CMakeFiles/Stm32F207_NucleoRuntime.dir/Middlewares/Third_Party/FreeRTOS/Source/tasks.c.obj
                0x08006054                vTaskPlaceOnEventList
 .text.vTaskPlaceOnEventListRestricted
                0x0800609c       0x58 CMakeFiles/Stm32F207_NucleoRuntime.dir/Middlewares/Third_Party/FreeRTOS/Source/tasks.c.obj
                0x0800609c                vTaskPlaceOnEventListRestricted
 .text.xTaskRemoveFromEventList
                0x080060f4       0xc8 CMakeFiles/Stm32F207_NucleoRuntime.dir/Middlewares/Third_Party/FreeRTOS/Source/tasks.c.obj
                0x080060f4                xTaskRemoveFromEventList
 .text.vTaskInternalSetTimeOutState
                0x080061bc       0x2c CMakeFiles/Stm32F207_NucleoRuntime.dir/Middlewares/Third_Party/FreeRTOS/Source/tasks.c.obj
                0x080061bc                vTaskInternalSetTimeOutState
 .text.xTaskCheckForTimeOut
                0x080061e8       0xc4 CMakeFiles/Stm32F207_NucleoRuntime.dir/Middlewares/Third_Party/FreeRTOS/Source/tasks.c.obj
                0x080061e8                xTaskCheckForTimeOut
 .text.vTaskMissedYield
                0x080062ac       0x18 CMakeFiles/Stm32F207_NucleoRuntime.dir/Middlewares/Third_Party/FreeRTOS/Source/tasks.c.obj
                0x080062ac                vTaskMissedYield
 .text.prvIdleTask
                0x080062c4       0x30 CMakeFiles/Stm32F207_NucleoRuntime.dir/Middlewares/Third_Party/FreeRTOS/Source/tasks.c.obj
 .text.prvInitialiseTaskLists
                0x080062f4       0x80 CMakeFiles/Stm32F207_NucleoRuntime.dir/Middlewares/Third_Party/FreeRTOS/Source/tasks.c.obj
 .text.prvCheckTasksWaitingTermination
                0x08006374       0x5c CMakeFiles/Stm32F207_NucleoRuntime.dir/Middlewares/Third_Party/FreeRTOS/Source/tasks.c.obj
 .text.prvDeleteTCB
                0x080063d0       0x68 CMakeFiles/Stm32F207_NucleoRuntime.dir/Middlewares/Third_Party/FreeRTOS/Source/tasks.c.obj
 .text.prvResetNextTaskUnblockTime
                0x08006438       0x40 CMakeFiles/Stm32F207_NucleoRuntime.dir/Middlewares/Third_Party/FreeRTOS/Source/tasks.c.obj
 .text.xTaskGetSchedulerState
                0x08006478       0x3c CMakeFiles/Stm32F207_NucleoRuntime.dir/Middlewares/Third_Party/FreeRTOS/Source/tasks.c.obj
                0x08006478                xTaskGetSchedulerState
 .text.xTaskPriorityDisinherit
                0x080064b4       0xdc CMakeFiles/Stm32F207_NucleoRuntime.dir/Middlewares/Third_Party/FreeRTOS/Source/tasks.c.obj
                0x080064b4                xTaskPriorityDisinherit
 .text.prvAddCurrentTaskToDelayedList
                0x08006590       0xa8 CMakeFiles/Stm32F207_NucleoRuntime.dir/Middlewares/Third_Party/FreeRTOS/Source/tasks.c.obj
 .text.xTimerCreateTimerTask
                0x08006638       0x90 CMakeFiles/Stm32F207_NucleoRuntime.dir/Middlewares/Third_Party/FreeRTOS/Source/timers.c.obj
                0x08006638                xTimerCreateTimerTask
 .text.xTimerGenericCommand
                0x080066c8       0x9c CMakeFiles/Stm32F207_NucleoRuntime.dir/Middlewares/Third_Party/FreeRTOS/Source/timers.c.obj
                0x080066c8                xTimerGenericCommand
 .text.prvProcessExpiredTimer
                0x08006764       0x98 CMakeFiles/Stm32F207_NucleoRuntime.dir/Middlewares/Third_Party/FreeRTOS/Source/timers.c.obj
 .text.prvTimerTask
                0x080067fc       0x24 CMakeFiles/Stm32F207_NucleoRuntime.dir/Middlewares/Third_Party/FreeRTOS/Source/timers.c.obj
 .text.prvProcessTimerOrBlockTask
                0x08006820       0x9c CMakeFiles/Stm32F207_NucleoRuntime.dir/Middlewares/Third_Party/FreeRTOS/Source/timers.c.obj
 .text.prvGetNextExpireTime
                0x080068bc       0x44 CMakeFiles/Stm32F207_NucleoRuntime.dir/Middlewares/Third_Party/FreeRTOS/Source/timers.c.obj
 .text.prvSampleTimeNow
                0x08006900       0x40 CMakeFiles/Stm32F207_NucleoRuntime.dir/Middlewares/Third_Party/FreeRTOS/Source/timers.c.obj
 .text.prvInsertTimerInActiveList
                0x08006940       0x84 CMakeFiles/Stm32F207_NucleoRuntime.dir/Middlewares/Third_Party/FreeRTOS/Source/timers.c.obj
 .text.prvProcessReceivedCommands
                0x080069c4      0x1c4 CMakeFiles/Stm32F207_NucleoRuntime.dir/Middlewares/Third_Party/FreeRTOS/Source/timers.c.obj
 .text.prvSwitchTimerLists
                0x08006b88       0xc8 CMakeFiles/Stm32F207_NucleoRuntime.dir/Middlewares/Third_Party/FreeRTOS/Source/timers.c.obj
 .text.prvCheckForValidListAndQueue
                0x08006c50       0x80 CMakeFiles/Stm32F207_NucleoRuntime.dir/Middlewares/Third_Party/FreeRTOS/Source/timers.c.obj
 .text.__NVIC_SetPriority
                0x08006cd0       0x54 CMakeFiles/Stm32F207_NucleoRuntime.dir/Middlewares/Third_Party/FreeRTOS/Source/CMSIS_RTOS_V2/cmsis_os2.c.obj
 .text.SysTick_Handler
                0x08006d24       0x20 CMakeFiles/Stm32F207_NucleoRuntime.dir/Middlewares/Third_Party/FreeRTOS/Source/CMSIS_RTOS_V2/cmsis_os2.c.obj
                0x08006d24                SysTick_Handler
 .text.SVC_Setup
                0x08006d44       0x12 CMakeFiles/Stm32F207_NucleoRuntime.dir/Middlewares/Third_Party/FreeRTOS/Source/CMSIS_RTOS_V2/cmsis_os2.c.obj
 *fill*         0x08006d56        0x2 
 .text.osKernelInitialize
                0x08006d58       0x44 CMakeFiles/Stm32F207_NucleoRuntime.dir/Middlewares/Third_Party/FreeRTOS/Source/CMSIS_RTOS_V2/cmsis_os2.c.obj
                0x08006d58                osKernelInitialize
 .text.osKernelStart
                0x08006d9c       0x4c CMakeFiles/Stm32F207_NucleoRuntime.dir/Middlewares/Third_Party/FreeRTOS/Source/CMSIS_RTOS_V2/cmsis_os2.c.obj
                0x08006d9c                osKernelStart
 .text.osKernelGetTickCount
                0x08006de8       0x2a CMakeFiles/Stm32F207_NucleoRuntime.dir/Middlewares/Third_Party/FreeRTOS/Source/CMSIS_RTOS_V2/cmsis_os2.c.obj
                0x08006de8                osKernelGetTickCount
 .text.osKernelGetTickFreq
                0x08006e12       0x10 CMakeFiles/Stm32F207_NucleoRuntime.dir/Middlewares/Third_Party/FreeRTOS/Source/CMSIS_RTOS_V2/cmsis_os2.c.obj
                0x08006e12                osKernelGetTickFreq
 .text.osThreadNew
                0x08006e22      0x126 CMakeFiles/Stm32F207_NucleoRuntime.dir/Middlewares/Third_Party/FreeRTOS/Source/CMSIS_RTOS_V2/cmsis_os2.c.obj
                0x08006e22                osThreadNew
 .text.osDelay  0x08006f48       0x36 CMakeFiles/Stm32F207_NucleoRuntime.dir/Middlewares/Third_Party/FreeRTOS/Source/CMSIS_RTOS_V2/cmsis_os2.c.obj
                0x08006f48                osDelay
 .text.osDelayUntil
                0x08006f7e       0x5a CMakeFiles/Stm32F207_NucleoRuntime.dir/Middlewares/Third_Party/FreeRTOS/Source/CMSIS_RTOS_V2/cmsis_os2.c.obj
                0x08006f7e                osDelayUntil
 .text.osMessageQueueNew
                0x08006fd8       0xe6 CMakeFiles/Stm32F207_NucleoRuntime.dir/Middlewares/Third_Party/FreeRTOS/Source/CMSIS_RTOS_V2/cmsis_os2.c.obj
                0x08006fd8                osMessageQueueNew
 *fill*         0x080070be        0x2 
 .text.osMessageQueuePut
                0x080070c0       0xc0 CMakeFiles/Stm32F207_NucleoRuntime.dir/Middlewares/Third_Party/FreeRTOS/Source/CMSIS_RTOS_V2/cmsis_os2.c.obj
                0x080070c0                osMessageQueuePut
 .text.osMessageQueueGet
                0x08007180       0xbc CMakeFiles/Stm32F207_NucleoRuntime.dir/Middlewares/Third_Party/FreeRTOS/Source/CMSIS_RTOS_V2/cmsis_os2.c.obj
                0x08007180                osMessageQueueGet
 .text.vApplicationGetIdleTaskMemory
                0x0800723c       0x30 CMakeFiles/Stm32F207_NucleoRuntime.dir/Middlewares/Third_Party/FreeRTOS/Source/CMSIS_RTOS_V2/cmsis_os2.c.obj
                0x0800723c                vApplicationGetIdleTaskMemory
 .text.vApplicationGetTimerTaskMemory
                0x0800726c       0x34 CMakeFiles/Stm32F207_NucleoRuntime.dir/Middlewares/Third_Party/FreeRTOS/Source/CMSIS_RTOS_V2/cmsis_os2.c.obj
                0x0800726c                vApplicationGetTimerTaskMemory
 .text.pvPortMalloc
                0x080072a0       0x8c CMakeFiles/Stm32F207_NucleoRuntime.dir/Middlewares/Third_Party/FreeRTOS/Source/portable/MemMang/heap_1.c.obj
                0x080072a0                pvPortMalloc
 .text.vPortFree
                0x0800732c       0x2e CMakeFiles/Stm32F207_NucleoRuntime.dir/Middlewares/Third_Party/FreeRTOS/Source/portable/MemMang/heap_1.c.obj
                0x0800732c                vPortFree
 *fill*         0x0800735a        0x2 
 .text.pxPortInitialiseStack
                0x0800735c       0x58 CMakeFiles/Stm32F207_NucleoRuntime.dir/Middlewares/Third_Party/FreeRTOS/Source/portable/GCC/ARM_CM3/port.c.obj
                0x0800735c                pxPortInitialiseStack
 .text.prvTaskExitError
                0x080073b4       0x58 CMakeFiles/Stm32F207_NucleoRuntime.dir/Middlewares/Third_Party/FreeRTOS/Source/portable/GCC/ARM_CM3/port.c.obj
 *fill*         0x0800740c        0x4 
 .text.SVC_Handler
                0x08007410       0x28 CMakeFiles/Stm32F207_NucleoRuntime.dir/Middlewares/Third_Party/FreeRTOS/Source/portable/GCC/ARM_CM3/port.c.obj
                0x08007410                SVC_Handler
 .text.prvPortStartFirstTask
                0x08007438       0x20 CMakeFiles/Stm32F207_NucleoRuntime.dir/Middlewares/Third_Party/FreeRTOS/Source/portable/GCC/ARM_CM3/port.c.obj
 .text.xPortStartScheduler
                0x08007458       0xe4 CMakeFiles/Stm32F207_NucleoRuntime.dir/Middlewares/Third_Party/FreeRTOS/Source/portable/GCC/ARM_CM3/port.c.obj
                0x08007458                xPortStartScheduler
 .text.vPortEnterCritical
                0x0800753c       0x60 CMakeFiles/Stm32F207_NucleoRuntime.dir/Middlewares/Third_Party/FreeRTOS/Source/portable/GCC/ARM_CM3/port.c.obj
                0x0800753c                vPortEnterCritical
 .text.vPortExitCritical
                0x0800759c       0x50 CMakeFiles/Stm32F207_NucleoRuntime.dir/Middlewares/Third_Party/FreeRTOS/Source/portable/GCC/ARM_CM3/port.c.obj
                0x0800759c                vPortExitCritical
 *fill*         0x080075ec        0x4 
 .text.PendSV_Handler
                0x080075f0       0x48 CMakeFiles/Stm32F207_NucleoRuntime.dir/Middlewares/Third_Party/FreeRTOS/Source/portable/GCC/ARM_CM3/port.c.obj
                0x080075f0                PendSV_Handler
 .text.xPortSysTickHandler
                0x08007638       0x44 CMakeFiles/Stm32F207_NucleoRuntime.dir/Middlewares/Third_Party/FreeRTOS/Source/portable/GCC/ARM_CM3/port.c.obj
                0x08007638                xPortSysTickHandler
 .text.vPortSetupTimerInterrupt
                0x0800767c       0x44 CMakeFiles/Stm32F207_NucleoRuntime.dir/Middlewares/Third_Party/FreeRTOS/Source/portable/GCC/ARM_CM3/port.c.obj
                0x0800767c                vPortSetupTimerInterrupt
 .text.vPortValidateInterruptPriority
                0x080076c0       0x7c CMakeFiles/Stm32F207_NucleoRuntime.dir/Middlewares/Third_Party/FreeRTOS/Source/portable/GCC/ARM_CM3/port.c.obj
                0x080076c0                vPortValidateInterruptPriority
 .text.Reset_Handler
                0x0800773c       0x50 CMakeFiles/Stm32F207_NucleoRuntime.dir/startup_stm32f207xx.s.obj
                0x0800773c                Reset_Handler
 .text.Default_Handler
                0x0800778c        0x2 CMakeFiles/Stm32F207_NucleoRuntime.dir/startup_stm32f207xx.s.obj
                0x0800778c                RTC_Alarm_IRQHandler
                0x0800778c                HASH_RNG_IRQHandler
                0x0800778c                EXTI2_IRQHandler
                0x0800778c                TIM8_CC_IRQHandler
                0x0800778c                TIM1_CC_IRQHandler
                0x0800778c                DMA2_Stream5_IRQHandler
                0x0800778c                DMA1_Stream5_IRQHandler
                0x0800778c                PVD_IRQHandler
                0x0800778c                SDIO_IRQHandler
                0x0800778c                TAMP_STAMP_IRQHandler
                0x0800778c                EXTI3_IRQHandler
                0x0800778c                TIM8_TRG_COM_TIM14_IRQHandler
                0x0800778c                TIM1_UP_TIM10_IRQHandler
                0x0800778c                TIM8_UP_TIM13_IRQHandler
                0x0800778c                I2C3_ER_IRQHandler
                0x0800778c                EXTI0_IRQHandler
                0x0800778c                I2C2_EV_IRQHandler
                0x0800778c                DMA1_Stream2_IRQHandler
                0x0800778c                OTG_HS_WKUP_IRQHandler
                0x0800778c                DMA2_Stream2_IRQHandler
                0x0800778c                SPI1_IRQHandler
                0x0800778c                TIM1_BRK_TIM9_IRQHandler
                0x0800778c                DCMI_IRQHandler
                0x0800778c                DMA2_Stream3_IRQHandler
                0x0800778c                USART6_IRQHandler
                0x0800778c                UART5_IRQHandler
                0x0800778c                DMA2_Stream0_IRQHandler
                0x0800778c                TIM4_IRQHandler
                0x0800778c                I2C1_EV_IRQHandler
                0x0800778c                DMA1_Stream6_IRQHandler
                0x0800778c                DMA1_Stream1_IRQHandler
                0x0800778c                UART4_IRQHandler
                0x0800778c                TIM3_IRQHandler
                0x0800778c                RCC_IRQHandler
                0x0800778c                TIM8_BRK_TIM12_IRQHandler
                0x0800778c                Default_Handler
                0x0800778c                EXTI15_10_IRQHandler
                0x0800778c                ADC_IRQHandler
                0x0800778c                DMA1_Stream7_IRQHandler
                0x0800778c                TIM7_IRQHandler
                0x0800778c                TIM5_IRQHandler
                0x0800778c                DMA2_Stream7_IRQHandler
                0x0800778c                I2C3_EV_IRQHandler
                0x0800778c                EXTI9_5_IRQHandler
                0x0800778c                RTC_WKUP_IRQHandler
                0x0800778c                ETH_WKUP_IRQHandler
                0x0800778c                SPI2_IRQHandler
                0x0800778c                OTG_HS_EP1_IN_IRQHandler
                0x0800778c                DMA1_Stream0_IRQHandler
                0x0800778c                EXTI4_IRQHandler
                0x0800778c                FSMC_IRQHandler
                0x0800778c                ETH_IRQHandler
                0x0800778c                OTG_HS_EP1_OUT_IRQHandler
                0x0800778c                WWDG_IRQHandler
                0x0800778c                TIM2_IRQHandler
                0x0800778c                OTG_FS_WKUP_IRQHandler
                0x0800778c                TIM1_TRG_COM_TIM11_IRQHandler
                0x0800778c                OTG_HS_IRQHandler
                0x0800778c                EXTI1_IRQHandler
                0x0800778c                USART2_IRQHandler
                0x0800778c                I2C2_ER_IRQHandler
                0x0800778c                DMA2_Stream1_IRQHandler
                0x0800778c                FLASH_IRQHandler
                0x0800778c                DMA2_Stream4_IRQHandler
                0x0800778c                USART1_IRQHandler
                0x0800778c                OTG_FS_IRQHandler
                0x0800778c                SPI3_IRQHandler
                0x0800778c                DMA1_Stream4_IRQHandler
                0x0800778c                I2C1_ER_IRQHandler
                0x0800778c                DMA2_Stream6_IRQHandler
                0x0800778c                DMA1_Stream3_IRQHandler
 *fill*         0x0800778e        0x2 
 .text.arm_sin_f32
                0x08007790       0xf8 C:\Users\Olga\Desktop\EvgeniiWork\gitRepos\builds\stm32f207_board\Stm32F207_NucleoRuntime\libs\libcmsis_dsp.a(arm_sin_f32.c.obj)
                0x08007790                arm_sin_f32
 .text.memcpy   0x08007888       0x1c c:/gnuarm/10.2021.10/bin/../lib/gcc/arm-none-eabi/10.3.1/../../../../arm-none-eabi/lib/thumb/v7-m/nofp\libg_nano.a(lib_a-memcpy-stub.o)
                0x08007888                memcpy
 .text.cleanup_glue
                0x080078a4       0x1a c:/gnuarm/10.2021.10/bin/../lib/gcc/arm-none-eabi/10.3.1/../../../../arm-none-eabi/lib/thumb/v7-m/nofp\libg_nano.a(lib_a-reent.o)
                0x080078a4                cleanup_glue
 *fill*         0x080078be        0x2 
 .text._reclaim_reent
                0x080078c0       0xb8 c:/gnuarm/10.2021.10/bin/../lib/gcc/arm-none-eabi/10.3.1/../../../../arm-none-eabi/lib/thumb/v7-m/nofp\libg_nano.a(lib_a-reent.o)
                0x080078c0                _reclaim_reent
 .text._free_r  0x08007978       0x90 c:/gnuarm/10.2021.10/bin/../lib/gcc/arm-none-eabi/10.3.1/../../../../arm-none-eabi/lib/thumb/v7-m/nofp\libg_nano.a(lib_a-nano-freer.o)
                0x08007978                _free_r
 .text.__malloc_lock
                0x08007a08        0xc c:/gnuarm/10.2021.10/bin/../lib/gcc/arm-none-eabi/10.3.1/../../../../arm-none-eabi/lib/thumb/v7-m/nofp\libg_nano.a(lib_a-mlock.o)
                0x08007a08                __malloc_lock
 .text.__malloc_unlock
                0x08007a14        0xc c:/gnuarm/10.2021.10/bin/../lib/gcc/arm-none-eabi/10.3.1/../../../../arm-none-eabi/lib/thumb/v7-m/nofp\libg_nano.a(lib_a-mlock.o)
                0x08007a14                __malloc_unlock
 .text.__retarget_lock_acquire_recursive
                0x08007a20        0x2 c:/gnuarm/10.2021.10/bin/../lib/gcc/arm-none-eabi/10.3.1/../../../../arm-none-eabi/lib/thumb/v7-m/nofp\libg_nano.a(lib_a-lock.o)
                0x08007a20                __retarget_lock_acquire_recursive
 .text.__retarget_lock_release_recursive
                0x08007a22        0x2 c:/gnuarm/10.2021.10/bin/../lib/gcc/arm-none-eabi/10.3.1/../../../../arm-none-eabi/lib/thumb/v7-m/nofp\libg_nano.a(lib_a-lock.o)
                0x08007a22                __retarget_lock_release_recursive
 *(.glue_7)
 .glue_7        0x08007a24        0x0 linker stubs
 *(.glue_7t)
 .glue_7t       0x08007a24        0x0 linker stubs
 *(.eh_frame)
 .eh_frame      0x08007a24        0x0 c:/gnuarm/10.2021.10/bin/../lib/gcc/arm-none-eabi/10.3.1/thumb/v7-m/nofp/crtbegin.o
 *(.init)
 .init          0x08007a24        0x4 c:/gnuarm/10.2021.10/bin/../lib/gcc/arm-none-eabi/10.3.1/thumb/v7-m/nofp/crti.o
                0x08007a24                _init
 .init          0x08007a28        0x8 c:/gnuarm/10.2021.10/bin/../lib/gcc/arm-none-eabi/10.3.1/thumb/v7-m/nofp/crtn.o
 *(.fini)
 .fini          0x08007a30        0x4 c:/gnuarm/10.2021.10/bin/../lib/gcc/arm-none-eabi/10.3.1/thumb/v7-m/nofp/crti.o
                0x08007a30                _fini
 .fini          0x08007a34        0x8 c:/gnuarm/10.2021.10/bin/../lib/gcc/arm-none-eabi/10.3.1/thumb/v7-m/nofp/crtn.o
                0x08007a3c                . = ALIGN (0x4)
                0x08007a3c                _etext = .

.vfp11_veneer   0x08007a3c        0x0
 .vfp11_veneer  0x08007a3c        0x0 linker stubs

.v4_bx          0x08007a3c        0x0
 .v4_bx         0x08007a3c        0x0 linker stubs

.iplt           0x08007a3c        0x0
 .iplt          0x08007a3c        0x0 c:/gnuarm/10.2021.10/bin/../lib/gcc/arm-none-eabi/10.3.1/thumb/v7-m/nofp/crtbegin.o

.rodata         0x08007a3c      0x9b8
                0x08007a3c                . = ALIGN (0x4)
 *(.rodata)
 .rodata        0x08007a3c       0x7a CMakeFiles/Stm32F207_NucleoRuntime.dir/Core/Src/freertos.c.obj
 *fill*         0x08007ab6        0x2 
 .rodata        0x08007ab8        0x5 CMakeFiles/Stm32F207_NucleoRuntime.dir/Middlewares/Third_Party/FreeRTOS/Source/tasks.c.obj
 *fill*         0x08007abd        0x3 
 .rodata        0x08007ac0        0xd CMakeFiles/Stm32F207_NucleoRuntime.dir/Middlewares/Third_Party/FreeRTOS/Source/timers.c.obj
 *(.rodata*)
 *fill*         0x08007acd        0x3 
 .rodata.can2_TxTask_attributes
                0x08007ad0       0x24 CMakeFiles/Stm32F207_NucleoRuntime.dir/Core/Src/freertos.c.obj
                0x08007ad0                can2_TxTask_attributes
 .rodata.can1_TxTask_attributes
                0x08007af4       0x24 CMakeFiles/Stm32F207_NucleoRuntime.dir/Core/Src/freertos.c.obj
                0x08007af4                can1_TxTask_attributes
 .rodata.appTask_attributes
                0x08007b18       0x24 CMakeFiles/Stm32F207_NucleoRuntime.dir/Core/Src/freertos.c.obj
                0x08007b18                appTask_attributes
 .rodata.canXcpTask_attributes
                0x08007b3c       0x24 CMakeFiles/Stm32F207_NucleoRuntime.dir/Core/Src/freertos.c.obj
                0x08007b3c                canXcpTask_attributes
 .rodata.appCan1RxQueue_attributes
                0x08007b60       0x18 CMakeFiles/Stm32F207_NucleoRuntime.dir/Core/Src/freertos.c.obj
                0x08007b60                appCan1RxQueue_attributes
 .rodata.appCan2RxQueue_attributes
                0x08007b78       0x18 CMakeFiles/Stm32F207_NucleoRuntime.dir/Core/Src/freertos.c.obj
                0x08007b78                appCan2RxQueue_attributes
 .rodata.appCan1TxQueue_attributes
                0x08007b90       0x18 CMakeFiles/Stm32F207_NucleoRuntime.dir/Core/Src/freertos.c.obj
                0x08007b90                appCan1TxQueue_attributes
 .rodata.appCan2TxQueue_attributes
                0x08007ba8       0x18 CMakeFiles/Stm32F207_NucleoRuntime.dir/Core/Src/freertos.c.obj
                0x08007ba8                appCan2TxQueue_attributes
 .rodata.xcpCanRxQueue_attributes
                0x08007bc0       0x18 CMakeFiles/Stm32F207_NucleoRuntime.dir/Core/Src/freertos.c.obj
                0x08007bc0                xcpCanRxQueue_attributes
 .rodata.AHBPrescTable
                0x08007bd8       0x10 CMakeFiles/Stm32F207_NucleoRuntime.dir/Core/Src/system_stm32f2xx.c.obj
                0x08007bd8                AHBPrescTable
 .rodata.APBPrescTable
                0x08007be8        0x8 CMakeFiles/Stm32F207_NucleoRuntime.dir/Core/Src/system_stm32f2xx.c.obj
                0x08007be8                APBPrescTable
 .rodata.sinTable_f32
                0x08007bf0      0x804 C:\Users\Olga\Desktop\EvgeniiWork\gitRepos\builds\stm32f207_board\Stm32F207_NucleoRuntime\libs\libcmsis_dsp.a(arm_common_tables.c.obj)
                0x08007bf0                sinTable_f32
                0x080083f4                . = ALIGN (0x4)

.ARM.extab
 *(.ARM.extab* .gnu.linkonce.armextab.*)

.ARM            0x080083f4        0x8
                0x080083f4                __exidx_start = .
 *(.ARM.exidx*)
 .ARM.exidx     0x080083f4        0x8 c:/gnuarm/10.2021.10/bin/../lib/gcc/arm-none-eabi/10.3.1/thumb/v7-m/nofp\libgcc.a(_udivmoddi4.o)
                0x080083fc                __exidx_end = .

.rel.dyn        0x080083fc        0x0
 .rel.iplt      0x080083fc        0x0 c:/gnuarm/10.2021.10/bin/../lib/gcc/arm-none-eabi/10.3.1/thumb/v7-m/nofp/crtbegin.o

.preinit_array  0x080083fc        0x0
                0x080083fc                PROVIDE (__preinit_array_start = .)
 *(.preinit_array*)
                0x080083fc                PROVIDE (__preinit_array_end = .)

.init_array     0x080083fc        0x4
                0x080083fc                PROVIDE (__init_array_start = .)
 *(SORT_BY_NAME(.init_array.*))
 *(.init_array*)
 .init_array    0x080083fc        0x4 c:/gnuarm/10.2021.10/bin/../lib/gcc/arm-none-eabi/10.3.1/thumb/v7-m/nofp/crtbegin.o
                0x08008400                PROVIDE (__init_array_end = .)

.fini_array     0x08008400        0x4
                [!provide]                PROVIDE (__fini_array_start = .)
 *(SORT_BY_NAME(.fini_array.*))
 *(.fini_array*)
 .fini_array    0x08008400        0x4 c:/gnuarm/10.2021.10/bin/../lib/gcc/arm-none-eabi/10.3.1/thumb/v7-m/nofp/crtbegin.o
                [!provide]                PROVIDE (__fini_array_end = .)
                0x08008404                _sidata = LOADADDR (.data)

.data           0x20000000       0x74 load address 0x08008404
                0x20000000                . = ALIGN (0x4)
                0x20000000                _sdata = .
 *(.data)
 *(.data*)
 .data._impure_ptr
                0x20000000        0x4 c:/gnuarm/10.2021.10/bin/../lib/gcc/arm-none-eabi/10.3.1/../../../../arm-none-eabi/lib/thumb/v7-m/nofp\libc_nano.a(lib_a-impure.o)
                0x20000000                _impure_ptr
 .data.impure_data
                0x20000004       0x60 c:/gnuarm/10.2021.10/bin/../lib/gcc/arm-none-eabi/10.3.1/../../../../arm-none-eabi/lib/thumb/v7-m/nofp\libc_nano.a(lib_a-impure.o)
 .data.uwTickPrio
                0x20000064        0x4 CMakeFiles/Stm32F207_NucleoRuntime.dir/Drivers/STM32F2xx_HAL_Driver/Src/stm32f2xx_hal.c.obj
                0x20000064                uwTickPrio
 .data.uwTickFreq
                0x20000068        0x1 CMakeFiles/Stm32F207_NucleoRuntime.dir/Drivers/STM32F2xx_HAL_Driver/Src/stm32f2xx_hal.c.obj
                0x20000068                uwTickFreq
 *fill*         0x20000069        0x3 
 .data.SystemCoreClock
                0x2000006c        0x4 CMakeFiles/Stm32F207_NucleoRuntime.dir/Core/Src/system_stm32f2xx.c.obj
                0x2000006c                SystemCoreClock
 .data.uxCriticalNesting
                0x20000070        0x4 CMakeFiles/Stm32F207_NucleoRuntime.dir/Middlewares/Third_Party/FreeRTOS/Source/portable/GCC/ARM_CM3/port.c.obj
                0x20000074                . = ALIGN (0x4)
                0x20000074                _edata = .

.igot.plt       0x20000074        0x0 load address 0x08008478
 .igot.plt      0x20000074        0x0 c:/gnuarm/10.2021.10/bin/../lib/gcc/arm-none-eabi/10.3.1/thumb/v7-m/nofp/crtbegin.o
                0x20000074                . = ALIGN (0x4)

.bss            0x20000078    0x116d8 load address 0x08008478
                0x20000078                _sbss = .
                0x20000078                __bss_start__ = _sbss
 *(.bss)
 .bss           0x20000078       0x1c c:/gnuarm/10.2021.10/bin/../lib/gcc/arm-none-eabi/10.3.1/thumb/v7-m/nofp/crtbegin.o
 *(.bss*)
 .bss.stm32f207_template_app_DW
                0x20000094        0x7 CMakeFiles/Stm32F207_NucleoRuntime.dir/SimulinkApp/codeGen/stm32f207_template_app_ert_rtw/simulink_app.c.obj
                0x20000094                stm32f207_template_app_DW
 *fill*         0x2000009b        0x1 
 .bss.can1Stats
                0x2000009c        0x8 CMakeFiles/Stm32F207_NucleoRuntime.dir/Core/Src/freertos.c.obj
                0x2000009c                can1Stats
 .bss.can2Stats
                0x200000a4        0x8 CMakeFiles/Stm32F207_NucleoRuntime.dir/Core/Src/freertos.c.obj
                0x200000a4                can2Stats
 .bss.can2_TxTaskHandle
                0x200000ac        0x4 CMakeFiles/Stm32F207_NucleoRuntime.dir/Core/Src/freertos.c.obj
                0x200000ac                can2_TxTaskHandle
 .bss.can1_TxTaskHandle
                0x200000b0        0x4 CMakeFiles/Stm32F207_NucleoRuntime.dir/Core/Src/freertos.c.obj
                0x200000b0                can1_TxTaskHandle
 .bss.appTaskHandle
                0x200000b4        0x4 CMakeFiles/Stm32F207_NucleoRuntime.dir/Core/Src/freertos.c.obj
                0x200000b4                appTaskHandle
 .bss.canXcpTaskHandle
                0x200000b8        0x4 CMakeFiles/Stm32F207_NucleoRuntime.dir/Core/Src/freertos.c.obj
                0x200000b8                canXcpTaskHandle
 .bss.appCan1RxQueueHandle
                0x200000bc        0x4 CMakeFiles/Stm32F207_NucleoRuntime.dir/Core/Src/freertos.c.obj
                0x200000bc                appCan1RxQueueHandle
 .bss.appCan2RxQueueHandle
                0x200000c0        0x4 CMakeFiles/Stm32F207_NucleoRuntime.dir/Core/Src/freertos.c.obj
                0x200000c0                appCan2RxQueueHandle
 .bss.appCan1TxQueueHandle
                0x200000c4        0x4 CMakeFiles/Stm32F207_NucleoRuntime.dir/Core/Src/freertos.c.obj
                0x200000c4                appCan1TxQueueHandle
 .bss.appCan2TxQueueHandle
                0x200000c8        0x4 CMakeFiles/Stm32F207_NucleoRuntime.dir/Core/Src/freertos.c.obj
                0x200000c8                appCan2TxQueueHandle
 .bss.xcpCanRxQueueHandle
                0x200000cc        0x4 CMakeFiles/Stm32F207_NucleoRuntime.dir/Core/Src/freertos.c.obj
                0x200000cc                xcpCanRxQueueHandle
 .bss.hcan1     0x200000d0       0x28 CMakeFiles/Stm32F207_NucleoRuntime.dir/Core/Src/can.c.obj
                0x200000d0                hcan1
 .bss.hcan2     0x200000f8       0x28 CMakeFiles/Stm32F207_NucleoRuntime.dir/Core/Src/can.c.obj
                0x200000f8                hcan2
 .bss.HAL_RCC_CAN1_CLK_ENABLED
                0x20000120        0x4 CMakeFiles/Stm32F207_NucleoRuntime.dir/Core/Src/can.c.obj
 .bss.huart3    0x20000124       0x48 CMakeFiles/Stm32F207_NucleoRuntime.dir/Core/Src/usart.c.obj
                0x20000124                huart3
 .bss.htim6     0x2000016c       0x48 CMakeFiles/Stm32F207_NucleoRuntime.dir/Core/Src/stm32f2xx_hal_timebase_tim.c.obj
                0x2000016c                htim6
 .bss.uwTick    0x200001b4        0x4 CMakeFiles/Stm32F207_NucleoRuntime.dir/Drivers/STM32F2xx_HAL_Driver/Src/stm32f2xx_hal.c.obj
                0x200001b4                uwTick
 .bss.xQueueRegistry
                0x200001b8       0x40 CMakeFiles/Stm32F207_NucleoRuntime.dir/Middlewares/Third_Party/FreeRTOS/Source/queue.c.obj
                0x200001b8                xQueueRegistry
 .bss.pxCurrentTCB
                0x200001f8        0x4 CMakeFiles/Stm32F207_NucleoRuntime.dir/Middlewares/Third_Party/FreeRTOS/Source/tasks.c.obj
                0x200001f8                pxCurrentTCB
 .bss.pxReadyTasksLists
                0x200001fc      0x460 CMakeFiles/Stm32F207_NucleoRuntime.dir/Middlewares/Third_Party/FreeRTOS/Source/tasks.c.obj
 .bss.xDelayedTaskList1
                0x2000065c       0x14 CMakeFiles/Stm32F207_NucleoRuntime.dir/Middlewares/Third_Party/FreeRTOS/Source/tasks.c.obj
 .bss.xDelayedTaskList2
                0x20000670       0x14 CMakeFiles/Stm32F207_NucleoRuntime.dir/Middlewares/Third_Party/FreeRTOS/Source/tasks.c.obj
 .bss.pxDelayedTaskList
                0x20000684        0x4 CMakeFiles/Stm32F207_NucleoRuntime.dir/Middlewares/Third_Party/FreeRTOS/Source/tasks.c.obj
 .bss.pxOverflowDelayedTaskList
                0x20000688        0x4 CMakeFiles/Stm32F207_NucleoRuntime.dir/Middlewares/Third_Party/FreeRTOS/Source/tasks.c.obj
 .bss.xPendingReadyList
                0x2000068c       0x14 CMakeFiles/Stm32F207_NucleoRuntime.dir/Middlewares/Third_Party/FreeRTOS/Source/tasks.c.obj
 .bss.xTasksWaitingTermination
                0x200006a0       0x14 CMakeFiles/Stm32F207_NucleoRuntime.dir/Middlewares/Third_Party/FreeRTOS/Source/tasks.c.obj
 .bss.uxDeletedTasksWaitingCleanUp
                0x200006b4        0x4 CMakeFiles/Stm32F207_NucleoRuntime.dir/Middlewares/Third_Party/FreeRTOS/Source/tasks.c.obj
 .bss.xSuspendedTaskList
                0x200006b8       0x14 CMakeFiles/Stm32F207_NucleoRuntime.dir/Middlewares/Third_Party/FreeRTOS/Source/tasks.c.obj
 .bss.uxCurrentNumberOfTasks
                0x200006cc        0x4 CMakeFiles/Stm32F207_NucleoRuntime.dir/Middlewares/Third_Party/FreeRTOS/Source/tasks.c.obj
 .bss.xTickCount
                0x200006d0        0x4 CMakeFiles/Stm32F207_NucleoRuntime.dir/Middlewares/Third_Party/FreeRTOS/Source/tasks.c.obj
 .bss.uxTopReadyPriority
                0x200006d4        0x4 CMakeFiles/Stm32F207_NucleoRuntime.dir/Middlewares/Third_Party/FreeRTOS/Source/tasks.c.obj
 .bss.xSchedulerRunning
                0x200006d8        0x4 CMakeFiles/Stm32F207_NucleoRuntime.dir/Middlewares/Third_Party/FreeRTOS/Source/tasks.c.obj
 .bss.xPendedTicks
                0x200006dc        0x4 CMakeFiles/Stm32F207_NucleoRuntime.dir/Middlewares/Third_Party/FreeRTOS/Source/tasks.c.obj
 .bss.xYieldPending
                0x200006e0        0x4 CMakeFiles/Stm32F207_NucleoRuntime.dir/Middlewares/Third_Party/FreeRTOS/Source/tasks.c.obj
 .bss.xNumOfOverflows
                0x200006e4        0x4 CMakeFiles/Stm32F207_NucleoRuntime.dir/Middlewares/Third_Party/FreeRTOS/Source/tasks.c.obj
 .bss.uxTaskNumber
                0x200006e8        0x4 CMakeFiles/Stm32F207_NucleoRuntime.dir/Middlewares/Third_Party/FreeRTOS/Source/tasks.c.obj
 .bss.xNextTaskUnblockTime
                0x200006ec        0x4 CMakeFiles/Stm32F207_NucleoRuntime.dir/Middlewares/Third_Party/FreeRTOS/Source/tasks.c.obj
 .bss.xIdleTaskHandle
                0x200006f0        0x4 CMakeFiles/Stm32F207_NucleoRuntime.dir/Middlewares/Third_Party/FreeRTOS/Source/tasks.c.obj
 .bss.uxSchedulerSuspended
                0x200006f4        0x4 CMakeFiles/Stm32F207_NucleoRuntime.dir/Middlewares/Third_Party/FreeRTOS/Source/tasks.c.obj
 .bss.xActiveTimerList1
                0x200006f8       0x14 CMakeFiles/Stm32F207_NucleoRuntime.dir/Middlewares/Third_Party/FreeRTOS/Source/timers.c.obj
 .bss.xActiveTimerList2
                0x2000070c       0x14 CMakeFiles/Stm32F207_NucleoRuntime.dir/Middlewares/Third_Party/FreeRTOS/Source/timers.c.obj
 .bss.pxCurrentTimerList
                0x20000720        0x4 CMakeFiles/Stm32F207_NucleoRuntime.dir/Middlewares/Third_Party/FreeRTOS/Source/timers.c.obj
 .bss.pxOverflowTimerList
                0x20000724        0x4 CMakeFiles/Stm32F207_NucleoRuntime.dir/Middlewares/Third_Party/FreeRTOS/Source/timers.c.obj
 .bss.xTimerQueue
                0x20000728        0x4 CMakeFiles/Stm32F207_NucleoRuntime.dir/Middlewares/Third_Party/FreeRTOS/Source/timers.c.obj
 .bss.xTimerTaskHandle
                0x2000072c        0x4 CMakeFiles/Stm32F207_NucleoRuntime.dir/Middlewares/Third_Party/FreeRTOS/Source/timers.c.obj
 .bss.xLastTime.2
                0x20000730        0x4 CMakeFiles/Stm32F207_NucleoRuntime.dir/Middlewares/Third_Party/FreeRTOS/Source/timers.c.obj
 .bss.ucStaticTimerQueueStorage.1
                0x20000734       0xa0 CMakeFiles/Stm32F207_NucleoRuntime.dir/Middlewares/Third_Party/FreeRTOS/Source/timers.c.obj
 .bss.xStaticTimerQueue.0
                0x200007d4       0x50 CMakeFiles/Stm32F207_NucleoRuntime.dir/Middlewares/Third_Party/FreeRTOS/Source/timers.c.obj
 .bss.KernelState
                0x20000824        0x4 CMakeFiles/Stm32F207_NucleoRuntime.dir/Middlewares/Third_Party/FreeRTOS/Source/CMSIS_RTOS_V2/cmsis_os2.c.obj
 .bss.Idle_TCB.3
                0x20000828      0x488 CMakeFiles/Stm32F207_NucleoRuntime.dir/Middlewares/Third_Party/FreeRTOS/Source/CMSIS_RTOS_V2/cmsis_os2.c.obj
 .bss.Idle_Stack.2
                0x20000cb0      0x200 CMakeFiles/Stm32F207_NucleoRuntime.dir/Middlewares/Third_Party/FreeRTOS/Source/CMSIS_RTOS_V2/cmsis_os2.c.obj
 .bss.Timer_TCB.1
                0x20000eb0      0x488 CMakeFiles/Stm32F207_NucleoRuntime.dir/Middlewares/Third_Party/FreeRTOS/Source/CMSIS_RTOS_V2/cmsis_os2.c.obj
 .bss.Timer_Stack.0
                0x20001338      0x400 CMakeFiles/Stm32F207_NucleoRuntime.dir/Middlewares/Third_Party/FreeRTOS/Source/CMSIS_RTOS_V2/cmsis_os2.c.obj
 .bss.ucHeap    0x20001738    0x10000 CMakeFiles/Stm32F207_NucleoRuntime.dir/Middlewares/Third_Party/FreeRTOS/Source/portable/MemMang/heap_1.c.obj
 .bss.xNextFreeByte
                0x20011738        0x4 CMakeFiles/Stm32F207_NucleoRuntime.dir/Middlewares/Third_Party/FreeRTOS/Source/portable/MemMang/heap_1.c.obj
 .bss.pucAlignedHeap.0
                0x2001173c        0x4 CMakeFiles/Stm32F207_NucleoRuntime.dir/Middlewares/Third_Party/FreeRTOS/Source/portable/MemMang/heap_1.c.obj
 .bss.ucMaxSysCallPriority
                0x20011740        0x1 CMakeFiles/Stm32F207_NucleoRuntime.dir/Middlewares/Third_Party/FreeRTOS/Source/portable/GCC/ARM_CM3/port.c.obj
 *fill*         0x20011741        0x3 
 .bss.ulMaxPRIGROUPValue
                0x20011744        0x4 CMakeFiles/Stm32F207_NucleoRuntime.dir/Middlewares/Third_Party/FreeRTOS/Source/portable/GCC/ARM_CM3/port.c.obj
 .bss.__malloc_free_list
                0x20011748        0x4 c:/gnuarm/10.2021.10/bin/../lib/gcc/arm-none-eabi/10.3.1/../../../../arm-none-eabi/lib/thumb/v7-m/nofp\libg_nano.a(lib_a-nano-mallocr.o)
                0x20011748                __malloc_free_list
 .bss.__lock___malloc_recursive_mutex
                0x2001174c        0x1 c:/gnuarm/10.2021.10/bin/../lib/gcc/arm-none-eabi/10.3.1/../../../../arm-none-eabi/lib/thumb/v7-m/nofp\libg_nano.a(lib_a-lock.o)
                0x2001174c                __lock___malloc_recursive_mutex
 *(COMMON)
                0x20011750                . = ALIGN (0x4)
 *fill*         0x2001174d        0x3 
                0x20011750                _ebss = .
                0x20011750                __bss_end__ = _ebss

._user_heap_stack
                0x20011750      0x600 load address 0x08008478
                0x20011750                . = ALIGN (0x8)
                [!provide]                PROVIDE (end = .)
                0x20011750                PROVIDE (_end = .)
                0x20011950                . = (. + _Min_Heap_Size)
 *fill*         0x20011750      0x200 
                0x20011d50                . = (. + _Min_Stack_Size)
 *fill*         0x20011950      0x400 
                0x20011d50                . = ALIGN (0x8)

/DISCARD/
 libc.a(*)
 libm.a(*)
 libgcc.a(*)
OUTPUT(Stm32F207_NucleoRuntime.elf elf32-littlearm)
LOAD linker stubs
LOAD c:/gnuarm/10.2021.10/bin/../lib/gcc/arm-none-eabi/10.3.1/../../../../arm-none-eabi/lib/thumb/v7-m/nofp\libc.a
LOAD c:/gnuarm/10.2021.10/bin/../lib/gcc/arm-none-eabi/10.3.1/../../../../arm-none-eabi/lib/thumb/v7-m/nofp\libm.a
LOAD c:/gnuarm/10.2021.10/bin/../lib/gcc/arm-none-eabi/10.3.1/thumb/v7-m/nofp\libgcc.a

.ARM.attributes
                0x00000000       0x29
 .ARM.attributes
                0x00000000       0x1d c:/gnuarm/10.2021.10/bin/../lib/gcc/arm-none-eabi/10.3.1/thumb/v7-m/nofp/crti.o
 .ARM.attributes
                0x0000001d       0x2d c:/gnuarm/10.2021.10/bin/../lib/gcc/arm-none-eabi/10.3.1/thumb/v7-m/nofp/crtbegin.o
 .ARM.attributes
                0x0000004a       0x2d c:/gnuarm/10.2021.10/bin/../lib/gcc/arm-none-eabi/10.3.1/../../../../arm-none-eabi/lib/thumb/v7-m/nofp\libc_nano.a(lib_a-impure.o)
 .ARM.attributes
                0x00000077       0x2d c:/gnuarm/10.2021.10/bin/../lib/gcc/arm-none-eabi/10.3.1/../../../../arm-none-eabi/lib/thumb/v7-m/nofp\libc_nano.a(lib_a-init.o)
 .ARM.attributes
                0x000000a4       0x2d c:/gnuarm/10.2021.10/bin/../lib/gcc/arm-none-eabi/10.3.1/../../../../arm-none-eabi/lib/thumb/v7-m/nofp\libc_nano.a(lib_a-memset.o)
 .ARM.attributes
                0x000000d1       0x2d CMakeFiles/Stm32F207_NucleoRuntime.dir/SimulinkApp/codeGen/stm32f207_template_app_ert_rtw/simulink_app.c.obj
 .ARM.attributes
                0x000000fe       0x2d CMakeFiles/Stm32F207_NucleoRuntime.dir/SimulinkApp/otherFiles/led_control.c.obj
 .ARM.attributes
                0x0000012b       0x2d CMakeFiles/Stm32F207_NucleoRuntime.dir/Core/Src/main.c.obj
 .ARM.attributes
                0x00000158       0x2d CMakeFiles/Stm32F207_NucleoRuntime.dir/Core/Src/gpio.c.obj
 .ARM.attributes
                0x00000185       0x2d CMakeFiles/Stm32F207_NucleoRuntime.dir/Core/Src/freertos.c.obj
 .ARM.attributes
                0x000001b2       0x2d CMakeFiles/Stm32F207_NucleoRuntime.dir/Core/Src/can.c.obj
 .ARM.attributes
                0x000001df       0x2d CMakeFiles/Stm32F207_NucleoRuntime.dir/Core/Src/usart.c.obj
 .ARM.attributes
                0x0000020c       0x2d CMakeFiles/Stm32F207_NucleoRuntime.dir/Core/Src/stm32f2xx_it.c.obj
 .ARM.attributes
                0x00000239       0x2d CMakeFiles/Stm32F207_NucleoRuntime.dir/Core/Src/stm32f2xx_hal_msp.c.obj
 .ARM.attributes
                0x00000266       0x2d CMakeFiles/Stm32F207_NucleoRuntime.dir/Core/Src/stm32f2xx_hal_timebase_tim.c.obj
 .ARM.attributes
                0x00000293       0x2d CMakeFiles/Stm32F207_NucleoRuntime.dir/Drivers/STM32F2xx_HAL_Driver/Src/stm32f2xx_hal_tim.c.obj
 .ARM.attributes
                0x000002c0       0x2d CMakeFiles/Stm32F207_NucleoRuntime.dir/Drivers/STM32F2xx_HAL_Driver/Src/stm32f2xx_hal_tim_ex.c.obj
 .ARM.attributes
                0x000002ed       0x2d CMakeFiles/Stm32F207_NucleoRuntime.dir/Drivers/STM32F2xx_HAL_Driver/Src/stm32f2xx_hal_can.c.obj
 .ARM.attributes
                0x0000031a       0x2d CMakeFiles/Stm32F207_NucleoRuntime.dir/Drivers/STM32F2xx_HAL_Driver/Src/stm32f2xx_hal.c.obj
 .ARM.attributes
                0x00000347       0x2d CMakeFiles/Stm32F207_NucleoRuntime.dir/Drivers/STM32F2xx_HAL_Driver/Src/stm32f2xx_hal_rcc.c.obj
 .ARM.attributes
                0x00000374       0x2d CMakeFiles/Stm32F207_NucleoRuntime.dir/Drivers/STM32F2xx_HAL_Driver/Src/stm32f2xx_hal_cortex.c.obj
 .ARM.attributes
                0x000003a1       0x2d CMakeFiles/Stm32F207_NucleoRuntime.dir/Drivers/STM32F2xx_HAL_Driver/Src/stm32f2xx_hal_gpio.c.obj
 .ARM.attributes
                0x000003ce       0x2d CMakeFiles/Stm32F207_NucleoRuntime.dir/Drivers/STM32F2xx_HAL_Driver/Src/stm32f2xx_hal_dma.c.obj
 .ARM.attributes
                0x000003fb       0x2d CMakeFiles/Stm32F207_NucleoRuntime.dir/Drivers/STM32F2xx_HAL_Driver/Src/stm32f2xx_hal_uart.c.obj
 .ARM.attributes
                0x00000428       0x2d CMakeFiles/Stm32F207_NucleoRuntime.dir/Core/Src/system_stm32f2xx.c.obj
 .ARM.attributes
                0x00000455       0x2d CMakeFiles/Stm32F207_NucleoRuntime.dir/Middlewares/Third_Party/FreeRTOS/Source/list.c.obj
 .ARM.attributes
                0x00000482       0x2d CMakeFiles/Stm32F207_NucleoRuntime.dir/Middlewares/Third_Party/FreeRTOS/Source/queue.c.obj
 .ARM.attributes
                0x000004af       0x2d CMakeFiles/Stm32F207_NucleoRuntime.dir/Middlewares/Third_Party/FreeRTOS/Source/tasks.c.obj
 .ARM.attributes
                0x000004dc       0x2d CMakeFiles/Stm32F207_NucleoRuntime.dir/Middlewares/Third_Party/FreeRTOS/Source/timers.c.obj
 .ARM.attributes
                0x00000509       0x2d CMakeFiles/Stm32F207_NucleoRuntime.dir/Middlewares/Third_Party/FreeRTOS/Source/CMSIS_RTOS_V2/cmsis_os2.c.obj
 .ARM.attributes
                0x00000536       0x2d CMakeFiles/Stm32F207_NucleoRuntime.dir/Middlewares/Third_Party/FreeRTOS/Source/portable/MemMang/heap_1.c.obj
 .ARM.attributes
                0x00000563       0x2d CMakeFiles/Stm32F207_NucleoRuntime.dir/Middlewares/Third_Party/FreeRTOS/Source/portable/GCC/ARM_CM3/port.c.obj
 .ARM.attributes
                0x00000590       0x21 CMakeFiles/Stm32F207_NucleoRuntime.dir/startup_stm32f207xx.s.obj
 .ARM.attributes
                0x000005b1       0x2d C:\Users\Olga\Desktop\EvgeniiWork\gitRepos\builds\stm32f207_board\Stm32F207_NucleoRuntime\libs\libcmsis_dsp.a(arm_sin_f32.c.obj)
 .ARM.attributes
                0x000005de       0x2d C:\Users\Olga\Desktop\EvgeniiWork\gitRepos\builds\stm32f207_board\Stm32F207_NucleoRuntime\libs\libcmsis_dsp.a(arm_common_tables.c.obj)
 .ARM.attributes
                0x0000060b       0x1d c:/gnuarm/10.2021.10/bin/../lib/gcc/arm-none-eabi/10.3.1/thumb/v7-m/nofp\libgcc.a(_arm_addsubsf3.o)
 .ARM.attributes
                0x00000628       0x1d c:/gnuarm/10.2021.10/bin/../lib/gcc/arm-none-eabi/10.3.1/thumb/v7-m/nofp\libgcc.a(_arm_muldivsf3.o)
 .ARM.attributes
                0x00000645       0x1d c:/gnuarm/10.2021.10/bin/../lib/gcc/arm-none-eabi/10.3.1/thumb/v7-m/nofp\libgcc.a(_arm_cmpsf2.o)
 .ARM.attributes
                0x00000662       0x1d c:/gnuarm/10.2021.10/bin/../lib/gcc/arm-none-eabi/10.3.1/thumb/v7-m/nofp\libgcc.a(_arm_fixsfsi.o)
 .ARM.attributes
                0x0000067f       0x1d c:/gnuarm/10.2021.10/bin/../lib/gcc/arm-none-eabi/10.3.1/thumb/v7-m/nofp\libgcc.a(_arm_fixunssfsi.o)
 .ARM.attributes
                0x0000069c       0x1d c:/gnuarm/10.2021.10/bin/../lib/gcc/arm-none-eabi/10.3.1/thumb/v7-m/nofp\libgcc.a(_aeabi_uldivmod.o)
 .ARM.attributes
                0x000006b9       0x2d c:/gnuarm/10.2021.10/bin/../lib/gcc/arm-none-eabi/10.3.1/thumb/v7-m/nofp\libgcc.a(_udivmoddi4.o)
 .ARM.attributes
                0x000006e6       0x1d c:/gnuarm/10.2021.10/bin/../lib/gcc/arm-none-eabi/10.3.1/thumb/v7-m/nofp\libgcc.a(_dvmd_tls.o)
 .ARM.attributes
                0x00000703       0x2d c:/gnuarm/10.2021.10/bin/../lib/gcc/arm-none-eabi/10.3.1/../../../../arm-none-eabi/lib/thumb/v7-m/nofp\libg_nano.a(lib_a-memcpy-stub.o)
 .ARM.attributes
                0x00000730       0x2d c:/gnuarm/10.2021.10/bin/../lib/gcc/arm-none-eabi/10.3.1/../../../../arm-none-eabi/lib/thumb/v7-m/nofp\libg_nano.a(lib_a-reent.o)
 .ARM.attributes
                0x0000075d       0x2d c:/gnuarm/10.2021.10/bin/../lib/gcc/arm-none-eabi/10.3.1/../../../../arm-none-eabi/lib/thumb/v7-m/nofp\libg_nano.a(lib_a-nano-freer.o)
 .ARM.attributes
                0x0000078a       0x2d c:/gnuarm/10.2021.10/bin/../lib/gcc/arm-none-eabi/10.3.1/../../../../arm-none-eabi/lib/thumb/v7-m/nofp\libg_nano.a(lib_a-nano-mallocr.o)
 .ARM.attributes
                0x000007b7       0x2d c:/gnuarm/10.2021.10/bin/../lib/gcc/arm-none-eabi/10.3.1/../../../../arm-none-eabi/lib/thumb/v7-m/nofp\libg_nano.a(lib_a-mlock.o)
 .ARM.attributes
                0x000007e4       0x2d c:/gnuarm/10.2021.10/bin/../lib/gcc/arm-none-eabi/10.3.1/../../../../arm-none-eabi/lib/thumb/v7-m/nofp\libg_nano.a(lib_a-lock.o)
 .ARM.attributes
                0x00000811       0x1d c:/gnuarm/10.2021.10/bin/../lib/gcc/arm-none-eabi/10.3.1/thumb/v7-m/nofp/crtn.o

.comment        0x00000000       0x49
 .comment       0x00000000       0x49 CMakeFiles/Stm32F207_NucleoRuntime.dir/SimulinkApp/codeGen/stm32f207_template_app_ert_rtw/simulink_app.c.obj
                                 0x4a (size before relaxing)
 .comment       0x00000049       0x4a CMakeFiles/Stm32F207_NucleoRuntime.dir/SimulinkApp/otherFiles/led_control.c.obj
 .comment       0x00000049       0x4a CMakeFiles/Stm32F207_NucleoRuntime.dir/Core/Src/main.c.obj
 .comment       0x00000049       0x4a CMakeFiles/Stm32F207_NucleoRuntime.dir/Core/Src/gpio.c.obj
 .comment       0x00000049       0x4a CMakeFiles/Stm32F207_NucleoRuntime.dir/Core/Src/freertos.c.obj
 .comment       0x00000049       0x4a CMakeFiles/Stm32F207_NucleoRuntime.dir/Core/Src/can.c.obj
 .comment       0x00000049       0x4a CMakeFiles/Stm32F207_NucleoRuntime.dir/Core/Src/usart.c.obj
 .comment       0x00000049       0x4a CMakeFiles/Stm32F207_NucleoRuntime.dir/Core/Src/stm32f2xx_it.c.obj
 .comment       0x00000049       0x4a CMakeFiles/Stm32F207_NucleoRuntime.dir/Core/Src/stm32f2xx_hal_msp.c.obj
 .comment       0x00000049       0x4a CMakeFiles/Stm32F207_NucleoRuntime.dir/Core/Src/stm32f2xx_hal_timebase_tim.c.obj
 .comment       0x00000049       0x4a CMakeFiles/Stm32F207_NucleoRuntime.dir/Drivers/STM32F2xx_HAL_Driver/Src/stm32f2xx_hal_tim.c.obj
 .comment       0x00000049       0x4a CMakeFiles/Stm32F207_NucleoRuntime.dir/Drivers/STM32F2xx_HAL_Driver/Src/stm32f2xx_hal_tim_ex.c.obj
 .comment       0x00000049       0x4a CMakeFiles/Stm32F207_NucleoRuntime.dir/Drivers/STM32F2xx_HAL_Driver/Src/stm32f2xx_hal_can.c.obj
 .comment       0x00000049       0x4a CMakeFiles/Stm32F207_NucleoRuntime.dir/Drivers/STM32F2xx_HAL_Driver/Src/stm32f2xx_hal.c.obj
 .comment       0x00000049       0x4a CMakeFiles/Stm32F207_NucleoRuntime.dir/Drivers/STM32F2xx_HAL_Driver/Src/stm32f2xx_hal_rcc.c.obj
 .comment       0x00000049       0x4a CMakeFiles/Stm32F207_NucleoRuntime.dir/Drivers/STM32F2xx_HAL_Driver/Src/stm32f2xx_hal_cortex.c.obj
 .comment       0x00000049       0x4a CMakeFiles/Stm32F207_NucleoRuntime.dir/Drivers/STM32F2xx_HAL_Driver/Src/stm32f2xx_hal_gpio.c.obj
 .comment       0x00000049       0x4a CMakeFiles/Stm32F207_NucleoRuntime.dir/Drivers/STM32F2xx_HAL_Driver/Src/stm32f2xx_hal_dma.c.obj
 .comment       0x00000049       0x4a CMakeFiles/Stm32F207_NucleoRuntime.dir/Drivers/STM32F2xx_HAL_Driver/Src/stm32f2xx_hal_uart.c.obj
 .comment       0x00000049       0x4a CMakeFiles/Stm32F207_NucleoRuntime.dir/Core/Src/system_stm32f2xx.c.obj
 .comment       0x00000049       0x4a CMakeFiles/Stm32F207_NucleoRuntime.dir/Middlewares/Third_Party/FreeRTOS/Source/list.c.obj
 .comment       0x00000049       0x4a CMakeFiles/Stm32F207_NucleoRuntime.dir/Middlewares/Third_Party/FreeRTOS/Source/queue.c.obj
 .comment       0x00000049       0x4a CMakeFiles/Stm32F207_NucleoRuntime.dir/Middlewares/Third_Party/FreeRTOS/Source/tasks.c.obj
 .comment       0x00000049       0x4a CMakeFiles/Stm32F207_NucleoRuntime.dir/Middlewares/Third_Party/FreeRTOS/Source/timers.c.obj
 .comment       0x00000049       0x4a CMakeFiles/Stm32F207_NucleoRuntime.dir/Middlewares/Third_Party/FreeRTOS/Source/CMSIS_RTOS_V2/cmsis_os2.c.obj
 .comment       0x00000049       0x4a CMakeFiles/Stm32F207_NucleoRuntime.dir/Middlewares/Third_Party/FreeRTOS/Source/portable/MemMang/heap_1.c.obj
 .comment       0x00000049       0x4a CMakeFiles/Stm32F207_NucleoRuntime.dir/Middlewares/Third_Party/FreeRTOS/Source/portable/GCC/ARM_CM3/port.c.obj
 .comment       0x00000049       0x4a C:\Users\Olga\Desktop\EvgeniiWork\gitRepos\builds\stm32f207_board\Stm32F207_NucleoRuntime\libs\libcmsis_dsp.a(arm_sin_f32.c.obj)
 .comment       0x00000049       0x4a C:\Users\Olga\Desktop\EvgeniiWork\gitRepos\builds\stm32f207_board\Stm32F207_NucleoRuntime\libs\libcmsis_dsp.a(arm_common_tables.c.obj)

.debug_frame    0x00000000     0x622c
 .debug_frame   0x00000000       0x2c c:/gnuarm/10.2021.10/bin/../lib/gcc/arm-none-eabi/10.3.1/../../../../arm-none-eabi/lib/thumb/v7-m/nofp\libc_nano.a(lib_a-init.o)
 .debug_frame   0x0000002c       0x20 c:/gnuarm/10.2021.10/bin/../lib/gcc/arm-none-eabi/10.3.1/../../../../arm-none-eabi/lib/thumb/v7-m/nofp\libc_nano.a(lib_a-memset.o)
 .debug_frame   0x0000004c       0x74 CMakeFiles/Stm32F207_NucleoRuntime.dir/SimulinkApp/codeGen/stm32f207_template_app_ert_rtw/simulink_app.c.obj
 .debug_frame   0x000000c0       0x34 CMakeFiles/Stm32F207_NucleoRuntime.dir/SimulinkApp/otherFiles/led_control.c.obj
 .debug_frame   0x000000f4       0xd4 CMakeFiles/Stm32F207_NucleoRuntime.dir/Core/Src/main.c.obj
 .debug_frame   0x000001c8       0x34 CMakeFiles/Stm32F207_NucleoRuntime.dir/Core/Src/gpio.c.obj
 .debug_frame   0x000001fc      0x18c CMakeFiles/Stm32F207_NucleoRuntime.dir/Core/Src/freertos.c.obj
 .debug_frame   0x00000388       0x90 CMakeFiles/Stm32F207_NucleoRuntime.dir/Core/Src/can.c.obj
 .debug_frame   0x00000418       0x74 CMakeFiles/Stm32F207_NucleoRuntime.dir/Core/Src/usart.c.obj
 .debug_frame   0x0000048c      0x1c0 CMakeFiles/Stm32F207_NucleoRuntime.dir/Core/Src/stm32f2xx_it.c.obj
 .debug_frame   0x0000064c       0x34 CMakeFiles/Stm32F207_NucleoRuntime.dir/Core/Src/stm32f2xx_hal_msp.c.obj
 .debug_frame   0x00000680       0x74 CMakeFiles/Stm32F207_NucleoRuntime.dir/Core/Src/stm32f2xx_hal_timebase_tim.c.obj
 .debug_frame   0x000006f4     0x11c0 CMakeFiles/Stm32F207_NucleoRuntime.dir/Drivers/STM32F2xx_HAL_Driver/Src/stm32f2xx_hal_tim.c.obj
 .debug_frame   0x000018b4      0x638 CMakeFiles/Stm32F207_NucleoRuntime.dir/Drivers/STM32F2xx_HAL_Driver/Src/stm32f2xx_hal_tim_ex.c.obj
 .debug_frame   0x00001eec      0x5a0 CMakeFiles/Stm32F207_NucleoRuntime.dir/Drivers/STM32F2xx_HAL_Driver/Src/stm32f2xx_hal_can.c.obj
 .debug_frame   0x0000248c      0x384 CMakeFiles/Stm32F207_NucleoRuntime.dir/Drivers/STM32F2xx_HAL_Driver/Src/stm32f2xx_hal.c.obj
 .debug_frame   0x00002810      0x208 CMakeFiles/Stm32F207_NucleoRuntime.dir/Drivers/STM32F2xx_HAL_Driver/Src/stm32f2xx_hal_rcc.c.obj
 .debug_frame   0x00002a18      0x4e8 CMakeFiles/Stm32F207_NucleoRuntime.dir/Drivers/STM32F2xx_HAL_Driver/Src/stm32f2xx_hal_cortex.c.obj
 .debug_frame   0x00002f00      0x14c CMakeFiles/Stm32F207_NucleoRuntime.dir/Drivers/STM32F2xx_HAL_Driver/Src/stm32f2xx_hal_gpio.c.obj
 .debug_frame   0x0000304c      0x250 CMakeFiles/Stm32F207_NucleoRuntime.dir/Drivers/STM32F2xx_HAL_Driver/Src/stm32f2xx_hal_dma.c.obj
 .debug_frame   0x0000329c      0x944 CMakeFiles/Stm32F207_NucleoRuntime.dir/Drivers/STM32F2xx_HAL_Driver/Src/stm32f2xx_hal_uart.c.obj
 .debug_frame   0x00003be0       0x58 CMakeFiles/Stm32F207_NucleoRuntime.dir/Core/Src/system_stm32f2xx.c.obj
 .debug_frame   0x00003c38       0xd8 CMakeFiles/Stm32F207_NucleoRuntime.dir/Middlewares/Third_Party/FreeRTOS/Source/list.c.obj
 .debug_frame   0x00003d10      0x5ec CMakeFiles/Stm32F207_NucleoRuntime.dir/Middlewares/Third_Party/FreeRTOS/Source/queue.c.obj
 .debug_frame   0x000042fc      0x8f0 CMakeFiles/Stm32F207_NucleoRuntime.dir/Middlewares/Third_Party/FreeRTOS/Source/tasks.c.obj
 .debug_frame   0x00004bec      0x400 CMakeFiles/Stm32F207_NucleoRuntime.dir/Middlewares/Third_Party/FreeRTOS/Source/timers.c.obj
 .debug_frame   0x00004fec      0xbf8 CMakeFiles/Stm32F207_NucleoRuntime.dir/Middlewares/Third_Party/FreeRTOS/Source/CMSIS_RTOS_V2/cmsis_os2.c.obj
 .debug_frame   0x00005be4       0x9c CMakeFiles/Stm32F207_NucleoRuntime.dir/Middlewares/Third_Party/FreeRTOS/Source/portable/MemMang/heap_1.c.obj
 .debug_frame   0x00005c80      0x198 CMakeFiles/Stm32F207_NucleoRuntime.dir/Middlewares/Third_Party/FreeRTOS/Source/portable/GCC/ARM_CM3/port.c.obj
 .debug_frame   0x00005e18       0x38 C:\Users\Olga\Desktop\EvgeniiWork\gitRepos\builds\stm32f207_board\Stm32F207_NucleoRuntime\libs\libcmsis_dsp.a(arm_sin_f32.c.obj)
 .debug_frame   0x00005e50       0x4c c:/gnuarm/10.2021.10/bin/../lib/gcc/arm-none-eabi/10.3.1/thumb/v7-m/nofp\libgcc.a(_arm_addsubsf3.o)
 .debug_frame   0x00005e9c       0x38 c:/gnuarm/10.2021.10/bin/../lib/gcc/arm-none-eabi/10.3.1/thumb/v7-m/nofp\libgcc.a(_arm_muldivsf3.o)
 .debug_frame   0x00005ed4       0xc8 c:/gnuarm/10.2021.10/bin/../lib/gcc/arm-none-eabi/10.3.1/thumb/v7-m/nofp\libgcc.a(_arm_cmpsf2.o)
 .debug_frame   0x00005f9c       0x24 c:/gnuarm/10.2021.10/bin/../lib/gcc/arm-none-eabi/10.3.1/thumb/v7-m/nofp\libgcc.a(_arm_fixsfsi.o)
 .debug_frame   0x00005fc0       0x24 c:/gnuarm/10.2021.10/bin/../lib/gcc/arm-none-eabi/10.3.1/thumb/v7-m/nofp\libgcc.a(_arm_fixunssfsi.o)
 .debug_frame   0x00005fe4       0x2c c:/gnuarm/10.2021.10/bin/../lib/gcc/arm-none-eabi/10.3.1/thumb/v7-m/nofp\libgcc.a(_aeabi_uldivmod.o)
 .debug_frame   0x00006010       0x34 c:/gnuarm/10.2021.10/bin/../lib/gcc/arm-none-eabi/10.3.1/thumb/v7-m/nofp\libgcc.a(_udivmoddi4.o)
 .debug_frame   0x00006044       0x28 c:/gnuarm/10.2021.10/bin/../lib/gcc/arm-none-eabi/10.3.1/../../../../arm-none-eabi/lib/thumb/v7-m/nofp\libg_nano.a(lib_a-memcpy-stub.o)
 .debug_frame   0x0000606c       0x5c c:/gnuarm/10.2021.10/bin/../lib/gcc/arm-none-eabi/10.3.1/../../../../arm-none-eabi/lib/thumb/v7-m/nofp\libg_nano.a(lib_a-reent.o)
 .debug_frame   0x000060c8       0x38 c:/gnuarm/10.2021.10/bin/../lib/gcc/arm-none-eabi/10.3.1/../../../../arm-none-eabi/lib/thumb/v7-m/nofp\libg_nano.a(lib_a-nano-freer.o)
 .debug_frame   0x00006100       0x4c c:/gnuarm/10.2021.10/bin/../lib/gcc/arm-none-eabi/10.3.1/../../../../arm-none-eabi/lib/thumb/v7-m/nofp\libg_nano.a(lib_a-nano-mallocr.o)
 .debug_frame   0x0000614c       0x30 c:/gnuarm/10.2021.10/bin/../lib/gcc/arm-none-eabi/10.3.1/../../../../arm-none-eabi/lib/thumb/v7-m/nofp\libg_nano.a(lib_a-mlock.o)
 .debug_frame   0x0000617c       0xb0 c:/gnuarm/10.2021.10/bin/../lib/gcc/arm-none-eabi/10.3.1/../../../../arm-none-eabi/lib/thumb/v7-m/nofp\libg_nano.a(lib_a-lock.o)

.debug_info     0x00000000    0x1c461
 .debug_info    0x00000000      0x193 CMakeFiles/Stm32F207_NucleoRuntime.dir/SimulinkApp/codeGen/stm32f207_template_app_ert_rtw/simulink_app.c.obj
 .debug_info    0x00000193      0x1ea CMakeFiles/Stm32F207_NucleoRuntime.dir/SimulinkApp/otherFiles/led_control.c.obj
 .debug_info    0x0000037d      0xd4e CMakeFiles/Stm32F207_NucleoRuntime.dir/Core/Src/main.c.obj
 .debug_info    0x000010cb      0x475 CMakeFiles/Stm32F207_NucleoRuntime.dir/Core/Src/gpio.c.obj
 .debug_info    0x00001540      0xe7d CMakeFiles/Stm32F207_NucleoRuntime.dir/Core/Src/freertos.c.obj
 .debug_info    0x000023bd      0xb1f CMakeFiles/Stm32F207_NucleoRuntime.dir/Core/Src/can.c.obj