Archive member included to satisfy reference by file (symbol)

c:/gnuarm/10.2021.10/bin/../lib/gcc/arm-none-eabi/10.3.1/../../../../arm-none-eabi/lib/thumb/v7-m/nofp\libc_nano.a(lib_a-exit.o)
                              c:/gnuarm/10.2021.10/bin/../lib/gcc/arm-none-eabi/10.3.1/../../../../arm-none-eabi/lib/thumb/v7-m/nofp/crt0.o (exit)
c:/gnuarm/10.2021.10/bin/../lib/gcc/arm-none-eabi/10.3.1/../../../../arm-none-eabi/lib/thumb/v7-m/nofp\libc_nano.a(lib_a-impure.o)
                              c:/gnuarm/10.2021.10/bin/../lib/gcc/arm-none-eabi/10.3.1/../../../../arm-none-eabi/lib/thumb/v7-m/nofp\libc_nano.a(lib_a-exit.o) (_global_impure_ptr)
c:/gnuarm/10.2021.10/bin/../lib/gcc/arm-none-eabi/10.3.1/../../../../arm-none-eabi/lib/thumb/v7-m/nofp\libc_nano.a(lib_a-init.o)
                              c:/gnuarm/10.2021.10/bin/../lib/gcc/arm-none-eabi/10.3.1/../../../../arm-none-eabi/lib/thumb/v7-m/nofp/crt0.o (__libc_init_array)
c:/gnuarm/10.2021.10/bin/../lib/gcc/arm-none-eabi/10.3.1/../../../../arm-none-eabi/lib/thumb/v7-m/nofp\libc_nano.a(lib_a-memset.o)
                              c:/gnuarm/10.2021.10/bin/../lib/gcc/arm-none-eabi/10.3.1/../../../../arm-none-eabi/lib/thumb/v7-m/nofp/crt0.o (memset)
c:/gnuarm/10.2021.10/bin/../lib/gcc/arm-none-eabi/10.3.1/thumb/v7-m/nofp\libgcc.a(_arm_mulsf3.o)
                              CMakeFiles/Stm32F207_NucleoRuntime.dir/SimulinkApp/codeGen/stm32f207_template_app_ert_rtw/simulink_app.c.obj (__aeabi_fmul)
c:/gnuarm/10.2021.10/bin/../lib/gcc/arm-none-eabi/10.3.1/thumb/v7-m/nofp\libgcc.a(_arm_addsubdf3.o)
                              CMakeFiles/Stm32F207_NucleoRuntime.dir/SimulinkApp/codeGen/stm32f207_template_app_ert_rtw/simulink_app.c.obj (__aeabi_ui2d)
c:/gnuarm/10.2021.10/bin/../lib/gcc/arm-none-eabi/10.3.1/thumb/v7-m/nofp\libgcc.a(_arm_fixunsdfsi.o)
                              CMakeFiles/Stm32F207_NucleoRuntime.dir/SimulinkApp/codeGen/stm32f207_template_app_ert_rtw/simulink_app.c.obj (__aeabi_d2uiz)
c:/gnuarm/10.2021.10/bin/../lib/gcc/arm-none-eabi/10.3.1/thumb/v7-m/nofp\libgcc.a(_arm_addsubsf3.o)
                              CMakeFiles/Stm32F207_NucleoRuntime.dir/SimulinkApp/codeGen/stm32f207_template_app_ert_rtw/simulink_app.c.obj (__aeabi_ui2f)
c:/gnuarm/10.2021.10/bin/../lib/gcc/arm-none-eabi/10.3.1/thumb/v7-m/nofp\libgcc.a(_arm_muldivsf3.o)
                              CMakeFiles/Stm32F207_NucleoRuntime.dir/Core/Src/freertos.c.obj (__aeabi_fdiv)
c:/gnuarm/10.2021.10/bin/../lib/gcc/arm-none-eabi/10.3.1/thumb/v7-m/nofp\libgcc.a(_arm_fixunssfsi.o)
                              CMakeFiles/Stm32F207_NucleoRuntime.dir/SimulinkApp/codeGen/stm32f207_template_app_ert_rtw/simulink_app.c.obj (__aeabi_f2uiz)
c:/gnuarm/10.2021.10/bin/../lib/gcc/arm-none-eabi/10.3.1/thumb/v7-m/nofp\libgcc.a(_aeabi_uldivmod.o)
                              CMakeFiles/Stm32F207_NucleoRuntime.dir/Drivers/STM32F2xx_HAL_Driver/Src/stm32f2xx_hal_rcc.c.obj (__aeabi_uldivmod)
c:/gnuarm/10.2021.10/bin/../lib/gcc/arm-none-eabi/10.3.1/thumb/v7-m/nofp\libgcc.a(_udivmoddi4.o)
                              c:/gnuarm/10.2021.10/bin/../lib/gcc/arm-none-eabi/10.3.1/thumb/v7-m/nofp\libgcc.a(_aeabi_uldivmod.o) (__udivmoddi4)
c:/gnuarm/10.2021.10/bin/../lib/gcc/arm-none-eabi/10.3.1/thumb/v7-m/nofp\libgcc.a(_dvmd_tls.o)
                              c:/gnuarm/10.2021.10/bin/../lib/gcc/arm-none-eabi/10.3.1/thumb/v7-m/nofp\libgcc.a(_aeabi_uldivmod.o) (__aeabi_ldiv0)
c:/gnuarm/10.2021.10/bin/../lib/gcc/arm-none-eabi/10.3.1/../../../../arm-none-eabi/lib/thumb/v7-m/nofp\libg_nano.a(lib_a-errno.o)
                              CMakeFiles/Stm32F207_NucleoRuntime.dir/Core/Src/sysmem.c.obj (__errno)
c:/gnuarm/10.2021.10/bin/../lib/gcc/arm-none-eabi/10.3.1/../../../../arm-none-eabi/lib/thumb/v7-m/nofp\libg_nano.a(lib_a-memcpy-stub.o)
                              CMakeFiles/Stm32F207_NucleoRuntime.dir/Xcp/XcpPort.c.obj (memcpy)
c:/gnuarm/10.2021.10/bin/../lib/gcc/arm-none-eabi/10.3.1/../../../../arm-none-eabi/lib/thumb/v7-m/nofp\libg_nano.a(lib_a-reent.o)
                              CMakeFiles/Stm32F207_NucleoRuntime.dir/Middlewares/Third_Party/FreeRTOS/Source/tasks.c.obj (_reclaim_reent)
c:/gnuarm/10.2021.10/bin/../lib/gcc/arm-none-eabi/10.3.1/../../../../arm-none-eabi/lib/thumb/v7-m/nofp\libg_nano.a(lib_a-nano-freer.o)
                              c:/gnuarm/10.2021.10/bin/../lib/gcc/arm-none-eabi/10.3.1/../../../../arm-none-eabi/lib/thumb/v7-m/nofp\libg_nano.a(lib_a-reent.o) (_free_r)
c:/gnuarm/10.2021.10/bin/../lib/gcc/arm-none-eabi/10.3.1/../../../../arm-none-eabi/lib/thumb/v7-m/nofp\libg_nano.a(lib_a-nano-mallocr.o)
                              c:/gnuarm/10.2021.10/bin/../lib/gcc/arm-none-eabi/10.3.1/../../../../arm-none-eabi/lib/thumb/v7-m/nofp\libg_nano.a(lib_a-nano-freer.o) (__malloc_free_list)
c:/gnuarm/10.2021.10/bin/../lib/gcc/arm-none-eabi/10.3.1/../../../../arm-none-eabi/lib/thumb/v7-m/nofp\libg_nano.a(lib_a-sbrkr.o)
[...]
Memory Configuration

Name             Origin             Length             Attributes
RAM              0x20000000         0x00020000         xrw
FLASH            0x08000000         0x00100000         xr
*default*        0x00000000         0xffffffff

Linker script and memory map

LOAD c:/gnuarm/10.2021.10/bin/../lib/gcc/arm-none-eabi/10.3.1/thumb/v7-m/nofp/crti.o
LOAD c:/gnuarm/10.2021.10/bin/../lib/gcc/arm-none-eabi/10.3.1/thumb/v7-m/nofp/crtbegin.o
LOAD c:/gnuarm/10.2021.10/bin/../lib/gcc/arm-none-eabi/10.3.1/../../../../arm-none-eabi/lib/thumb/v7-m/nofp/crt0.o
START GROUP
LOAD c:/gnuarm/10.2021.10/bin/../lib/gcc/arm-none-eabi/10.3.1/../../../../arm-none-eabi/lib/thumb/v7-m/nofp\libc_nano.a
LOAD c:/gnuarm/10.2021.10/bin/../lib/gcc/arm-none-eabi/10.3.1/../../../../arm-none-eabi/lib/thumb/v7-m/nofp\libm.a
END GROUP
LOAD CMakeFiles/Stm32F207_NucleoRuntime.dir/Xcp/XcpApplication.c.obj
LOAD CMakeFiles/Stm32F207_NucleoRuntime.dir/Xcp/XcpBasic.c.obj
LOAD CMakeFiles/Stm32F207_NucleoRuntime.dir/Xcp/XcpPort.c.obj
LOAD CMakeFiles/Stm32F207_NucleoRuntime.dir/SimulinkApp/codeGen/stm32f207_template_app_ert_rtw/simulink_app.c.obj
LOAD CMakeFiles/Stm32F207_NucleoRuntime.dir/SimulinkApp/codeGen/stm32f207_template_app_ert_rtw/stm32f207_template_app.c.obj
LOAD CMakeFiles/Stm32F207_NucleoRuntime.dir/SimulinkApp/codeGen/stm32f207_template_app_ert_rtw/stm32f207_template_app_data.c.obj
LOAD CMakeFiles/Stm32F207_NucleoRuntime.dir/SimulinkApp/otherFiles/can_control.c.obj
LOAD CMakeFiles/Stm32F207_NucleoRuntime.dir/SimulinkApp/otherFiles/led_control.c.obj
LOAD CMakeFiles/Stm32F207_NucleoRuntime.dir/Core/Src/main.c.obj
LOAD CMakeFiles/Stm32F207_NucleoRuntime.dir/Core/Src/gpio.c.obj
LOAD CMakeFiles/Stm32F207_NucleoRuntime.dir/Core/Src/freertos.c.obj
LOAD CMakeFiles/Stm32F207_NucleoRuntime.dir/Core/Src/can.c.obj
LOAD CMakeFiles/Stm32F207_NucleoRuntime.dir/Core/Src/usart.c.obj
LOAD CMakeFiles/Stm32F207_NucleoRuntime.dir/Core/Src/stm32f2xx_it.c.obj
LOAD CMakeFiles/Stm32F207_NucleoRuntime.dir/Core/Src/stm32f2xx_hal_msp.c.obj
LOAD CMakeFiles/Stm32F207_NucleoRuntime.dir/Core/Src/stm32f2xx_hal_timebase_tim.c.obj
LOAD CMakeFiles/Stm32F207_NucleoRuntime.dir/Drivers/STM32F2xx_HAL_Driver/Src/stm32f2xx_hal_tim.c.obj
LOAD CMakeFiles/Stm32F207_NucleoRuntime.dir/Drivers/STM32F2xx_HAL_Driver/Src/stm32f2xx_hal_tim_ex.c.obj
LOAD CMakeFiles/Stm32F207_NucleoRuntime.dir/Drivers/STM32F2xx_HAL_Driver/Src/stm32f2xx_hal_can.c.obj
LOAD CMakeFiles/Stm32F207_NucleoRuntime.dir/Drivers/STM32F2xx_HAL_Driver/Src/stm32f2xx_hal.c.obj
LOAD CMakeFiles/Stm32F207_NucleoRuntime.dir/Drivers/STM32F2xx_HAL_Driver/Src/stm32f2xx_hal_rcc.c.obj
LOAD CMakeFiles/Stm32F207_NucleoRuntime.dir/Drivers/STM32F2xx_HAL_Driver/Src/stm32f2xx_hal_rcc_ex.c.obj
LOAD CMakeFiles/Stm32F207_NucleoRuntime.dir/Drivers/STM32F2xx_HAL_Driver/Src/stm32f2xx_hal_cortex.c.obj
LOAD CMakeFiles/Stm32F207_NucleoRuntime.dir/Drivers/STM32F2xx_HAL_Driver/Src/stm32f2xx_hal_flash.c.obj
LOAD CMakeFiles/Stm32F207_NucleoRuntime.dir/Drivers/STM32F2xx_HAL_Driver/Src/stm32f2xx_hal_flash_ex.c.obj
LOAD CMakeFiles/Stm32F207_NucleoRuntime.dir/Drivers/STM32F2xx_HAL_Driver/Src/stm32f2xx_hal_pwr.c.obj
LOAD CMakeFiles/Stm32F207_NucleoRuntime.dir/Drivers/STM32F2xx_HAL_Driver/Src/stm32f2xx_hal_pwr_ex.c.obj
LOAD CMakeFiles/Stm32F207_NucleoRuntime.dir/Drivers/STM32F2xx_HAL_Driver/Src/stm32f2xx_hal_gpio.c.obj
LOAD CMakeFiles/Stm32F207_NucleoRuntime.dir/Drivers/STM32F2xx_HAL_Driver/Src/stm32f2xx_hal_dma.c.obj
LOAD CMakeFiles/Stm32F207_NucleoRuntime.dir/Drivers/STM32F2xx_HAL_Driver/Src/stm32f2xx_hal_dma_ex.c.obj
LOAD CMakeFiles/Stm32F207_NucleoRuntime.dir/Drivers/STM32F2xx_HAL_Driver/Src/stm32f2xx_hal_exti.c.obj
LOAD CMakeFiles/Stm32F207_NucleoRuntime.dir/Drivers/STM32F2xx_HAL_Driver/Src/stm32f2xx_hal_uart.c.obj
LOAD CMakeFiles/Stm32F207_NucleoRuntime.dir/Core/Src/system_stm32f2xx.c.obj
LOAD CMakeFiles/Stm32F207_NucleoRuntime.dir/Middlewares/Third_Party/FreeRTOS/Source/croutine.c.obj
LOAD CMakeFiles/Stm32F207_NucleoRuntime.dir/Middlewares/Third_Party/FreeRTOS/Source/event_groups.c.obj
LOAD CMakeFiles/Stm32F207_NucleoRuntime.dir/Middlewares/Third_Party/FreeRTOS/Source/list.c.obj
LOAD CMakeFiles/Stm32F207_NucleoRuntime.dir/Middlewares/Third_Party/FreeRTOS/Source/queue.c.obj
LOAD CMakeFiles/Stm32F207_NucleoRuntime.dir/Middlewares/Third_Party/FreeRTOS/Source/stream_buffer.c.obj
LOAD CMakeFiles/Stm32F207_NucleoRuntime.dir/Middlewares/Third_Party/FreeRTOS/Source/tasks.c.obj
LOAD CMakeFiles/Stm32F207_NucleoRuntime.dir/Middlewares/Third_Party/FreeRTOS/Source/timers.c.obj
LOAD CMakeFiles/Stm32F207_NucleoRuntime.dir/Middlewares/Third_Party/FreeRTOS/Source/CMSIS_RTOS_V2/cmsis_os2.c.obj
LOAD CMakeFiles/Stm32F207_NucleoRuntime.dir/Middlewares/Third_Party/FreeRTOS/Source/portable/MemMang/heap_1.c.obj
LOAD CMakeFiles/Stm32F207_NucleoRuntime.dir/Middlewares/Third_Party/FreeRTOS/Source/portable/GCC/ARM_CM3/port.c.obj
LOAD CMakeFiles/Stm32F207_NucleoRuntime.dir/Core/Src/sysmem.c.obj
LOAD CMakeFiles/Stm32F207_NucleoRuntime.dir/Core/Src/syscalls.c.obj
LOAD CMakeFiles/Stm32F207_NucleoRuntime.dir/startup_stm32f207xx.s.obj
LOAD C:\Users\Olga\Desktop\EvgeniiWork\gitRepos\builds\stm32f207_board\Stm32F207_NucleoRuntime\libs\libcmsis_dsp.a
START GROUP
LOAD c:/gnuarm/10.2021.10/bin/../lib/gcc/arm-none-eabi/10.3.1/thumb/v7-m/nofp\libgcc.a
LOAD c:/gnuarm/10.2021.10/bin/../lib/gcc/arm-none-eabi/10.3.1/../../../../arm-none-eabi/lib/thumb/v7-m/nofp\libg_nano.a
LOAD c:/gnuarm/10.2021.10/bin/../lib/gcc/arm-none-eabi/10.3.1/../../../../arm-none-eabi/lib/thumb/v7-m/nofp\libc_nano.a
END GROUP
START GROUP
LOAD c:/gnuarm/10.2021.10/bin/../lib/gcc/arm-none-eabi/10.3.1/thumb/v7-m/nofp\libgcc.a
LOAD c:/gnuarm/10.2021.10/bin/../lib/gcc/arm-none-eabi/10.3.1/../../../../arm-none-eabi/lib/thumb/v7-m/nofp\libc_nano.a
END GROUP
LOAD c:/gnuarm/10.2021.10/bin/../lib/gcc/arm-none-eabi/10.3.1/thumb/v7-m/nofp/crtend.o
LOAD c:/gnuarm/10.2021.10/bin/../lib/gcc/arm-none-eabi/10.3.1/thumb/v7-m/nofp/crtn.o
                0x20020000                _estack = (ORIGIN (RAM) + LENGTH (RAM))
                0x00000200                _Min_Heap_Size = 0x200
                0x00000400                _Min_Stack_Size = 0x400

.isr_vector     0x08000000      0x184
                0x08000000                . = ALIGN (0x4)
 *(.isr_vector)
 .isr_vector    0x08000000      0x184 CMakeFiles/Stm32F207_NucleoRuntime.dir/startup_stm32f207xx.s.obj
                0x08000000                g_pfnVectors
                0x08000184                . = ALIGN (0x4)

.text           0x08000190     0x96a0
                0x08000190                . = ALIGN (0x4)
 *(.text)
 .text          0x08000190       0x40 c:/gnuarm/10.2021.10/bin/../lib/gcc/arm-none-eabi/10.3.1/thumb/v7-m/nofp/crtbegin.o
 .text          0x080001d0      0x378 c:/gnuarm/10.2021.10/bin/../lib/gcc/arm-none-eabi/10.3.1/thumb/v7-m/nofp\libgcc.a(_arm_addsubdf3.o)
                0x080001d0                __aeabi_drsub
                0x080001d8                __aeabi_dsub
                0x080001d8                __subdf3
                0x080001dc                __aeabi_dadd
                0x080001dc                __adddf3
                0x08000454                __floatunsidf
                0x08000454                __aeabi_ui2d
                0x08000474                __floatsidf
                0x08000474                __aeabi_i2d
                0x08000498                __aeabi_f2d
                0x08000498                __extendsfdf2
                0x080004dc                __floatundidf
                0x080004dc                __aeabi_ul2d
                0x080004ec                __floatdidf
                0x080004ec                __aeabi_l2d
 .text          0x08000548       0x40 c:/gnuarm/10.2021.10/bin/../lib/gcc/arm-none-eabi/10.3.1/thumb/v7-m/nofp\libgcc.a(_arm_fixunsdfsi.o)
                0x08000548                __aeabi_d2uiz
                0x08000548                __fixunsdfsi
 .text          0x08000588      0x21c c:/gnuarm/10.2021.10/bin/../lib/gcc/arm-none-eabi/10.3.1/thumb/v7-m/nofp\libgcc.a(_arm_addsubsf3.o)
                0x08000588                __aeabi_frsub
                0x08000590                __subsf3
                0x08000590                __aeabi_fsub
                0x08000594                __aeabi_fadd
                0x08000594                __addsf3
                0x080006f4                __aeabi_ui2f
                0x080006f4                __floatunsisf
                0x080006fc                __aeabi_i2f
                0x080006fc                __floatsisf
                0x08000718                __aeabi_ul2f
                0x08000718                __floatundisf
                0x08000728                __aeabi_l2f
                0x08000728                __floatdisf
 .text          0x080007a4      0x2a0 c:/gnuarm/10.2021.10/bin/../lib/gcc/arm-none-eabi/10.3.1/thumb/v7-m/nofp\libgcc.a(_arm_muldivsf3.o)
                0x080007a4                __mulsf3
                0x080007a4                __aeabi_fmul
                0x0800090c                __aeabi_fdiv
                0x0800090c                __divsf3
 .text          0x08000a44       0x40 c:/gnuarm/10.2021.10/bin/../lib/gcc/arm-none-eabi/10.3.1/thumb/v7-m/nofp\libgcc.a(_arm_fixunssfsi.o)
                0x08000a44                __fixunssfsi
                0x08000a44                __aeabi_f2uiz
 .text          0x08000a84       0x30 c:/gnuarm/10.2021.10/bin/../lib/gcc/arm-none-eabi/10.3.1/thumb/v7-m/nofp\libgcc.a(_aeabi_uldivmod.o)
                0x08000a84                __aeabi_uldivmod
 .text          0x08000ab4      0x2d4 c:/gnuarm/10.2021.10/bin/../lib/gcc/arm-none-eabi/10.3.1/thumb/v7-m/nofp\libgcc.a(_udivmoddi4.o)
                0x08000ab4                __udivmoddi4
 .text          0x08000d88        0x4 c:/gnuarm/10.2021.10/bin/../lib/gcc/arm-none-eabi/10.3.1/thumb/v7-m/nofp\libgcc.a(_dvmd_tls.o)
                0x08000d88                __aeabi_idiv0
                0x08000d88                __aeabi_ldiv0
 *(.text*)
 .text.__libc_init_array
                0x08000d8c       0x48 c:/gnuarm/10.2021.10/bin/../lib/gcc/arm-none-eabi/10.3.1/../../../../arm-none-eabi/lib/thumb/v7-m/nofp\libc_nano.a(lib_a-init.o)
                0x08000d8c                __libc_init_array
 .text.memset   0x08000dd4       0x10 c:/gnuarm/10.2021.10/bin/../lib/gcc/arm-none-eabi/10.3.1/../../../../arm-none-eabi/lib/thumb/v7-m/nofp\libc_nano.a(lib_a-memset.o)
                0x08000dd4                memset
 .text.ApplXcpInit
                0x08000de4        0xc CMakeFiles/Stm32F207_NucleoRuntime.dir/Xcp/XcpApplication.c.obj
                0x08000de4                ApplXcpInit
 .text.ApplXcpGetPointer
                0x08000df0       0x18 CMakeFiles/Stm32F207_NucleoRuntime.dir/Xcp/XcpApplication.c.obj
                0x08000df0                ApplXcpGetPointer
 .text.ApplXcpGetIdData
                0x08000e08       0x6c CMakeFiles/Stm32F207_NucleoRuntime.dir/Xcp/XcpApplication.c.obj
                0x08000e08                ApplXcpGetIdData
 .text.XcpMemSet
                0x08000e74       0x36 CMakeFiles/Stm32F207_NucleoRuntime.dir/Xcp/XcpBasic.c.obj
                0x08000e74                XcpMemSet
 .text.XcpMemClr
                0x08000eaa       0x20 CMakeFiles/Stm32F207_NucleoRuntime.dir/Xcp/XcpBasic.c.obj
 .text.XcpMemCpy
                0x08000eca       0x3c CMakeFiles/Stm32F207_NucleoRuntime.dir/Xcp/XcpBasic.c.obj
                0x08000eca                XcpMemCpy
 *fill*         0x08000f06        0x2 
 .text.XcpSetActiveTl
                0x08000f08       0x28 CMakeFiles/Stm32F207_NucleoRuntime.dir/Xcp/XcpBasic.c.obj
                0x08000f08                XcpSetActiveTl
 .text.XcpSendCrm
                0x08000f30       0x88 CMakeFiles/Stm32F207_NucleoRuntime.dir/Xcp/XcpBasic.c.obj
                0x08000f30                XcpSendCrm
 .text.XcpSendDto
                0x08000fb8       0x1e CMakeFiles/Stm32F207_NucleoRuntime.dir/Xcp/XcpBasic.c.obj
                0x08000fb8                XcpSendDto
 *fill*         0x08000fd6        0x2 
 .text.XcpSendDtoFromQueue
                0x08000fd8       0xb4 CMakeFiles/Stm32F207_NucleoRuntime.dir/Xcp/XcpBasic.c.obj
 .text.XcpQueueInit
                0x0800108c       0x24 CMakeFiles/Stm32F207_NucleoRuntime.dir/Xcp/XcpBasic.c.obj
 .text.XcpWriteMta
                0x080010b0       0x44 CMakeFiles/Stm32F207_NucleoRuntime.dir/Xcp/XcpBasic.c.obj
 .text.XcpReadMta
                0x080010f4       0x44 CMakeFiles/Stm32F207_NucleoRuntime.dir/Xcp/XcpBasic.c.obj
 .text.XcpFreeDaq
                0x08001138       0x64 CMakeFiles/Stm32F207_NucleoRuntime.dir/Xcp/XcpBasic.c.obj
 .text.XcpAllocMemory
                0x0800119c       0xf8 CMakeFiles/Stm32F207_NucleoRuntime.dir/Xcp/XcpBasic.c.obj
 .text.XcpAllocStimMemory
                0x08001294       0xc8 CMakeFiles/Stm32F207_NucleoRuntime.dir/Xcp/XcpBasic.c.obj
 .text.XcpAllocDaq
                0x0800135c       0x24 CMakeFiles/Stm32F207_NucleoRuntime.dir/Xcp/XcpBasic.c.obj
 .text.XcpAllocOdt
                0x08001380       0x68 CMakeFiles/Stm32F207_NucleoRuntime.dir/Xcp/XcpBasic.c.obj
 .text.XcpAllocOdtEntry
                0x080013e8       0x8c CMakeFiles/Stm32F207_NucleoRuntime.dir/Xcp/XcpBasic.c.obj
 .text.XcpStartDaq
                0x08001474       0x48 CMakeFiles/Stm32F207_NucleoRuntime.dir/Xcp/XcpBasic.c.obj
 .text.XcpStartAllSelectedDaq
                0x080014bc       0x68 CMakeFiles/Stm32F207_NucleoRuntime.dir/Xcp/XcpBasic.c.obj
 .text.XcpStopDaq
                0x08001524       0x74 CMakeFiles/Stm32F207_NucleoRuntime.dir/Xcp/XcpBasic.c.obj
 .text.XcpStopAllSelectedDaq
                0x08001598       0x68 CMakeFiles/Stm32F207_NucleoRuntime.dir/Xcp/XcpBasic.c.obj
 .text.XcpStopAllDaq
                0x08001600       0x5c CMakeFiles/Stm32F207_NucleoRuntime.dir/Xcp/XcpBasic.c.obj
 .text.XcpEvent
                0x0800165c      0x358 CMakeFiles/Stm32F207_NucleoRuntime.dir/Xcp/XcpBasic.c.obj
                0x0800165c                XcpEvent
 .text.XcpDisconnect
                0x080019b4       0x20 CMakeFiles/Stm32F207_NucleoRuntime.dir/Xcp/XcpBasic.c.obj
                0x080019b4                XcpDisconnect
 .text.XcpCommand
                0x080019d4      0x76c CMakeFiles/Stm32F207_NucleoRuntime.dir/Xcp/XcpBasic.c.obj
                0x080019d4                XcpCommand
 .text.XcpSendCallBack
                0x08002140       0x7c CMakeFiles/Stm32F207_NucleoRuntime.dir/Xcp/XcpBasic.c.obj
                0x08002140                XcpSendCallBack
 .text.XcpInit  0x080021bc       0x38 CMakeFiles/Stm32F207_NucleoRuntime.dir/Xcp/XcpBasic.c.obj
                0x080021bc                XcpInit
 .text.XcpMessageHandler
                0x080021f4       0x2e CMakeFiles/Stm32F207_NucleoRuntime.dir/Xcp/XcpPort.c.obj
                0x080021f4                XcpMessageHandler
 *fill*         0x08002222        0x2 
 .text.ApplXcpSend
                0x08002224       0x5c CMakeFiles/Stm32F207_NucleoRuntime.dir/Xcp/XcpPort.c.obj
                0x08002224                ApplXcpSend
 .text.rate_scheduler
                0x08002280       0x58 CMakeFiles/Stm32F207_NucleoRuntime.dir/SimulinkApp/codeGen/stm32f207_template_app_ert_rtw/simulink_app.c.obj
 .text.stm32f207_template_ap_anSendMsg
                0x080022d8       0x84 CMakeFiles/Stm32F207_NucleoRuntime.dir/SimulinkApp/codeGen/stm32f207_template_app_ert_rtw/simulink_app.c.obj
                0x080022d8                stm32f207_template_ap_anSendMsg
 .text.stm32f207_template_app_CANsend
                0x0800235c       0x84 CMakeFiles/Stm32F207_NucleoRuntime.dir/SimulinkApp/codeGen/stm32f207_template_app_ert_rtw/simulink_app.c.obj
                0x0800235c                stm32f207_template_app_CANsend
 .text.simulink_app_step
                0x080023e0      0x818 CMakeFiles/Stm32F207_NucleoRuntime.dir/SimulinkApp/codeGen/stm32f207_template_app_ert_rtw/simulink_app.c.obj
                0x080023e0                simulink_app_step
 .text.simulink_app_initialize
                0x08002bf8        0xc CMakeFiles/Stm32F207_NucleoRuntime.dir/SimulinkApp/codeGen/stm32f207_template_app_ert_rtw/simulink_app.c.obj
                0x08002bf8                simulink_app_initialize
 .text.CanGetAllMessages
                0x08002c04       0x64 CMakeFiles/Stm32F207_NucleoRuntime.dir/SimulinkApp/otherFiles/can_control.c.obj
                0x08002c04                CanGetAllMessages
 .text.CanSendMessage
                0x08002c68       0x64 CMakeFiles/Stm32F207_NucleoRuntime.dir/SimulinkApp/otherFiles/can_control.c.obj
                0x08002c68                CanSendMessage
 .text.SetLedState
                0x08002ccc       0x60 CMakeFiles/Stm32F207_NucleoRuntime.dir/SimulinkApp/otherFiles/led_control.c.obj
                0x08002ccc                SetLedState
 .text.main     0x08002d2c       0x70 CMakeFiles/Stm32F207_NucleoRuntime.dir/Core/Src/main.c.obj
                0x08002d2c                main
 .text.SystemClock_Config
                0x08002d9c       0x8c CMakeFiles/Stm32F207_NucleoRuntime.dir/Core/Src/main.c.obj
                0x08002d9c                SystemClock_Config
 .text.CAN1_Filter_AcceptAll
                0x08002e28       0x68 CMakeFiles/Stm32F207_NucleoRuntime.dir/Core/Src/main.c.obj
                0x08002e28                CAN1_Filter_AcceptAll
 .text.CAN2_Filter_AcceptAll
                0x08002e90       0x58 CMakeFiles/Stm32F207_NucleoRuntime.dir/Core/Src/main.c.obj
                0x08002e90                CAN2_Filter_AcceptAll
 .text.HAL_TIM_PeriodElapsedCallback
                0x08002ee8       0x24 CMakeFiles/Stm32F207_NucleoRuntime.dir/Core/Src/main.c.obj
                0x08002ee8                HAL_TIM_PeriodElapsedCallback
 .text.Error_Handler
                0x08002f0c        0xa CMakeFiles/Stm32F207_NucleoRuntime.dir/Core/Src/main.c.obj
                0x08002f0c                Error_Handler
 *fill*         0x08002f16        0x2 
 .text.MX_GPIO_Init
                0x08002f18      0x15c CMakeFiles/Stm32F207_NucleoRuntime.dir/Core/Src/gpio.c.obj
                0x08002f18                MX_GPIO_Init
 .text.MX_FREERTOS_Init
                0x08003074       0xf0 CMakeFiles/Stm32F207_NucleoRuntime.dir/Core/Src/freertos.c.obj
                0x08003074                MX_FREERTOS_Init
 .text.StartCan2_TxTask
                0x08003164       0x3c CMakeFiles/Stm32F207_NucleoRuntime.dir/Core/Src/freertos.c.obj
                0x08003164                StartCan2_TxTask
 .text.StartCan1_TxTask
                0x080031a0       0x3c CMakeFiles/Stm32F207_NucleoRuntime.dir/Core/Src/freertos.c.obj
                0x080031a0                StartCan1_TxTask
 .text.StartAppTask
                0x080031dc       0x9c CMakeFiles/Stm32F207_NucleoRuntime.dir/Core/Src/freertos.c.obj
                0x080031dc                StartAppTask
 .text.StartCanXcpTask
                0x08003278       0xb8 CMakeFiles/Stm32F207_NucleoRuntime.dir/Core/Src/freertos.c.obj
                0x08003278                StartCanXcpTask
 .text.CAN_SendMessage
                0x08003330       0x7c CMakeFiles/Stm32F207_NucleoRuntime.dir/Core/Src/freertos.c.obj
                0x08003330                CAN_SendMessage
 .text.ProcessCanToQueue
                0x080033ac       0x74 CMakeFiles/Stm32F207_NucleoRuntime.dir/Core/Src/freertos.c.obj
                0x080033ac                ProcessCanToQueue
 .text.HAL_CAN_RxFifo0MsgPendingCallback
                0x08003420       0x6c CMakeFiles/Stm32F207_NucleoRuntime.dir/Core/Src/freertos.c.obj
                0x08003420                HAL_CAN_RxFifo0MsgPendingCallback
 .text.HAL_CAN_RxFifo1MsgPendingCallback
                0x0800348c       0x6c CMakeFiles/Stm32F207_NucleoRuntime.dir/Core/Src/freertos.c.obj
                0x0800348c                HAL_CAN_RxFifo1MsgPendingCallback
 .text.HAL_CAN_ErrorCallback
                0x080034f8       0x48 CMakeFiles/Stm32F207_NucleoRuntime.dir/Core/Src/freertos.c.obj
                0x080034f8                HAL_CAN_ErrorCallback
 .text.MX_CAN1_Init
                0x08003540       0x6c CMakeFiles/Stm32F207_NucleoRuntime.dir/Core/Src/can.c.obj
                0x08003540                MX_CAN1_Init
 .text.MX_CAN2_Init
                0x080035ac       0x6c CMakeFiles/Stm32F207_NucleoRuntime.dir/Core/Src/can.c.obj
                0x080035ac                MX_CAN2_Init
 .text.HAL_CAN_MspInit
                0x08003618      0x1c0 CMakeFiles/Stm32F207_NucleoRuntime.dir/Core/Src/can.c.obj
                0x08003618                HAL_CAN_MspInit
 .text.MX_USART3_UART_Init
                0x080037d8       0x54 CMakeFiles/Stm32F207_NucleoRuntime.dir/Core/Src/usart.c.obj
                0x080037d8                MX_USART3_UART_Init
 .text.HAL_UART_MspInit
                0x0800382c       0xa0 CMakeFiles/Stm32F207_NucleoRuntime.dir/Core/Src/usart.c.obj
                0x0800382c                HAL_UART_MspInit
 .text.NMI_Handler
                0x080038cc        0x6 CMakeFiles/Stm32F207_NucleoRuntime.dir/Core/Src/stm32f2xx_it.c.obj
                0x080038cc                NMI_Handler
 .text.HardFault_Handler
                0x080038d2        0x6 CMakeFiles/Stm32F207_NucleoRuntime.dir/Core/Src/stm32f2xx_it.c.obj
                0x080038d2                HardFault_Handler
 .text.MemManage_Handler
                0x080038d8        0x6 CMakeFiles/Stm32F207_NucleoRuntime.dir/Core/Src/stm32f2xx_it.c.obj
                0x080038d8                MemManage_Handler
 .text.BusFault_Handler
                0x080038de        0x6 CMakeFiles/Stm32F207_NucleoRuntime.dir/Core/Src/stm32f2xx_it.c.obj
                0x080038de                BusFault_Handler
 .text.UsageFault_Handler
                0x080038e4        0x6 CMakeFiles/Stm32F207_NucleoRuntime.dir/Core/Src/stm32f2xx_it.c.obj
                0x080038e4                UsageFault_Handler
 .text.DebugMon_Handler
                0x080038ea        0xc CMakeFiles/Stm32F207_NucleoRuntime.dir/Core/Src/stm32f2xx_it.c.obj
                0x080038ea                DebugMon_Handler
 *fill*         0x080038f6        0x2 
 .text.CAN1_TX_IRQHandler
                0x080038f8       0x14 CMakeFiles/Stm32F207_NucleoRuntime.dir/Core/Src/stm32f2xx_it.c.obj
                0x080038f8                CAN1_TX_IRQHandler
 .text.CAN1_RX0_IRQHandler
                0x0800390c       0x14 CMakeFiles/Stm32F207_NucleoRuntime.dir/Core/Src/stm32f2xx_it.c.obj
                0x0800390c                CAN1_RX0_IRQHandler
 .text.CAN1_RX1_IRQHandler
                0x08003920       0x14 CMakeFiles/Stm32F207_NucleoRuntime.dir/Core/Src/stm32f2xx_it.c.obj
                0x08003920                CAN1_RX1_IRQHandler
 .text.CAN1_SCE_IRQHandler
                0x08003934       0x14 CMakeFiles/Stm32F207_NucleoRuntime.dir/Core/Src/stm32f2xx_it.c.obj
                0x08003934                CAN1_SCE_IRQHandler
 .text.USART3_IRQHandler
                0x08003948       0x14 CMakeFiles/Stm32F207_NucleoRuntime.dir/Core/Src/stm32f2xx_it.c.obj
                0x08003948                USART3_IRQHandler
 .text.TIM6_DAC_IRQHandler
                0x0800395c       0x14 CMakeFiles/Stm32F207_NucleoRuntime.dir/Core/Src/stm32f2xx_it.c.obj
                0x0800395c                TIM6_DAC_IRQHandler
 .text.CAN2_TX_IRQHandler
                0x08003970       0x14 CMakeFiles/Stm32F207_NucleoRuntime.dir/Core/Src/stm32f2xx_it.c.obj
                0x08003970                CAN2_TX_IRQHandler
 .text.CAN2_RX0_IRQHandler
                0x08003984       0x14 CMakeFiles/Stm32F207_NucleoRuntime.dir/Core/Src/stm32f2xx_it.c.obj
                0x08003984                CAN2_RX0_IRQHandler
 .text.CAN2_RX1_IRQHandler
                0x08003998       0x14 CMakeFiles/Stm32F207_NucleoRuntime.dir/Core/Src/stm32f2xx_it.c.obj
                0x08003998                CAN2_RX1_IRQHandler
 .text.CAN2_SCE_IRQHandler
                0x080039ac       0x14 CMakeFiles/Stm32F207_NucleoRuntime.dir/Core/Src/stm32f2xx_it.c.obj
                0x080039ac                CAN2_SCE_IRQHandler
 .text.HAL_MspInit
                0x080039c0       0x58 CMakeFiles/Stm32F207_NucleoRuntime.dir/Core/Src/stm32f2xx_hal_msp.c.obj
                0x080039c0                HAL_MspInit
 .text.HAL_InitTick
                0x08003a18       0xf8 CMakeFiles/Stm32F207_NucleoRuntime.dir/Core/Src/stm32f2xx_hal_timebase_tim.c.obj
                0x08003a18                HAL_InitTick
 .text.HAL_TIM_Base_Init
                0x08003b10       0x9e CMakeFiles/Stm32F207_NucleoRuntime.dir/Drivers/STM32F2xx_HAL_Driver/Src/stm32f2xx_hal_tim.c.obj
                0x08003b10                HAL_TIM_Base_Init
 .text.HAL_TIM_Base_MspInit
                0x08003bae       0x12 CMakeFiles/Stm32F207_NucleoRuntime.dir/Drivers/STM32F2xx_HAL_Driver/Src/stm32f2xx_hal_tim.c.obj
                0x08003bae                HAL_TIM_Base_MspInit
 .text.HAL_TIM_Base_Start_IT
                0x08003bc0       0xdc CMakeFiles/Stm32F207_NucleoRuntime.dir/Drivers/STM32F2xx_HAL_Driver/Src/stm32f2xx_hal_tim.c.obj
                0x08003bc0                HAL_TIM_Base_Start_IT
 .text.HAL_TIM_IRQHandler
                0x08003c9c      0x1e0 CMakeFiles/Stm32F207_NucleoRuntime.dir/Drivers/STM32F2xx_HAL_Driver/Src/stm32f2xx_hal_tim.c.obj
                0x08003c9c                HAL_TIM_IRQHandler
 .text.HAL_TIM_OC_DelayElapsedCallback
                0x08003e7c       0x12 CMakeFiles/Stm32F207_NucleoRuntime.dir/Drivers/STM32F2xx_HAL_Driver/Src/stm32f2xx_hal_tim.c.obj
                0x08003e7c                HAL_TIM_OC_DelayElapsedCallback
 .text.HAL_TIM_IC_CaptureCallback
                0x08003e8e       0x12 CMakeFiles/Stm32F207_NucleoRuntime.dir/Drivers/STM32F2xx_HAL_Driver/Src/stm32f2xx_hal_tim.c.obj
                0x08003e8e                HAL_TIM_IC_CaptureCallback
 .text.HAL_TIM_PWM_PulseFinishedCallback
                0x08003ea0       0x12 CMakeFiles/Stm32F207_NucleoRuntime.dir/Drivers/STM32F2xx_HAL_Driver/Src/stm32f2xx_hal_tim.c.obj
                0x08003ea0                HAL_TIM_PWM_PulseFinishedCallback
 .text.HAL_TIM_TriggerCallback
                0x08003eb2       0x12 CMakeFiles/Stm32F207_NucleoRuntime.dir/Drivers/STM32F2xx_HAL_Driver/Src/stm32f2xx_hal_tim.c.obj
                0x08003eb2                HAL_TIM_TriggerCallback
 .text.TIM_Base_SetConfig
                0x08003ec4      0x154 CMakeFiles/Stm32F207_NucleoRuntime.dir/Drivers/STM32F2xx_HAL_Driver/Src/stm32f2xx_hal_tim.c.obj
                0x08003ec4                TIM_Base_SetConfig
 .text.HAL_TIMEx_CommutCallback
                0x08004018       0x12 CMakeFiles/Stm32F207_NucleoRuntime.dir/Drivers/STM32F2xx_HAL_Driver/Src/stm32f2xx_hal_tim_ex.c.obj
                0x08004018                HAL_TIMEx_CommutCallback
 .text.HAL_TIMEx_BreakCallback
                0x0800402a       0x12 CMakeFiles/Stm32F207_NucleoRuntime.dir/Drivers/STM32F2xx_HAL_Driver/Src/stm32f2xx_hal_tim_ex.c.obj
                0x0800402a                HAL_TIMEx_BreakCallback
 .text.HAL_CAN_Init
                0x0800403c      0x1f6 CMakeFiles/Stm32F207_NucleoRuntime.dir/Drivers/STM32F2xx_HAL_Driver/Src/stm32f2xx_hal_can.c.obj
                0x0800403c                HAL_CAN_Init
 *fill*         0x08004232        0x2 
 .text.HAL_CAN_ConfigFilter
                0x08004234      0x1c0 CMakeFiles/Stm32F207_NucleoRuntime.dir/Drivers/STM32F2xx_HAL_Driver/Src/stm32f2xx_hal_can.c.obj
                0x08004234                HAL_CAN_ConfigFilter
 .text.HAL_CAN_Start
                0x080043f4       0x88 CMakeFiles/Stm32F207_NucleoRuntime.dir/Drivers/STM32F2xx_HAL_Driver/Src/stm32f2xx_hal_can.c.obj
                0x080043f4                HAL_CAN_Start
 .text.HAL_CAN_AddTxMessage
                0x0800447c      0x19e CMakeFiles/Stm32F207_NucleoRuntime.dir/Drivers/STM32F2xx_HAL_Driver/Src/stm32f2xx_hal_can.c.obj
                0x0800447c                HAL_CAN_AddTxMessage
 .text.HAL_CAN_GetTxMailboxesFreeLevel
                0x0800461a       0x68 CMakeFiles/Stm32F207_NucleoRuntime.dir/Drivers/STM32F2xx_HAL_Driver/Src/stm32f2xx_hal_can.c.obj
                0x0800461a                HAL_CAN_GetTxMailboxesFreeLevel
 .text.HAL_CAN_GetRxMessage
                0x08004682      0x242 CMakeFiles/Stm32F207_NucleoRuntime.dir/Drivers/STM32F2xx_HAL_Driver/Src/stm32f2xx_hal_can.c.obj
                0x08004682                HAL_CAN_GetRxMessage
 .text.HAL_CAN_ActivateNotification
                0x080048c4       0x4a CMakeFiles/Stm32F207_NucleoRuntime.dir/Drivers/STM32F2xx_HAL_Driver/Src/stm32f2xx_hal_can.c.obj
                0x080048c4                HAL_CAN_ActivateNotification
 .text.HAL_CAN_IRQHandler
                0x0800490e      0x36e CMakeFiles/Stm32F207_NucleoRuntime.dir/Drivers/STM32F2xx_HAL_Driver/Src/stm32f2xx_hal_can.c.obj
                0x0800490e                HAL_CAN_IRQHandler
 .text.HAL_CAN_TxMailbox0CompleteCallback
                0x08004c7c       0x12 CMakeFiles/Stm32F207_NucleoRuntime.dir/Drivers/STM32F2xx_HAL_Driver/Src/stm32f2xx_hal_can.c.obj
                0x08004c7c                HAL_CAN_TxMailbox0CompleteCallback
 .text.HAL_CAN_TxMailbox1CompleteCallback
                0x08004c8e       0x12 CMakeFiles/Stm32F207_NucleoRuntime.dir/Drivers/STM32F2xx_HAL_Driver/Src/stm32f2xx_hal_can.c.obj
                0x08004c8e                HAL_CAN_TxMailbox1CompleteCallback
 .text.HAL_CAN_TxMailbox2CompleteCallback
                0x08004ca0       0x12 CMakeFiles/Stm32F207_NucleoRuntime.dir/Drivers/STM32F2xx_HAL_Driver/Src/stm32f2xx_hal_can.c.obj
                0x08004ca0                HAL_CAN_TxMailbox2CompleteCallback
 .text.HAL_CAN_TxMailbox0AbortCallback
                0x08004cb2       0x12 CMakeFiles/Stm32F207_NucleoRuntime.dir/Drivers/STM32F2xx_HAL_Driver/Src/stm32f2xx_hal_can.c.obj
                0x08004cb2                HAL_CAN_TxMailbox0AbortCallback
 .text.HAL_CAN_TxMailbox1AbortCallback
                0x08004cc4       0x12 CMakeFiles/Stm32F207_NucleoRuntime.dir/Drivers/STM32F2xx_HAL_Driver/Src/stm32f2xx_hal_can.c.obj
                0x08004cc4                HAL_CAN_TxMailbox1AbortCallback
 .text.HAL_CAN_TxMailbox2AbortCallback
                0x08004cd6       0x12 CMakeFiles/Stm32F207_NucleoRuntime.dir/Drivers/STM32F2xx_HAL_Driver/Src/stm32f2xx_hal_can.c.obj
                0x08004cd6                HAL_CAN_TxMailbox2AbortCallback
 .text.HAL_CAN_RxFifo0FullCallback
                0x08004ce8       0x12 CMakeFiles/Stm32F207_NucleoRuntime.dir/Drivers/STM32F2xx_HAL_Driver/Src/stm32f2xx_hal_can.c.obj
                0x08004ce8                HAL_CAN_RxFifo0FullCallback
 .text.HAL_CAN_RxFifo1FullCallback
                0x08004cfa       0x12 CMakeFiles/Stm32F207_NucleoRuntime.dir/Drivers/STM32F2xx_HAL_Driver/Src/stm32f2xx_hal_can.c.obj
                0x08004cfa                HAL_CAN_RxFifo1FullCallback
 .text.HAL_CAN_SleepCallback
                0x08004d0c       0x12 CMakeFiles/Stm32F207_NucleoRuntime.dir/Drivers/STM32F2xx_HAL_Driver/Src/stm32f2xx_hal_can.c.obj
                0x08004d0c                HAL_CAN_SleepCallback
 .text.HAL_CAN_WakeUpFromRxMsgCallback
                0x08004d1e       0x12 CMakeFiles/Stm32F207_NucleoRuntime.dir/Drivers/STM32F2xx_HAL_Driver/Src/stm32f2xx_hal_can.c.obj
                0x08004d1e                HAL_CAN_WakeUpFromRxMsgCallback
 .text.HAL_Init
                0x08004d30       0x44 CMakeFiles/Stm32F207_NucleoRuntime.dir/Drivers/STM32F2xx_HAL_Driver/Src/stm32f2xx_hal.c.obj
                0x08004d30                HAL_Init
 .text.HAL_IncTick
                0x08004d74       0x24 CMakeFiles/Stm32F207_NucleoRuntime.dir/Drivers/STM32F2xx_HAL_Driver/Src/stm32f2xx_hal.c.obj
                0x08004d74                HAL_IncTick
 .text.HAL_GetTick
                0x08004d98       0x14 CMakeFiles/Stm32F207_NucleoRuntime.dir/Drivers/STM32F2xx_HAL_Driver/Src/stm32f2xx_hal.c.obj
                0x08004d98                HAL_GetTick
 .text.HAL_RCC_OscConfig
                0x08004dac      0x4a8 CMakeFiles/Stm32F207_NucleoRuntime.dir/Drivers/STM32F2xx_HAL_Driver/Src/stm32f2xx_hal_rcc.c.obj
                0x08004dac                HAL_RCC_OscConfig
 .text.HAL_RCC_ClockConfig
                0x08005254      0x1d8 CMakeFiles/Stm32F207_NucleoRuntime.dir/Drivers/STM32F2xx_HAL_Driver/Src/stm32f2xx_hal_rcc.c.obj
                0x08005254                HAL_RCC_ClockConfig
 .text.HAL_RCC_GetSysClockFreq
                0x0800542c      0x218 CMakeFiles/Stm32F207_NucleoRuntime.dir/Drivers/STM32F2xx_HAL_Driver/Src/stm32f2xx_hal_rcc.c.obj
                0x0800542c                HAL_RCC_GetSysClockFreq
 .text.HAL_RCC_GetHCLKFreq
                0x08005644       0x14 CMakeFiles/Stm32F207_NucleoRuntime.dir/Drivers/STM32F2xx_HAL_Driver/Src/stm32f2xx_hal_rcc.c.obj
                0x08005644                HAL_RCC_GetHCLKFreq
 .text.HAL_RCC_GetPCLK1Freq
                0x08005658       0x44 CMakeFiles/Stm32F207_NucleoRuntime.dir/Drivers/STM32F2xx_HAL_Driver/Src/stm32f2xx_hal_rcc.c.obj
                0x08005658                HAL_RCC_GetPCLK1Freq
 .text.HAL_RCC_GetPCLK2Freq
                0x0800569c       0x44 CMakeFiles/Stm32F207_NucleoRuntime.dir/Drivers/STM32F2xx_HAL_Driver/Src/stm32f2xx_hal_rcc.c.obj
                0x0800569c                HAL_RCC_GetPCLK2Freq
 .text.HAL_RCC_GetClockConfig
                0x080056e0       0x60 CMakeFiles/Stm32F207_NucleoRuntime.dir/Drivers/STM32F2xx_HAL_Driver/Src/stm32f2xx_hal_rcc.c.obj
                0x080056e0                HAL_RCC_GetClockConfig
 .text.__NVIC_SetPriorityGrouping
                0x08005740       0x48 CMakeFiles/Stm32F207_NucleoRuntime.dir/Drivers/STM32F2xx_HAL_Driver/Src/stm32f2xx_hal_cortex.c.obj
 .text.__NVIC_GetPriorityGrouping
                0x08005788       0x1c CMakeFiles/Stm32F207_NucleoRuntime.dir/Drivers/STM32F2xx_HAL_Driver/Src/stm32f2xx_hal_cortex.c.obj
 .text.__NVIC_EnableIRQ
                0x080057a4       0x38 CMakeFiles/Stm32F207_NucleoRuntime.dir/Drivers/STM32F2xx_HAL_Driver/Src/stm32f2xx_hal_cortex.c.obj
 .text.__NVIC_SetPriority
                0x080057dc       0x54 CMakeFiles/Stm32F207_NucleoRuntime.dir/Drivers/STM32F2xx_HAL_Driver/Src/stm32f2xx_hal_cortex.c.obj
 .text.NVIC_EncodePriority
                0x08005830       0x64 CMakeFiles/Stm32F207_NucleoRuntime.dir/Drivers/STM32F2xx_HAL_Driver/Src/stm32f2xx_hal_cortex.c.obj
 .text.HAL_NVIC_SetPriorityGrouping
                0x08005894       0x16 CMakeFiles/Stm32F207_NucleoRuntime.dir/Drivers/STM32F2xx_HAL_Driver/Src/stm32f2xx_hal_cortex.c.obj
                0x08005894                HAL_NVIC_SetPriorityGrouping
 .text.HAL_NVIC_SetPriority
                0x080058aa       0x38 CMakeFiles/Stm32F207_NucleoRuntime.dir/Drivers/STM32F2xx_HAL_Driver/Src/stm32f2xx_hal_cortex.c.obj
                0x080058aa                HAL_NVIC_SetPriority
 .text.HAL_NVIC_EnableIRQ
                0x080058e2       0x1c CMakeFiles/Stm32F207_NucleoRuntime.dir/Drivers/STM32F2xx_HAL_Driver/Src/stm32f2xx_hal_cortex.c.obj
                0x080058e2                HAL_NVIC_EnableIRQ
 *fill*         0x080058fe        0x2 
 .text.HAL_GPIO_Init
                0x08005900      0x33c CMakeFiles/Stm32F207_NucleoRuntime.dir/Drivers/STM32F2xx_HAL_Driver/Src/stm32f2xx_hal_gpio.c.obj
                0x08005900                HAL_GPIO_Init
 .text.HAL_GPIO_WritePin
                0x08005c3c       0x30 CMakeFiles/Stm32F207_NucleoRuntime.dir/Drivers/STM32F2xx_HAL_Driver/Src/stm32f2xx_hal_gpio.c.obj
                0x08005c3c                HAL_GPIO_WritePin
 .text.HAL_DMA_Abort
                0x08005c6c       0xe0 CMakeFiles/Stm32F207_NucleoRuntime.dir/Drivers/STM32F2xx_HAL_Driver/Src/stm32f2xx_hal_dma.c.obj
                0x08005c6c                HAL_DMA_Abort
 .text.HAL_DMA_Abort_IT
                0x08005d4c       0x42 CMakeFiles/Stm32F207_NucleoRuntime.dir/Drivers/STM32F2xx_HAL_Driver/Src/stm32f2xx_hal_dma.c.obj
                0x08005d4c                HAL_DMA_Abort_IT
 .text.HAL_UART_Init
                0x08005d8e       0xa0 CMakeFiles/Stm32F207_NucleoRuntime.dir/Drivers/STM32F2xx_HAL_Driver/Src/stm32f2xx_hal_uart.c.obj
                0x08005d8e                HAL_UART_Init
 *fill*         0x08005e2e        0x2 
 .text.HAL_UART_IRQHandler
                0x08005e30      0x524 CMakeFiles/Stm32F207_NucleoRuntime.dir/Drivers/STM32F2xx_HAL_Driver/Src/stm32f2xx_hal_uart.c.obj
                0x08005e30                HAL_UART_IRQHandler
 .text.HAL_UART_TxCpltCallback
                0x08006354       0x12 CMakeFiles/Stm32F207_NucleoRuntime.dir/Drivers/STM32F2xx_HAL_Driver/Src/stm32f2xx_hal_uart.c.obj
                0x08006354                HAL_UART_TxCpltCallback
 .text.HAL_UART_RxCpltCallback
                0x08006366       0x12 CMakeFiles/Stm32F207_NucleoRuntime.dir/Drivers/STM32F2xx_HAL_Driver/Src/stm32f2xx_hal_uart.c.obj
                0x08006366                HAL_UART_RxCpltCallback
 .text.HAL_UART_ErrorCallback
                0x08006378       0x12 CMakeFiles/Stm32F207_NucleoRuntime.dir/Drivers/STM32F2xx_HAL_Driver/Src/stm32f2xx_hal_uart.c.obj
                0x08006378                HAL_UART_ErrorCallback
 .text.HAL_UARTEx_RxEventCallback
                0x0800638a       0x16 CMakeFiles/Stm32F207_NucleoRuntime.dir/Drivers/STM32F2xx_HAL_Driver/Src/stm32f2xx_hal_uart.c.obj
                0x0800638a                HAL_UARTEx_RxEventCallback
 .text.UART_EndRxTransfer
                0x080063a0       0xc4 CMakeFiles/Stm32F207_NucleoRuntime.dir/Drivers/STM32F2xx_HAL_Driver/Src/stm32f2xx_hal_uart.c.obj
 .text.UART_DMAAbortOnError
                0x08006464       0x28 CMakeFiles/Stm32F207_NucleoRuntime.dir/Drivers/STM32F2xx_HAL_Driver/Src/stm32f2xx_hal_uart.c.obj
 .text.UART_Transmit_IT
                0x0800648c       0x9e CMakeFiles/Stm32F207_NucleoRuntime.dir/Drivers/STM32F2xx_HAL_Driver/Src/stm32f2xx_hal_uart.c.obj
 .text.UART_EndTransmit_IT
                0x0800652a       0x30 CMakeFiles/Stm32F207_NucleoRuntime.dir/Drivers/STM32F2xx_HAL_Driver/Src/stm32f2xx_hal_uart.c.obj
 .text.UART_Receive_IT
                0x0800655a      0x17c CMakeFiles/Stm32F207_NucleoRuntime.dir/Drivers/STM32F2xx_HAL_Driver/Src/stm32f2xx_hal_uart.c.obj
 *fill*         0x080066d6        0x2 
 .text.UART_SetConfig
                0x080066d8      0x1d4 CMakeFiles/Stm32F207_NucleoRuntime.dir/Drivers/STM32F2xx_HAL_Driver/Src/stm32f2xx_hal_uart.c.obj
 .text.SystemInit
                0x080068ac        0xc CMakeFiles/Stm32F207_NucleoRuntime.dir/Core/Src/system_stm32f2xx.c.obj
                0x080068ac                SystemInit
 .text.vListInitialise
                0x080068b8       0x3e CMakeFiles/Stm32F207_NucleoRuntime.dir/Middlewares/Third_Party/FreeRTOS/Source/list.c.obj
                0x080068b8                vListInitialise
 .text.vListInitialiseItem
                0x080068f6       0x18 CMakeFiles/Stm32F207_NucleoRuntime.dir/Middlewares/Third_Party/FreeRTOS/Source/list.c.obj
                0x080068f6                vListInitialiseItem
 .text.vListInsertEnd
                0x0800690e       0x46 CMakeFiles/Stm32F207_NucleoRuntime.dir/Middlewares/Third_Party/FreeRTOS/Source/list.c.obj
                0x0800690e                vListInsertEnd
 .text.vListInsert
                0x08006954       0x70 CMakeFiles/Stm32F207_NucleoRuntime.dir/Middlewares/Third_Party/FreeRTOS/Source/list.c.obj
                0x08006954                vListInsert
 .text.uxListRemove
                0x080069c4       0x52 CMakeFiles/Stm32F207_NucleoRuntime.dir/Middlewares/Third_Party/FreeRTOS/Source/list.c.obj
                0x080069c4                uxListRemove
 *fill*         0x08006a16        0x2 
 .text.xQueueGenericReset
                0x08006a18       0xd0 CMakeFiles/Stm32F207_NucleoRuntime.dir/Middlewares/Third_Party/FreeRTOS/Source/queue.c.obj
                0x08006a18                xQueueGenericReset
 .text.xQueueGenericCreateStatic
                0x08006ae8       0xf0 CMakeFiles/Stm32F207_NucleoRuntime.dir/Middlewares/Third_Party/FreeRTOS/Source/queue.c.obj
                0x08006ae8                xQueueGenericCreateStatic
 .text.xQueueGenericCreate
                0x08006bd8       0x74 CMakeFiles/Stm32F207_NucleoRuntime.dir/Middlewares/Third_Party/FreeRTOS/Source/queue.c.obj
                0x08006bd8                xQueueGenericCreate
 .text.prvInitialiseNewQueue
                0x08006c4c       0x46 CMakeFiles/Stm32F207_NucleoRuntime.dir/Middlewares/Third_Party/FreeRTOS/Source/queue.c.obj
 *fill*         0x08006c92        0x2 
 .text.xQueueGenericSend
                0x08006c94      0x1fc CMakeFiles/Stm32F207_NucleoRuntime.dir/Middlewares/Third_Party/FreeRTOS/Source/queue.c.obj
                0x08006c94                xQueueGenericSend
 .text.xQueueGenericSendFromISR
                0x08006e90      0x136 CMakeFiles/Stm32F207_NucleoRuntime.dir/Middlewares/Third_Party/FreeRTOS/Source/queue.c.obj
                0x08006e90                xQueueGenericSendFromISR
 *fill*         0x08006fc6        0x2 
 .text.xQueueReceive
                0x08006fc8      0x1c0 CMakeFiles/Stm32F207_NucleoRuntime.dir/Middlewares/Third_Party/FreeRTOS/Source/queue.c.obj
                0x08006fc8                xQueueReceive
 .text.xQueueReceiveFromISR
                0x08007188      0x100 CMakeFiles/Stm32F207_NucleoRuntime.dir/Middlewares/Third_Party/FreeRTOS/Source/queue.c.obj
                0x08007188                xQueueReceiveFromISR
 .text.prvCopyDataToQueue
                0x08007288       0xd4 CMakeFiles/Stm32F207_NucleoRuntime.dir/Middlewares/Third_Party/FreeRTOS/Source/queue.c.obj
 .text.prvCopyDataFromQueue
                0x0800735c       0x4c CMakeFiles/Stm32F207_NucleoRuntime.dir/Middlewares/Third_Party/FreeRTOS/Source/queue.c.obj
 .text.prvUnlockQueue
                0x080073a8       0xa4 CMakeFiles/Stm32F207_NucleoRuntime.dir/Middlewares/Third_Party/FreeRTOS/Source/queue.c.obj
 .text.prvIsQueueEmpty
                0x0800744c       0x2c CMakeFiles/Stm32F207_NucleoRuntime.dir/Middlewares/Third_Party/FreeRTOS/Source/queue.c.obj
 .text.prvIsQueueFull
                0x08007478       0x30 CMakeFiles/Stm32F207_NucleoRuntime.dir/Middlewares/Third_Party/FreeRTOS/Source/queue.c.obj
 .text.vQueueAddToRegistry
                0x080074a8       0x50 CMakeFiles/Stm32F207_NucleoRuntime.dir/Middlewares/Third_Party/FreeRTOS/Source/queue.c.obj
                0x080074a8                vQueueAddToRegistry
 .text.vQueueWaitForMessageRestricted
                0x080074f8       0x68 CMakeFiles/Stm32F207_NucleoRuntime.dir/Middlewares/Third_Party/FreeRTOS/Source/queue.c.obj
                0x080074f8                vQueueWaitForMessageRestricted
 .text.xTaskCreateStatic
                0x08007560       0xbe CMakeFiles/Stm32F207_NucleoRuntime.dir/Middlewares/Third_Party/FreeRTOS/Source/tasks.c.obj
                0x08007560                xTaskCreateStatic
 .text.xTaskCreate
                0x0800761e       0x8c CMakeFiles/Stm32F207_NucleoRuntime.dir/Middlewares/Third_Party/FreeRTOS/Source/tasks.c.obj
                0x0800761e                xTaskCreate
 .text.prvInitialiseNewTask
                0x080076aa      0x19e CMakeFiles/Stm32F207_NucleoRuntime.dir/Middlewares/Third_Party/FreeRTOS/Source/tasks.c.obj
 .text.prvAddNewTaskToReadyList
                0x08007848       0xe0 CMakeFiles/Stm32F207_NucleoRuntime.dir/Middlewares/Third_Party/FreeRTOS/Source/tasks.c.obj
 .text.vTaskDelayUntil
                0x08007928       0xfc CMakeFiles/Stm32F207_NucleoRuntime.dir/Middlewares/Third_Party/FreeRTOS/Source/tasks.c.obj
                0x08007928                vTaskDelayUntil
 .text.vTaskDelay
                0x08007a24       0x68 CMakeFiles/Stm32F207_NucleoRuntime.dir/Middlewares/Third_Party/FreeRTOS/Source/tasks.c.obj
                0x08007a24                vTaskDelay
 .text.vTaskStartScheduler
                0x08007a8c       0xe0 CMakeFiles/Stm32F207_NucleoRuntime.dir/Middlewares/Third_Party/FreeRTOS/Source/tasks.c.obj
                0x08007a8c                vTaskStartScheduler
 .text.vTaskSuspendAll
                0x08007b6c       0x1c CMakeFiles/Stm32F207_NucleoRuntime.dir/Middlewares/Third_Party/FreeRTOS/Source/tasks.c.obj
                0x08007b6c                vTaskSuspendAll
 .text.xTaskResumeAll
                0x08007b88      0x13c CMakeFiles/Stm32F207_NucleoRuntime.dir/Middlewares/Third_Party/FreeRTOS/Source/tasks.c.obj
                0x08007b88                xTaskResumeAll
 .text.xTaskGetTickCount
                0x08007cc4       0x1c CMakeFiles/Stm32F207_NucleoRuntime.dir/Middlewares/Third_Party/FreeRTOS/Source/tasks.c.obj
                0x08007cc4                xTaskGetTickCount
 .text.xTaskGetTickCountFromISR
                0x08007ce0       0x24 CMakeFiles/Stm32F207_NucleoRuntime.dir/Middlewares/Third_Party/FreeRTOS/Source/tasks.c.obj
                0x08007ce0                xTaskGetTickCountFromISR
 .text.xTaskIncrementTick
                0x08007d04      0x174 CMakeFiles/Stm32F207_NucleoRuntime.dir/Middlewares/Third_Party/FreeRTOS/Source/tasks.c.obj
                0x08007d04                xTaskIncrementTick
 .text.vTaskSwitchContext
                0x08007e78       0xc8 CMakeFiles/Stm32F207_NucleoRuntime.dir/Middlewares/Third_Party/FreeRTOS/Source/tasks.c.obj
                0x08007e78                vTaskSwitchContext
 .text.vTaskPlaceOnEventList
                0x08007f40       0x48 CMakeFiles/Stm32F207_NucleoRuntime.dir/Middlewares/Third_Party/FreeRTOS/Source/tasks.c.obj
                0x08007f40                vTaskPlaceOnEventList
 .text.vTaskPlaceOnEventListRestricted
                0x08007f88       0x58 CMakeFiles/Stm32F207_NucleoRuntime.dir/Middlewares/Third_Party/FreeRTOS/Source/tasks.c.obj
                0x08007f88                vTaskPlaceOnEventListRestricted
 .text.xTaskRemoveFromEventList
                0x08007fe0       0xc8 CMakeFiles/Stm32F207_NucleoRuntime.dir/Middlewares/Third_Party/FreeRTOS/Source/tasks.c.obj
                0x08007fe0                xTaskRemoveFromEventList
 .text.vTaskInternalSetTimeOutState
                0x080080a8       0x2c CMakeFiles/Stm32F207_NucleoRuntime.dir/Middlewares/Third_Party/FreeRTOS/Source/tasks.c.obj
                0x080080a8                vTaskInternalSetTimeOutState
 .text.xTaskCheckForTimeOut
                0x080080d4       0xc4 CMakeFiles/Stm32F207_NucleoRuntime.dir/Middlewares/Third_Party/FreeRTOS/Source/tasks.c.obj
                0x080080d4                xTaskCheckForTimeOut
 .text.vTaskMissedYield
                0x08008198       0x18 CMakeFiles/Stm32F207_NucleoRuntime.dir/Middlewares/Third_Party/FreeRTOS/Source/tasks.c.obj
                0x08008198                vTaskMissedYield
 .text.prvIdleTask
                0x080081b0       0x30 CMakeFiles/Stm32F207_NucleoRuntime.dir/Middlewares/Third_Party/FreeRTOS/Source/tasks.c.obj
 .text.prvInitialiseTaskLists
                0x080081e0       0x80 CMakeFiles/Stm32F207_NucleoRuntime.dir/Middlewares/Third_Party/FreeRTOS/Source/tasks.c.obj
 .text.prvCheckTasksWaitingTermination
                0x08008260       0x5c CMakeFiles/Stm32F207_NucleoRuntime.dir/Middlewares/Third_Party/FreeRTOS/Source/tasks.c.obj
 .text.prvDeleteTCB
                0x080082bc       0x68 CMakeFiles/Stm32F207_NucleoRuntime.dir/Middlewares/Third_Party/FreeRTOS/Source/tasks.c.obj
 .text.prvResetNextTaskUnblockTime
                0x08008324       0x40 CMakeFiles/Stm32F207_NucleoRuntime.dir/Middlewares/Third_Party/FreeRTOS/Source/tasks.c.obj
 .text.xTaskGetSchedulerState
                0x08008364       0x3c CMakeFiles/Stm32F207_NucleoRuntime.dir/Middlewares/Third_Party/FreeRTOS/Source/tasks.c.obj
                0x08008364                xTaskGetSchedulerState
 .text.xTaskPriorityDisinherit
                0x080083a0       0xdc CMakeFiles/Stm32F207_NucleoRuntime.dir/Middlewares/Third_Party/FreeRTOS/Source/tasks.c.obj
                0x080083a0                xTaskPriorityDisinherit
 .text.prvAddCurrentTaskToDelayedList
                0x0800847c       0xa8 CMakeFiles/Stm32F207_NucleoRuntime.dir/Middlewares/Third_Party/FreeRTOS/Source/tasks.c.obj
 .text.xTimerCreateTimerTask
                0x08008524       0x90 CMakeFiles/Stm32F207_NucleoRuntime.dir/Middlewares/Third_Party/FreeRTOS/Source/timers.c.obj
                0x08008524                xTimerCreateTimerTask
 .text.xTimerGenericCommand
                0x080085b4       0x9c CMakeFiles/Stm32F207_NucleoRuntime.dir/Middlewares/Third_Party/FreeRTOS/Source/timers.c.obj
                0x080085b4                xTimerGenericCommand
 .text.prvProcessExpiredTimer
                0x08008650       0x98 CMakeFiles/Stm32F207_NucleoRuntime.dir/Middlewares/Third_Party/FreeRTOS/Source/timers.c.obj
 .text.prvTimerTask
                0x080086e8       0x24 CMakeFiles/Stm32F207_NucleoRuntime.dir/Middlewares/Third_Party/FreeRTOS/Source/timers.c.obj
 .text.prvProcessTimerOrBlockTask
                0x0800870c       0x9c CMakeFiles/Stm32F207_NucleoRuntime.dir/Middlewares/Third_Party/FreeRTOS/Source/timers.c.obj
 .text.prvGetNextExpireTime
                0x080087a8       0x44 CMakeFiles/Stm32F207_NucleoRuntime.dir/Middlewares/Third_Party/FreeRTOS/Source/timers.c.obj
 .text.prvSampleTimeNow
                0x080087ec       0x40 CMakeFiles/Stm32F207_NucleoRuntime.dir/Middlewares/Third_Party/FreeRTOS/Source/timers.c.obj
 .text.prvInsertTimerInActiveList
                0x0800882c       0x84 CMakeFiles/Stm32F207_NucleoRuntime.dir/Middlewares/Third_Party/FreeRTOS/Source/timers.c.obj
 .text.prvProcessReceivedCommands
                0x080088b0      0x1c4 CMakeFiles/Stm32F207_NucleoRuntime.dir/Middlewares/Third_Party/FreeRTOS/Source/timers.c.obj
 .text.prvSwitchTimerLists
                0x08008a74       0xc8 CMakeFiles/Stm32F207_NucleoRuntime.dir/Middlewares/Third_Party/FreeRTOS/Source/timers.c.obj
 .text.prvCheckForValidListAndQueue
                0x08008b3c       0x80 CMakeFiles/Stm32F207_NucleoRuntime.dir/Middlewares/Third_Party/FreeRTOS/Source/timers.c.obj
 .text.__NVIC_SetPriority
                0x08008bbc       0x54 CMakeFiles/Stm32F207_NucleoRuntime.dir/Middlewares/Third_Party/FreeRTOS/Source/CMSIS_RTOS_V2/cmsis_os2.c.obj
 .text.SysTick_Handler
                0x08008c10       0x20 CMakeFiles/Stm32F207_NucleoRuntime.dir/Middlewares/Third_Party/FreeRTOS/Source/CMSIS_RTOS_V2/cmsis_os2.c.obj
                0x08008c10                SysTick_Handler
 .text.SVC_Setup
                0x08008c30       0x12 CMakeFiles/Stm32F207_NucleoRuntime.dir/Middlewares/Third_Party/FreeRTOS/Source/CMSIS_RTOS_V2/cmsis_os2.c.obj
 *fill*         0x08008c42        0x2 
 .text.osKernelInitialize
                0x08008c44       0x44 CMakeFiles/Stm32F207_NucleoRuntime.dir/Middlewares/Third_Party/FreeRTOS/Source/CMSIS_RTOS_V2/cmsis_os2.c.obj
                0x08008c44                osKernelInitialize
 .text.osKernelStart
                0x08008c88       0x4c CMakeFiles/Stm32F207_NucleoRuntime.dir/Middlewares/Third_Party/FreeRTOS/Source/CMSIS_RTOS_V2/cmsis_os2.c.obj
                0x08008c88                osKernelStart
 .text.osKernelGetTickCount
                0x08008cd4       0x2a CMakeFiles/Stm32F207_NucleoRuntime.dir/Middlewares/Third_Party/FreeRTOS/Source/CMSIS_RTOS_V2/cmsis_os2.c.obj
                0x08008cd4                osKernelGetTickCount
 .text.osKernelGetTickFreq
                0x08008cfe       0x10 CMakeFiles/Stm32F207_NucleoRuntime.dir/Middlewares/Third_Party/FreeRTOS/Source/CMSIS_RTOS_V2/cmsis_os2.c.obj
                0x08008cfe                osKernelGetTickFreq
 .text.osThreadNew
                0x08008d0e      0x126 CMakeFiles/Stm32F207_NucleoRuntime.dir/Middlewares/Third_Party/FreeRTOS/Source/CMSIS_RTOS_V2/cmsis_os2.c.obj
                0x08008d0e                osThreadNew
 .text.osDelay  0x08008e34       0x36 CMakeFiles/Stm32F207_NucleoRuntime.dir/Middlewares/Third_Party/FreeRTOS/Source/CMSIS_RTOS_V2/cmsis_os2.c.obj
                0x08008e34                osDelay
 .text.osDelayUntil
                0x08008e6a       0x5a CMakeFiles/Stm32F207_NucleoRuntime.dir/Middlewares/Third_Party/FreeRTOS/Source/CMSIS_RTOS_V2/cmsis_os2.c.obj
                0x08008e6a                osDelayUntil
 .text.osMessageQueueNew
                0x08008ec4       0xe6 CMakeFiles/Stm32F207_NucleoRuntime.dir/Middlewares/Third_Party/FreeRTOS/Source/CMSIS_RTOS_V2/cmsis_os2.c.obj
                0x08008ec4                osMessageQueueNew
 *fill*         0x08008faa        0x2 
 .text.osMessageQueuePut
                0x08008fac       0xc0 CMakeFiles/Stm32F207_NucleoRuntime.dir/Middlewares/Third_Party/FreeRTOS/Source/CMSIS_RTOS_V2/cmsis_os2.c.obj
                0x08008fac                osMessageQueuePut
 .text.osMessageQueueGet
                0x0800906c       0xbc CMakeFiles/Stm32F207_NucleoRuntime.dir/Middlewares/Third_Party/FreeRTOS/Source/CMSIS_RTOS_V2/cmsis_os2.c.obj
                0x0800906c                osMessageQueueGet
 .text.vApplicationGetIdleTaskMemory
                0x08009128       0x30 CMakeFiles/Stm32F207_NucleoRuntime.dir/Middlewares/Third_Party/FreeRTOS/Source/CMSIS_RTOS_V2/cmsis_os2.c.obj
                0x08009128                vApplicationGetIdleTaskMemory
 .text.vApplicationGetTimerTaskMemory
                0x08009158       0x34 CMakeFiles/Stm32F207_NucleoRuntime.dir/Middlewares/Third_Party/FreeRTOS/Source/CMSIS_RTOS_V2/cmsis_os2.c.obj
                0x08009158                vApplicationGetTimerTaskMemory
 .text.pvPortMalloc
                0x0800918c       0x8c CMakeFiles/Stm32F207_NucleoRuntime.dir/Middlewares/Third_Party/FreeRTOS/Source/portable/MemMang/heap_1.c.obj
                0x0800918c                pvPortMalloc
 .text.vPortFree
                0x08009218       0x2e CMakeFiles/Stm32F207_NucleoRuntime.dir/Middlewares/Third_Party/FreeRTOS/Source/portable/MemMang/heap_1.c.obj
                0x08009218                vPortFree
 *fill*         0x08009246        0x2 
 .text.pxPortInitialiseStack
                0x08009248       0x58 CMakeFiles/Stm32F207_NucleoRuntime.dir/Middlewares/Third_Party/FreeRTOS/Source/portable/GCC/ARM_CM3/port.c.obj
                0x08009248                pxPortInitialiseStack
 .text.prvTaskExitError
                0x080092a0       0x58 CMakeFiles/Stm32F207_NucleoRuntime.dir/Middlewares/Third_Party/FreeRTOS/Source/portable/GCC/ARM_CM3/port.c.obj
 *fill*         0x080092f8        0x8 
 .text.SVC_Handler
                0x08009300       0x28 CMakeFiles/Stm32F207_NucleoRuntime.dir/Middlewares/Third_Party/FreeRTOS/Source/portable/GCC/ARM_CM3/port.c.obj
                0x08009300                SVC_Handler
 .text.prvPortStartFirstTask
                0x08009328       0x20 CMakeFiles/Stm32F207_NucleoRuntime.dir/Middlewares/Third_Party/FreeRTOS/Source/portable/GCC/ARM_CM3/port.c.obj
 .text.xPortStartScheduler
                0x08009348       0xe4 CMakeFiles/Stm32F207_NucleoRuntime.dir/Middlewares/Third_Party/FreeRTOS/Source/portable/GCC/ARM_CM3/port.c.obj
                0x08009348                xPortStartScheduler
 .text.vPortEnterCritical
                0x0800942c       0x60 CMakeFiles/Stm32F207_NucleoRuntime.dir/Middlewares/Third_Party/FreeRTOS/Source/portable/GCC/ARM_CM3/port.c.obj
                0x0800942c                vPortEnterCritical
 .text.vPortExitCritical
                0x0800948c       0x50 CMakeFiles/Stm32F207_NucleoRuntime.dir/Middlewares/Third_Party/FreeRTOS/Source/portable/GCC/ARM_CM3/port.c.obj
                0x0800948c                vPortExitCritical
 *fill*         0x080094dc        0x4 
 .text.PendSV_Handler
                0x080094e0       0x48 CMakeFiles/Stm32F207_NucleoRuntime.dir/Middlewares/Third_Party/FreeRTOS/Source/portable/GCC/ARM_CM3/port.c.obj
                0x080094e0                PendSV_Handler
 .text.xPortSysTickHandler
                0x08009528       0x44 CMakeFiles/Stm32F207_NucleoRuntime.dir/Middlewares/Third_Party/FreeRTOS/Source/portable/GCC/ARM_CM3/port.c.obj
                0x08009528                xPortSysTickHandler
 .text.vPortSetupTimerInterrupt
                0x0800956c       0x44 CMakeFiles/Stm32F207_NucleoRuntime.dir/Middlewares/Third_Party/FreeRTOS/Source/portable/GCC/ARM_CM3/port.c.obj
                0x0800956c                vPortSetupTimerInterrupt
 .text.vPortValidateInterruptPriority
                0x080095b0       0x7c CMakeFiles/Stm32F207_NucleoRuntime.dir/Middlewares/Third_Party/FreeRTOS/Source/portable/GCC/ARM_CM3/port.c.obj
                0x080095b0                vPortValidateInterruptPriority
 .text.Reset_Handler
                0x0800962c       0x50 CMakeFiles/Stm32F207_NucleoRuntime.dir/startup_stm32f207xx.s.obj
                0x0800962c                Reset_Handler
 .text.Default_Handler
                0x0800967c        0x2 CMakeFiles/Stm32F207_NucleoRuntime.dir/startup_stm32f207xx.s.obj
                0x0800967c                RTC_Alarm_IRQHandler
                0x0800967c                HASH_RNG_IRQHandler
                0x0800967c                EXTI2_IRQHandler
                0x0800967c                TIM8_CC_IRQHandler
                0x0800967c                TIM1_CC_IRQHandler
                0x0800967c                DMA2_Stream5_IRQHandler
                0x0800967c                DMA1_Stream5_IRQHandler
                0x0800967c                PVD_IRQHandler
                0x0800967c                SDIO_IRQHandler
                0x0800967c                TAMP_STAMP_IRQHandler
                0x0800967c                EXTI3_IRQHandler
                0x0800967c                TIM8_TRG_COM_TIM14_IRQHandler
                0x0800967c                TIM1_UP_TIM10_IRQHandler
                0x0800967c                TIM8_UP_TIM13_IRQHandler
                0x0800967c                I2C3_ER_IRQHandler
                0x0800967c                EXTI0_IRQHandler
                0x0800967c                I2C2_EV_IRQHandler
                0x0800967c                DMA1_Stream2_IRQHandler
                0x0800967c                OTG_HS_WKUP_IRQHandler
                0x0800967c                DMA2_Stream2_IRQHandler
                0x0800967c                SPI1_IRQHandler
                0x0800967c                TIM1_BRK_TIM9_IRQHandler
                0x0800967c                DCMI_IRQHandler
                0x0800967c                DMA2_Stream3_IRQHandler
                0x0800967c                USART6_IRQHandler
                0x0800967c                UART5_IRQHandler
                0x0800967c                DMA2_Stream0_IRQHandler
                0x0800967c                TIM4_IRQHandler
                0x0800967c                I2C1_EV_IRQHandler
                0x0800967c                DMA1_Stream6_IRQHandler
                0x0800967c                DMA1_Stream1_IRQHandler
                0x0800967c                UART4_IRQHandler
                0x0800967c                TIM3_IRQHandler
                0x0800967c                RCC_IRQHandler
                0x0800967c                TIM8_BRK_TIM12_IRQHandler
                0x0800967c                Default_Handler
                0x0800967c                EXTI15_10_IRQHandler
                0x0800967c                ADC_IRQHandler
                0x0800967c                DMA1_Stream7_IRQHandler
                0x0800967c                TIM7_IRQHandler
                0x0800967c                TIM5_IRQHandler
                0x0800967c                DMA2_Stream7_IRQHandler
                0x0800967c                I2C3_EV_IRQHandler
                0x0800967c                EXTI9_5_IRQHandler
                0x0800967c                RTC_WKUP_IRQHandler
                0x0800967c                ETH_WKUP_IRQHandler
                0x0800967c                SPI2_IRQHandler
                0x0800967c                OTG_HS_EP1_IN_IRQHandler
                0x0800967c                DMA1_Stream0_IRQHandler
                0x0800967c                EXTI4_IRQHandler
                0x0800967c                FSMC_IRQHandler
                0x0800967c                ETH_IRQHandler
                0x0800967c                OTG_HS_EP1_OUT_IRQHandler
                0x0800967c                WWDG_IRQHandler
                0x0800967c                TIM2_IRQHandler
                0x0800967c                OTG_FS_WKUP_IRQHandler
                0x0800967c                TIM1_TRG_COM_TIM11_IRQHandler
                0x0800967c                OTG_HS_IRQHandler
                0x0800967c                EXTI1_IRQHandler
                0x0800967c                USART2_IRQHandler
                0x0800967c                I2C2_ER_IRQHandler
                0x0800967c                DMA2_Stream1_IRQHandler
                0x0800967c                FLASH_IRQHandler
                0x0800967c                DMA2_Stream4_IRQHandler
                0x0800967c                USART1_IRQHandler
                0x0800967c                OTG_FS_IRQHandler
                0x0800967c                SPI3_IRQHandler
                0x0800967c                DMA1_Stream4_IRQHandler
                0x0800967c                I2C1_ER_IRQHandler
                0x0800967c                DMA2_Stream6_IRQHandler
                0x0800967c                DMA1_Stream3_IRQHandler
 .text.memcpy   0x0800967e       0x1c c:/gnuarm/10.2021.10/bin/../lib/gcc/arm-none-eabi/10.3.1/../../../../arm-none-eabi/lib/thumb/v7-m/nofp\libg_nano.a(lib_a-memcpy-stub.o)
                0x0800967e                memcpy
 .text.cleanup_glue
                0x0800969a       0x1a c:/gnuarm/10.2021.10/bin/../lib/gcc/arm-none-eabi/10.3.1/../../../../arm-none-eabi/lib/thumb/v7-m/nofp\libg_nano.a(lib_a-reent.o)
                0x0800969a                cleanup_glue
 .text._reclaim_reent
                0x080096b4       0xb8 c:/gnuarm/10.2021.10/bin/../lib/gcc/arm-none-eabi/10.3.1/../../../../arm-none-eabi/lib/thumb/v7-m/nofp\libg_nano.a(lib_a-reent.o)
                0x080096b4                _reclaim_reent
 .text._free_r  0x0800976c       0x90 c:/gnuarm/10.2021.10/bin/../lib/gcc/arm-none-eabi/10.3.1/../../../../arm-none-eabi/lib/thumb/v7-m/nofp\libg_nano.a(lib_a-nano-freer.o)
                0x0800976c                _free_r
 .text.__malloc_lock
                0x080097fc        0xc c:/gnuarm/10.2021.10/bin/../lib/gcc/arm-none-eabi/10.3.1/../../../../arm-none-eabi/lib/thumb/v7-m/nofp\libg_nano.a(lib_a-mlock.o)
                0x080097fc                __malloc_lock
 .text.__malloc_unlock
                0x08009808        0xc c:/gnuarm/10.2021.10/bin/../lib/gcc/arm-none-eabi/10.3.1/../../../../arm-none-eabi/lib/thumb/v7-m/nofp\libg_nano.a(lib_a-mlock.o)
                0x08009808                __malloc_unlock
 .text.__retarget_lock_acquire_recursive
                0x08009814        0x2 c:/gnuarm/10.2021.10/bin/../lib/gcc/arm-none-eabi/10.3.1/../../../../arm-none-eabi/lib/thumb/v7-m/nofp\libg_nano.a(lib_a-lock.o)
                0x08009814                __retarget_lock_acquire_recursive
 .text.__retarget_lock_release_recursive
                0x08009816        0x2 c:/gnuarm/10.2021.10/bin/../lib/gcc/arm-none-eabi/10.3.1/../../../../arm-none-eabi/lib/thumb/v7-m/nofp\libg_nano.a(lib_a-lock.o)
                0x08009816                __retarget_lock_release_recursive
 *(.glue_7)
 .glue_7        0x08009818        0x0 linker stubs
 *(.glue_7t)
 .glue_7t       0x08009818        0x0 linker stubs
 *(.eh_frame)
 .eh_frame      0x08009818        0x0 c:/gnuarm/10.2021.10/bin/../lib/gcc/arm-none-eabi/10.3.1/thumb/v7-m/nofp/crtbegin.o
 *(.init)
 .init          0x08009818        0x4 c:/gnuarm/10.2021.10/bin/../lib/gcc/arm-none-eabi/10.3.1/thumb/v7-m/nofp/crti.o
                0x08009818                _init
 .init          0x0800981c        0x8 c:/gnuarm/10.2021.10/bin/../lib/gcc/arm-none-eabi/10.3.1/thumb/v7-m/nofp/crtn.o
 *(.fini)
 .fini          0x08009824        0x4 c:/gnuarm/10.2021.10/bin/../lib/gcc/arm-none-eabi/10.3.1/thumb/v7-m/nofp/crti.o
                0x08009824                _fini
 .fini          0x08009828        0x8 c:/gnuarm/10.2021.10/bin/../lib/gcc/arm-none-eabi/10.3.1/thumb/v7-m/nofp/crtn.o
                0x08009830                . = ALIGN (0x4)
                0x08009830                _etext = .

.vfp11_veneer   0x08009830        0x0
 .vfp11_veneer  0x08009830        0x0 linker stubs

.v4_bx          0x08009830        0x0
 .v4_bx         0x08009830        0x0 linker stubs

.iplt           0x08009830        0x0
 .iplt          0x08009830        0x0 c:/gnuarm/10.2021.10/bin/../lib/gcc/arm-none-eabi/10.3.1/thumb/v7-m/nofp/crtbegin.o

.rodata         0x08009830      0x260
                0x08009830                . = ALIGN (0x4)
 *(.rodata)
 .rodata        0x08009830       0x7a CMakeFiles/Stm32F207_NucleoRuntime.dir/Core/Src/freertos.c.obj
 *fill*         0x080098aa        0x2 
 .rodata        0x080098ac        0x5 CMakeFiles/Stm32F207_NucleoRuntime.dir/Middlewares/Third_Party/FreeRTOS/Source/tasks.c.obj
 *fill*         0x080098b1        0x3 
 .rodata        0x080098b4        0xd CMakeFiles/Stm32F207_NucleoRuntime.dir/Middlewares/Third_Party/FreeRTOS/Source/timers.c.obj
 *(.rodata*)
 *fill*         0x080098c1        0x3 
 .rodata.asciiString
                0x080098c4        0xa CMakeFiles/Stm32F207_NucleoRuntime.dir/Xcp/XcpApplication.c.obj
                0x080098c4                asciiString
 *fill*         0x080098ce        0x2 
 .rodata.asamName
                0x080098d0        0xa CMakeFiles/Stm32F207_NucleoRuntime.dir/Xcp/XcpApplication.c.obj
                0x080098d0                asamName
 *fill*         0x080098da        0x2 
 .rodata.asamPath
                0x080098dc        0x1 CMakeFiles/Stm32F207_NucleoRuntime.dir/Xcp/XcpApplication.c.obj
                0x080098dc                asamPath
 *fill*         0x080098dd        0x3 
 .rodata.mapName
                0x080098e0        0x1 CMakeFiles/Stm32F207_NucleoRuntime.dir/Xcp/XcpApplication.c.obj
                0x080098e0                mapName
 *fill*         0x080098e1        0x3 
 .rodata.kXcpEventName_0
                0x080098e4        0x5 CMakeFiles/Stm32F207_NucleoRuntime.dir/Xcp/XcpPort.c.obj
 *fill*         0x080098e9        0x3 
 .rodata.kXcpEventName_1
                0x080098ec        0x6 CMakeFiles/Stm32F207_NucleoRuntime.dir/Xcp/XcpPort.c.obj
 *fill*         0x080098f2        0x2 
 .rodata.kXcpEventName
                0x080098f4        0x8 CMakeFiles/Stm32F207_NucleoRuntime.dir/Xcp/XcpPort.c.obj
                0x080098f4                kXcpEventName
 .rodata.kXcpEventNameLength
                0x080098fc        0x2 CMakeFiles/Stm32F207_NucleoRuntime.dir/Xcp/XcpPort.c.obj
                0x080098fc                kXcpEventNameLength
 *fill*         0x080098fe        0x2 
 .rodata.kXcpEventCycle
                0x08009900        0x2 CMakeFiles/Stm32F207_NucleoRuntime.dir/Xcp/XcpPort.c.obj
                0x08009900                kXcpEventCycle
 *fill*         0x08009902        0x2 
 .rodata.kXcpEventUnit
                0x08009904        0x2 CMakeFiles/Stm32F207_NucleoRuntime.dir/Xcp/XcpPort.c.obj
                0x08009904                kXcpEventUnit
 *fill*         0x08009906        0x2 
 .rodata.kXcpEventDirection
                0x08009908        0x2 CMakeFiles/Stm32F207_NucleoRuntime.dir/Xcp/XcpPort.c.obj
                0x08009908                kXcpEventDirection
 *fill*         0x0800990a        0x6 
 .rodata.stm32f207_template_app_ConstB
                0x08009910       0x60 CMakeFiles/Stm32F207_NucleoRuntime.dir/SimulinkApp/codeGen/stm32f207_template_app_ert_rtw/stm32f207_template_app_data.c.obj
                0x08009910                stm32f207_template_app_ConstB
 .rodata.can2_TxTask_attributes
                0x08009970       0x24 CMakeFiles/Stm32F207_NucleoRuntime.dir/Core/Src/freertos.c.obj
                0x08009970                can2_TxTask_attributes
 .rodata.can1_TxTask_attributes
                0x08009994       0x24 CMakeFiles/Stm32F207_NucleoRuntime.dir/Core/Src/freertos.c.obj
                0x08009994                can1_TxTask_attributes
 .rodata.appTask_attributes
                0x080099b8       0x24 CMakeFiles/Stm32F207_NucleoRuntime.dir/Core/Src/freertos.c.obj
                0x080099b8                appTask_attributes
 .rodata.canXcpTask_attributes
                0x080099dc       0x24 CMakeFiles/Stm32F207_NucleoRuntime.dir/Core/Src/freertos.c.obj
                0x080099dc                canXcpTask_attributes
 .rodata.appCan1RxQueue_attributes
                0x08009a00       0x18 CMakeFiles/Stm32F207_NucleoRuntime.dir/Core/Src/freertos.c.obj
                0x08009a00                appCan1RxQueue_attributes
 .rodata.appCan2RxQueue_attributes
                0x08009a18       0x18 CMakeFiles/Stm32F207_NucleoRuntime.dir/Core/Src/freertos.c.obj
                0x08009a18                appCan2RxQueue_attributes
 .rodata.appCan1TxQueue_attributes
                0x08009a30       0x18 CMakeFiles/Stm32F207_NucleoRuntime.dir/Core/Src/freertos.c.obj
                0x08009a30                appCan1TxQueue_attributes
 .rodata.appCan2TxQueue_attributes
                0x08009a48       0x18 CMakeFiles/Stm32F207_NucleoRuntime.dir/Core/Src/freertos.c.obj
                0x08009a48                appCan2TxQueue_attributes
 .rodata.xcpCanRxQueue_attributes
                0x08009a60       0x18 CMakeFiles/Stm32F207_NucleoRuntime.dir/Core/Src/freertos.c.obj
                0x08009a60                xcpCanRxQueue_attributes
 .rodata.AHBPrescTable
                0x08009a78       0x10 CMakeFiles/Stm32F207_NucleoRuntime.dir/Core/Src/system_stm32f2xx.c.obj
                0x08009a78                AHBPrescTable
 .rodata.APBPrescTable
                0x08009a88        0x8 CMakeFiles/Stm32F207_NucleoRuntime.dir/Core/Src/system_stm32f2xx.c.obj
                0x08009a88                APBPrescTable
                0x08009a90                . = ALIGN (0x4)

.ARM.extab
 *(.ARM.extab* .gnu.linkonce.armextab.*)

.ARM            0x08009a90        0x8
                0x08009a90                __exidx_start = .
 *(.ARM.exidx*)
 .ARM.exidx     0x08009a90        0x8 c:/gnuarm/10.2021.10/bin/../lib/gcc/arm-none-eabi/10.3.1/thumb/v7-m/nofp\libgcc.a(_udivmoddi4.o)
                0x08009a98                __exidx_end = .

.rel.dyn        0x08009a98        0x0
 .rel.iplt      0x08009a98        0x0 c:/gnuarm/10.2021.10/bin/../lib/gcc/arm-none-eabi/10.3.1/thumb/v7-m/nofp/crtbegin.o

.preinit_array  0x08009a98        0x0
                0x08009a98                PROVIDE (__preinit_array_start = .)
 *(.preinit_array*)
                0x08009a98                PROVIDE (__preinit_array_end = .)

.init_array     0x08009a98        0x4
                0x08009a98                PROVIDE (__init_array_start = .)
 *(SORT_BY_NAME(.init_array.*))
 *(.init_array*)
 .init_array    0x08009a98        0x4 c:/gnuarm/10.2021.10/bin/../lib/gcc/arm-none-eabi/10.3.1/thumb/v7-m/nofp/crtbegin.o
                0x08009a9c                PROVIDE (__init_array_end = .)

.fini_array     0x08009a9c        0x4
                [!provide]                PROVIDE (__fini_array_start = .)
 *(SORT_BY_NAME(.fini_array.*))
 *(.fini_array*)
 .fini_array    0x08009a9c        0x4 c:/gnuarm/10.2021.10/bin/../lib/gcc/arm-none-eabi/10.3.1/thumb/v7-m/nofp/crtbegin.o
                [!provide]                PROVIDE (__fini_array_end = .)
                0x08009aa0                _sidata = LOADADDR (.data)

.data           0x20000000       0x74 load address 0x08009aa0
                0x20000000                . = ALIGN (0x4)
                0x20000000                _sdata = .
 *(.data)
 *(.data*)
 .data._impure_ptr
                0x20000000        0x4 c:/gnuarm/10.2021.10/bin/../lib/gcc/arm-none-eabi/10.3.1/../../../../arm-none-eabi/lib/thumb/v7-m/nofp\libc_nano.a(lib_a-impure.o)
                0x20000000                _impure_ptr
 .data.impure_data
                0x20000004       0x60 c:/gnuarm/10.2021.10/bin/../lib/gcc/arm-none-eabi/10.3.1/../../../../arm-none-eabi/lib/thumb/v7-m/nofp\libc_nano.a(lib_a-impure.o)
 .data.uwTickPrio
                0x20000064        0x4 CMakeFiles/Stm32F207_NucleoRuntime.dir/Drivers/STM32F2xx_HAL_Driver/Src/stm32f2xx_hal.c.obj
                0x20000064                uwTickPrio
 .data.uwTickFreq
                0x20000068        0x1 CMakeFiles/Stm32F207_NucleoRuntime.dir/Drivers/STM32F2xx_HAL_Driver/Src/stm32f2xx_hal.c.obj
                0x20000068                uwTickFreq
 *fill*         0x20000069        0x3 
 .data.SystemCoreClock
                0x2000006c        0x4 CMakeFiles/Stm32F207_NucleoRuntime.dir/Core/Src/system_stm32f2xx.c.obj
                0x2000006c                SystemCoreClock
 .data.uxCriticalNesting
                0x20000070        0x4 CMakeFiles/Stm32F207_NucleoRuntime.dir/Middlewares/Third_Party/FreeRTOS/Source/portable/GCC/ARM_CM3/port.c.obj
                0x20000074                . = ALIGN (0x4)
                0x20000074                _edata = .

.igot.plt       0x20000074        0x0 load address 0x08009b14
 .igot.plt      0x20000074        0x0 c:/gnuarm/10.2021.10/bin/../lib/gcc/arm-none-eabi/10.3.1/thumb/v7-m/nofp/crtbegin.o
                0x20000074                . = ALIGN (0x4)

.bss            0x20000078    0x127e0 load address 0x08009b14
                0x20000078                _sbss = .
                0x20000078                __bss_start__ = _sbss
 *(.bss)
 .bss           0x20000078       0x1c c:/gnuarm/10.2021.10/bin/../lib/gcc/arm-none-eabi/10.3.1/thumb/v7-m/nofp/crtbegin.o
 *(.bss*)
 .bss.xcp       0x20000094     0x1068 CMakeFiles/Stm32F207_NucleoRuntime.dir/Xcp/XcpBasic.c.obj
                0x20000094                xcp
 *fill*         0x200010fc        0x4 
 .bss.stm32f207_template_app_DW
                0x20001100       0x98 CMakeFiles/Stm32F207_NucleoRuntime.dir/SimulinkApp/codeGen/stm32f207_template_app_ert_rtw/simulink_app.c.obj
                0x20001100                stm32f207_template_app_DW
 .bss.stm32f207_template_app_M_
                0x20001198        0x4 CMakeFiles/Stm32F207_NucleoRuntime.dir/SimulinkApp/codeGen/stm32f207_template_app_ert_rtw/simulink_app.c.obj
 .bss.can1Stats
                0x2000119c        0xc CMakeFiles/Stm32F207_NucleoRuntime.dir/Core/Src/freertos.c.obj
                0x2000119c                can1Stats
 .bss.can2Stats
                0x200011a8        0xc CMakeFiles/Stm32F207_NucleoRuntime.dir/Core/Src/freertos.c.obj
                0x200011a8                can2Stats
 .bss.can2_TxTaskHandle
                0x200011b4        0x4 CMakeFiles/Stm32F207_NucleoRuntime.dir/Core/Src/freertos.c.obj
                0x200011b4                can2_TxTaskHandle
 .bss.can1_TxTaskHandle
                0x200011b8        0x4 CMakeFiles/Stm32F207_NucleoRuntime.dir/Core/Src/freertos.c.obj
                0x200011b8                can1_TxTaskHandle
 .bss.appTaskHandle
                0x200011bc        0x4 CMakeFiles/Stm32F207_NucleoRuntime.dir/Core/Src/freertos.c.obj
                0x200011bc                appTaskHandle
 .bss.canXcpTaskHandle
                0x200011c0        0x4 CMakeFiles/Stm32F207_NucleoRuntime.dir/Core/Src/freertos.c.obj
                0x200011c0                canXcpTaskHandle
 .bss.appCan1RxQueueHandle
                0x200011c4        0x4 CMakeFiles/Stm32F207_NucleoRuntime.dir/Core/Src/freertos.c.obj
                0x200011c4                appCan1RxQueueHandle
 .bss.appCan2RxQueueHandle
                0x200011c8        0x4 CMakeFiles/Stm32F207_NucleoRuntime.dir/Core/Src/freertos.c.obj
                0x200011c8                appCan2RxQueueHandle
 .bss.appCan1TxQueueHandle
                0x200011cc        0x4 CMakeFiles/Stm32F207_NucleoRuntime.dir/Core/Src/freertos.c.obj
                0x200011cc                appCan1TxQueueHandle
 .bss.appCan2TxQueueHandle
                0x200011d0        0x4 CMakeFiles/Stm32F207_NucleoRuntime.dir/Core/Src/freertos.c.obj
                0x200011d0                appCan2TxQueueHandle
 .bss.xcpCanRxQueueHandle
                0x200011d4        0x4 CMakeFiles/Stm32F207_NucleoRuntime.dir/Core/Src/freertos.c.obj
                0x200011d4                xcpCanRxQueueHandle
 .bss.hcan1     0x200011d8       0x28 CMakeFiles/Stm32F207_NucleoRuntime.dir/Core/Src/can.c.obj
                0x200011d8                hcan1
 .bss.hcan2     0x20001200       0x28 CMakeFiles/Stm32F207_NucleoRuntime.dir/Core/Src/can.c.obj
                0x20001200                hcan2
 .bss.HAL_RCC_CAN1_CLK_ENABLED
                0x20001228        0x4 CMakeFiles/Stm32F207_NucleoRuntime.dir/Core/Src/can.c.obj
 .bss.huart3    0x2000122c       0x48 CMakeFiles/Stm32F207_NucleoRuntime.dir/Core/Src/usart.c.obj
                0x2000122c                huart3
 .bss.htim6     0x20001274       0x48 CMakeFiles/Stm32F207_NucleoRuntime.dir/Core/Src/stm32f2xx_hal_timebase_tim.c.obj
                0x20001274                htim6
 .bss.uwTick    0x200012bc        0x4 CMakeFiles/Stm32F207_NucleoRuntime.dir/Drivers/STM32F2xx_HAL_Driver/Src/stm32f2xx_hal.c.obj
                0x200012bc                uwTick
 .bss.xQueueRegistry
                0x200012c0       0x40 CMakeFiles/Stm32F207_NucleoRuntime.dir/Middlewares/Third_Party/FreeRTOS/Source/queue.c.obj
                0x200012c0                xQueueRegistry
 .bss.pxCurrentTCB
                0x20001300        0x4 CMakeFiles/Stm32F207_NucleoRuntime.dir/Middlewares/Third_Party/FreeRTOS/Source/tasks.c.obj
                0x20001300                pxCurrentTCB
 .bss.pxReadyTasksLists
                0x20001304      0x460 CMakeFiles/Stm32F207_NucleoRuntime.dir/Middlewares/Third_Party/FreeRTOS/Source/tasks.c.obj
 .bss.xDelayedTaskList1
                0x20001764       0x14 CMakeFiles/Stm32F207_NucleoRuntime.dir/Middlewares/Third_Party/FreeRTOS/Source/tasks.c.obj
 .bss.xDelayedTaskList2
                0x20001778       0x14 CMakeFiles/Stm32F207_NucleoRuntime.dir/Middlewares/Third_Party/FreeRTOS/Source/tasks.c.obj
 .bss.pxDelayedTaskList
                0x2000178c        0x4 CMakeFiles/Stm32F207_NucleoRuntime.dir/Middlewares/Third_Party/FreeRTOS/Source/tasks.c.obj
 .bss.pxOverflowDelayedTaskList
                0x20001790        0x4 CMakeFiles/Stm32F207_NucleoRuntime.dir/Middlewares/Third_Party/FreeRTOS/Source/tasks.c.obj
 .bss.xPendingReadyList
                0x20001794       0x14 CMakeFiles/Stm32F207_NucleoRuntime.dir/Middlewares/Third_Party/FreeRTOS/Source/tasks.c.obj
 .bss.xTasksWaitingTermination
                0x200017a8       0x14 CMakeFiles/Stm32F207_NucleoRuntime.dir/Middlewares/Third_Party/FreeRTOS/Source/tasks.c.obj
 .bss.uxDeletedTasksWaitingCleanUp
                0x200017bc        0x4 CMakeFiles/Stm32F207_NucleoRuntime.dir/Middlewares/Third_Party/FreeRTOS/Source/tasks.c.obj
 .bss.xSuspendedTaskList
                0x200017c0       0x14 CMakeFiles/Stm32F207_NucleoRuntime.dir/Middlewares/Third_Party/FreeRTOS/Source/tasks.c.obj
 .bss.uxCurrentNumberOfTasks
                0x200017d4        0x4 CMakeFiles/Stm32F207_NucleoRuntime.dir/Middlewares/Third_Party/FreeRTOS/Source/tasks.c.obj
 .bss.xTickCount
                0x200017d8        0x4 CMakeFiles/Stm32F207_NucleoRuntime.dir/Middlewares/Third_Party/FreeRTOS/Source/tasks.c.obj
 .bss.uxTopReadyPriority
                0x200017dc        0x4 CMakeFiles/Stm32F207_NucleoRuntime.dir/Middlewares/Third_Party/FreeRTOS/Source/tasks.c.obj
 .bss.xSchedulerRunning
                0x200017e0        0x4 CMakeFiles/Stm32F207_NucleoRuntime.dir/Middlewares/Third_Party/FreeRTOS/Source/tasks.c.obj
 .bss.xPendedTicks
                0x200017e4        0x4 CMakeFiles/Stm32F207_NucleoRuntime.dir/Middlewares/Third_Party/FreeRTOS/Source/tasks.c.obj
 .bss.xYieldPending
                0x200017e8        0x4 CMakeFiles/Stm32F207_NucleoRuntime.dir/Middlewares/Third_Party/FreeRTOS/Source/tasks.c.obj
 .bss.xNumOfOverflows
                0x200017ec        0x4 CMakeFiles/Stm32F207_NucleoRuntime.dir/Middlewares/Third_Party/FreeRTOS/Source/tasks.c.obj
 .bss.uxTaskNumber
                0x200017f0        0x4 CMakeFiles/Stm32F207_NucleoRuntime.dir/Middlewares/Third_Party/FreeRTOS/Source/tasks.c.obj
 .bss.xNextTaskUnblockTime
                0x200017f4        0x4 CMakeFiles/Stm32F207_NucleoRuntime.dir/Middlewares/Third_Party/FreeRTOS/Source/tasks.c.obj
 .bss.xIdleTaskHandle
                0x200017f8        0x4 CMakeFiles/Stm32F207_NucleoRuntime.dir/Middlewares/Third_Party/FreeRTOS/Source/tasks.c.obj
 .bss.uxSchedulerSuspended
                0x200017fc        0x4 CMakeFiles/Stm32F207_NucleoRuntime.dir/Middlewares/Third_Party/FreeRTOS/Source/tasks.c.obj
 .bss.xActiveTimerList1
                0x20001800       0x14 CMakeFiles/Stm32F207_NucleoRuntime.dir/Middlewares/Third_Party/FreeRTOS/Source/timers.c.obj
 .bss.xActiveTimerList2
                0x20001814       0x14 CMakeFiles/Stm32F207_NucleoRuntime.dir/Middlewares/Third_Party/FreeRTOS/Source/timers.c.obj
 .bss.pxCurrentTimerList
                0x20001828        0x4 CMakeFiles/Stm32F207_NucleoRuntime.dir/Middlewares/Third_Party/FreeRTOS/Source/timers.c.obj
 .bss.pxOverflowTimerList
                0x2000182c        0x4 CMakeFiles/Stm32F207_NucleoRuntime.dir/Middlewares/Third_Party/FreeRTOS/Source/timers.c.obj
 .bss.xTimerQueue
                0x20001830        0x4 CMakeFiles/Stm32F207_NucleoRuntime.dir/Middlewares/Third_Party/FreeRTOS/Source/timers.c.obj
 .bss.xTimerTaskHandle
                0x20001834        0x4 CMakeFiles/Stm32F207_NucleoRuntime.dir/Middlewares/Third_Party/FreeRTOS/Source/timers.c.obj
 .bss.xLastTime.2
                0x20001838        0x4 CMakeFiles/Stm32F207_NucleoRuntime.dir/Middlewares/Third_Party/FreeRTOS/Source/timers.c.obj
 .bss.ucStaticTimerQueueStorage.1
                0x2000183c       0xa0 CMakeFiles/Stm32F207_NucleoRuntime.dir/Middlewares/Third_Party/FreeRTOS/Source/timers.c.obj
 .bss.xStaticTimerQueue.0
                0x200018dc       0x50 CMakeFiles/Stm32F207_NucleoRuntime.dir/Middlewares/Third_Party/FreeRTOS/Source/timers.c.obj
 .bss.KernelState
                0x2000192c        0x4 CMakeFiles/Stm32F207_NucleoRuntime.dir/Middlewares/Third_Party/FreeRTOS/Source/CMSIS_RTOS_V2/cmsis_os2.c.obj
 .bss.Idle_TCB.3
                0x20001930      0x488 CMakeFiles/Stm32F207_NucleoRuntime.dir/Middlewares/Third_Party/FreeRTOS/Source/CMSIS_RTOS_V2/cmsis_os2.c.obj
 .bss.Idle_Stack.2
                0x20001db8      0x200 CMakeFiles/Stm32F207_NucleoRuntime.dir/Middlewares/Third_Party/FreeRTOS/Source/CMSIS_RTOS_V2/cmsis_os2.c.obj
 .bss.Timer_TCB.1
                0x20001fb8      0x488 CMakeFiles/Stm32F207_NucleoRuntime.dir/Middlewares/Third_Party/FreeRTOS/Source/CMSIS_RTOS_V2/cmsis_os2.c.obj
 .bss.Timer_Stack.0
                0x20002440      0x400 CMakeFiles/Stm32F207_NucleoRuntime.dir/Middlewares/Third_Party/FreeRTOS/Source/CMSIS_RTOS_V2/cmsis_os2.c.obj
 .bss.ucHeap    0x20002840    0x10000 CMakeFiles/Stm32F207_NucleoRuntime.dir/Middlewares/Third_Party/FreeRTOS/Source/portable/MemMang/heap_1.c.obj
 .bss.xNextFreeByte
                0x20012840        0x4 CMakeFiles/Stm32F207_NucleoRuntime.dir/Middlewares/Third_Party/FreeRTOS/Source/portable/MemMang/heap_1.c.obj
 .bss.pucAlignedHeap.0
                0x20012844        0x4 CMakeFiles/Stm32F207_NucleoRuntime.dir/Middlewares/Third_Party/FreeRTOS/Source/portable/MemMang/heap_1.c.obj
 .bss.ucMaxSysCallPriority
                0x20012848        0x1 CMakeFiles/Stm32F207_NucleoRuntime.dir/Middlewares/Third_Party/FreeRTOS/Source/portable/GCC/ARM_CM3/port.c.obj
 *fill*         0x20012849        0x3 
 .bss.ulMaxPRIGROUPValue
                0x2001284c        0x4 CMakeFiles/Stm32F207_NucleoRuntime.dir/Middlewares/Third_Party/FreeRTOS/Source/portable/GCC/ARM_CM3/port.c.obj
 .bss.__malloc_free_list
                0x20012850        0x4 c:/gnuarm/10.2021.10/bin/../lib/gcc/arm-none-eabi/10.3.1/../../../../arm-none-eabi/lib/thumb/v7-m/nofp\libg_nano.a(lib_a-nano-mallocr.o)
                0x20012850                __malloc_free_list
 .bss.__lock___malloc_recursive_mutex
                0x20012854        0x1 c:/gnuarm/10.2021.10/bin/../lib/gcc/arm-none-eabi/10.3.1/../../../../arm-none-eabi/lib/thumb/v7-m/nofp\libg_nano.a(lib_a-lock.o)
                0x20012854                __lock___malloc_recursive_mutex
 *(COMMON)
                0x20012858                . = ALIGN (0x4)
 *fill*         0x20012855        0x3 
                0x20012858                _ebss = .
                0x20012858                __bss_end__ = _ebss

._user_heap_stack
                0x20012858      0x600 load address 0x08009b14
                0x20012858                . = ALIGN (0x8)
                [!provide]                PROVIDE (end = .)
                0x20012858                PROVIDE (_end = .)
                0x20012a58                . = (. + _Min_Heap_Size)
 *fill*         0x20012858      0x200 
                0x20012e58                . = (. + _Min_Stack_Size)
 *fill*         0x20012a58      0x400 
                0x20012e58                . = ALIGN (0x8)

/DISCARD/
 libc.a(*)
 libm.a(*)
 libgcc.a(*)
OUTPUT(Stm32F207_NucleoRuntime.elf elf32-littlearm)
LOAD linker stubs
LOAD c:/gnuarm/10.2021.10/bin/../lib/gcc/arm-none-eabi/10.3.1/../../../../arm-none-eabi/lib/thumb/v7-m/nofp\libc.a
LOAD c:/gnuarm/10.2021.10/bin/../lib/gcc/arm-none-eabi/10.3.1/../../../../arm-none-eabi/lib/thumb/v7-m/nofp\libm.a
LOAD c:/gnuarm/10.2021.10/bin/../lib/gcc/arm-none-eabi/10.3.1/thumb/v7-m/nofp\libgcc.a

.ARM.attributes
                0x00000000       0x29
 .ARM.attributes
                0x00000000       0x1d c:/gnuarm/10.2021.10/bin/../lib/gcc/arm-none-eabi/10.3.1/thumb/v7-m/nofp/crti.o
 .ARM.attributes
                0x0000001d       0x2d c:/gnuarm/10.2021.10/bin/../lib/gcc/arm-none-eabi/10.3.1/thumb/v7-m/nofp/crtbegin.o
 .ARM.attributes
                0x0000004a       0x2d c:/gnuarm/10.2021.10/bin/../lib/gcc/arm-none-eabi/10.3.1/../../../../arm-none-eabi/lib/thumb/v7-m/nofp\libc_nano.a(lib_a-impure.o)
 .ARM.attributes
                0x00000077       0x2d c:/gnuarm/10.2021.10/bin/../lib/gcc/arm-none-eabi/10.3.1/../../../../arm-none-eabi/lib/thumb/v7-m/nofp\libc_nano.a(lib_a-init.o)
 .ARM.attributes
                0x000000a4       0x2d c:/gnuarm/10.2021.10/bin/../lib/gcc/arm-none-eabi/10.3.1/../../../../arm-none-eabi/lib/thumb/v7-m/nofp\libc_nano.a(lib_a-memset.o)
 .ARM.attributes
                0x000000d1       0x2d CMakeFiles/Stm32F207_NucleoRuntime.dir/Xcp/XcpApplication.c.obj
 .ARM.attributes
                0x000000fe       0x2d CMakeFiles/Stm32F207_NucleoRuntime.dir/Xcp/XcpBasic.c.obj
 .ARM.attributes
                0x0000012b       0x2d CMakeFiles/Stm32F207_NucleoRuntime.dir/Xcp/XcpPort.c.obj
 .ARM.attributes
                0x00000158       0x2d CMakeFiles/Stm32F207_NucleoRuntime.dir/SimulinkApp/codeGen/stm32f207_template_app_ert_rtw/simulink_app.c.obj
 .ARM.attributes
                0x00000185       0x2d CMakeFiles/Stm32F207_NucleoRuntime.dir/SimulinkApp/codeGen/stm32f207_template_app_ert_rtw/stm32f207_template_app_data.c.obj
 .ARM.attributes
                0x000001b2       0x2d CMakeFiles/Stm32F207_NucleoRuntime.dir/SimulinkApp/otherFiles/can_control.c.obj
 .ARM.attributes
                0x000001df       0x2d CMakeFiles/Stm32F207_NucleoRuntime.dir/SimulinkApp/otherFiles/led_control.c.obj
 .ARM.attributes
                0x0000020c       0x2d CMakeFiles/Stm32F207_NucleoRuntime.dir/Core/Src/main.c.obj
 .ARM.attributes
                0x00000239       0x2d CMakeFiles/Stm32F207_NucleoRuntime.dir/Core/Src/gpio.c.obj
 .ARM.attributes
                0x00000266       0x2d CMakeFiles/Stm32F207_NucleoRuntime.dir/Core/Src/freertos.c.obj
 .ARM.attributes
                0x00000293       0x2d CMakeFiles/Stm32F207_NucleoRuntime.dir/Core/Src/can.c.obj
 .ARM.attributes
                0x000002c0       0x2d CMakeFiles/Stm32F207_NucleoRuntime.dir/Core/Src/usart.c.obj
 .ARM.attributes
                0x000002ed       0x2d CMakeFiles/Stm32F207_NucleoRuntime.dir/Core/Src/stm32f2xx_it.c.obj
 .ARM.attributes
                0x0000031a       0x2d CMakeFiles/Stm32F207_NucleoRuntime.dir/Core/Src/stm32f2xx_hal_msp.c.obj
 .ARM.attributes
                0x00000347       0x2d CMakeFiles/Stm32F207_NucleoRuntime.dir/Core/Src/stm32f2xx_hal_timebase_tim.c.obj
 .ARM.attributes
                0x00000374       0x2d CMakeFiles/Stm32F207_NucleoRuntime.dir/Drivers/STM32F2xx_HAL_Driver/Src/stm32f2xx_hal_tim.c.obj
 .ARM.attributes
                0x000003a1       0x2d CMakeFiles/Stm32F207_NucleoRuntime.dir/Drivers/STM32F2xx_HAL_Driver/Src/stm32f2xx_hal_tim_ex.c.obj
 .ARM.attributes
                0x000003ce       0x2d CMakeFiles/Stm32F207_NucleoRuntime.dir/Drivers/STM32F2xx_HAL_Driver/Src/stm32f2xx_hal_can.c.obj
 .ARM.attributes
                0x000003fb       0x2d CMakeFiles/Stm32F207_NucleoRuntime.dir/Drivers/STM32F2xx_HAL_Driver/Src/stm32f2xx_hal.c.obj
 .ARM.attributes
                0x00000428       0x2d CMakeFiles/Stm32F207_NucleoRuntime.dir/Drivers/STM32F2xx_HAL_Driver/Src/stm32f2xx_hal_rcc.c.obj
 .ARM.attributes
                0x00000455       0x2d CMakeFiles/Stm32F207_NucleoRuntime.dir/Drivers/STM32F2xx_HAL_Driver/Src/stm32f2xx_hal_cortex.c.obj
 .ARM.attributes
                0x00000482       0x2d CMakeFiles/Stm32F207_NucleoRuntime.dir/Drivers/STM32F2xx_HAL_Driver/Src/stm32f2xx_hal_gpio.c.obj
 .ARM.attributes
                0x000004af       0x2d CMakeFiles/Stm32F207_NucleoRuntime.dir/Drivers/STM32F2xx_HAL_Driver/Src/stm32f2xx_hal_dma.c.obj
 .ARM.attributes
                0x000004dc       0x2d CMakeFiles/Stm32F207_NucleoRuntime.dir/Drivers/STM32F2xx_HAL_Driver/Src/stm32f2xx_hal_uart.c.obj
 .ARM.attributes
                0x00000509       0x2d CMakeFiles/Stm32F207_NucleoRuntime.dir/Core/Src/system_stm32f2xx.c.obj
 .ARM.attributes
                0x00000536       0x2d CMakeFiles/Stm32F207_NucleoRuntime.dir/Middlewares/Third_Party/FreeRTOS/Source/list.c.obj
 .ARM.attributes
                0x00000563       0x2d CMakeFiles/Stm32F207_NucleoRuntime.dir/Middlewares/Third_Party/FreeRTOS/Source/queue.c.obj
 .ARM.attributes
                0x00000590       0x2d CMakeFiles/Stm32F207_NucleoRuntime.dir/Middlewares/Third_Party/FreeRTOS/Source/tasks.c.obj
 .ARM.attributes
                0x000005bd       0x2d CMakeFiles/Stm32F207_NucleoRuntime.dir/Middlewares/Third_Party/FreeRTOS/Source/timers.c.obj
 .ARM.attributes
                0x000005ea       0x2d CMakeFiles/Stm32F207_NucleoRuntime.dir/Middlewares/Third_Party/FreeRTOS/Source/CMSIS_RTOS_V2/cmsis_os2.c.obj
 .ARM.attributes
                0x00000617       0x2d CMakeFiles/Stm32F207_NucleoRuntime.dir/Middlewares/Third_Party/FreeRTOS/Source/portable/MemMang/heap_1.c.obj
 .ARM.attributes
                0x00000644       0x2d CMakeFiles/Stm32F207_NucleoRuntime.dir/Middlewares/Third_Party/FreeRTOS/Source/portable/GCC/ARM_CM3/port.c.obj
 .ARM.attributes
                0x00000671       0x21 CMakeFiles/Stm32F207_NucleoRuntime.dir/startup_stm32f207xx.s.obj
 .ARM.attributes
                0x00000692       0x1d c:/gnuarm/10.2021.10/bin/../lib/gcc/arm-none-eabi/10.3.1/thumb/v7-m/nofp\libgcc.a(_arm_addsubdf3.o)
 .ARM.attributes
                0x000006af       0x1d c:/gnuarm/10.2021.10/bin/../lib/gcc/arm-none-eabi/10.3.1/thumb/v7-m/nofp\libgcc.a(_arm_fixunsdfsi.o)
 .ARM.attributes
                0x000006cc       0x1d c:/gnuarm/10.2021.10/bin/../lib/gcc/arm-none-eabi/10.3.1/thumb/v7-m/nofp\libgcc.a(_arm_addsubsf3.o)
 .ARM.attributes
                0x000006e9       0x1d c:/gnuarm/10.2021.10/bin/../lib/gcc/arm-none-eabi/10.3.1/thumb/v7-m/nofp\libgcc.a(_arm_muldivsf3.o)
 .ARM.attributes
                0x00000706       0x1d c:/gnuarm/10.2021.10/bin/../lib/gcc/arm-none-eabi/10.3.1/thumb/v7-m/nofp\libgcc.a(_arm_fixunssfsi.o)
 .ARM.attributes
                0x00000723       0x1d c:/gnuarm/10.2021.10/bin/../lib/gcc/arm-none-eabi/10.3.1/thumb/v7-m/nofp\libgcc.a(_aeabi_uldivmod.o)
 .ARM.attributes
                0x00000740       0x2d c:/gnuarm/10.2021.10/bin/../lib/gcc/arm-none-eabi/10.3.1/thumb/v7-m/nofp\libgcc.a(_udivmoddi4.o)
 .ARM.attributes
                0x0000076d       0x1d c:/gnuarm/10.2021.10/bin/../lib/gcc/arm-none-eabi/10.3.1/thumb/v7-m/nofp\libgcc.a(_dvmd_tls.o)
 .ARM.attributes
                0x0000078a       0x2d c:/gnuarm/10.2021.10/bin/../lib/gcc/arm-none-eabi/10.3.1/../../../../arm-none-eabi/lib/thumb/v7-m/nofp\libg_nano.a(lib_a-memcpy-stub.o)
 .ARM.attributes
                0x000007b7       0x2d c:/gnuarm/10.2021.10/bin/../lib/gcc/arm-none-eabi/10.3.1/../../../../arm-none-eabi/lib/thumb/v7-m/nofp\libg_nano.a(lib_a-reent.o)
 .ARM.attributes
                0x000007e4       0x2d c:/gnuarm/10.2021.10/bin/../lib/gcc/arm-none-eabi/10.3.1/../../../../arm-none-eabi/lib/thumb/v7-m/nofp\libg_nano.a(lib_a-nano-freer.o)
 .ARM.attributes
                0x00000811       0x2d c:/gnuarm/10.2021.10/bin/../lib/gcc/arm-none-eabi/10.3.1/../../../../arm-none-eabi/lib/thumb/v7-m/nofp\libg_nano.a(lib_a-nano-mallocr.o)
 .ARM.attributes
                0x0000083e       0x2d c:/gnuarm/10.2021.10/bin/../lib/gcc/arm-none-eabi/10.3.1/../../../../arm-none-eabi/lib/thumb/v7-m/nofp\libg_nano.a(lib_a-mlock.o)
 .ARM.attributes
                0x0000086b       0x2d c:/gnuarm/10.2021.10/bin/../lib/gcc/arm-none-eabi/10.3.1/../../../../arm-none-eabi/lib/thumb/v7-m/nofp\libg_nano.a(lib_a-lock.o)
 .ARM.attributes
                0x00000898       0x1d c:/gnuarm/10.2021.10/bin/../lib/gcc/arm-none-eabi/10.3.1/thumb/v7-m/nofp/crtn.o

.comment        0x00000000       0x49
 .comment       0x00000000       0x49 CMakeFiles/Stm32F207_NucleoRuntime.dir/Xcp/XcpApplication.c.obj
                                 0x4a (size before relaxing)
 .comment       0x00000049       0x4a CMakeFiles/Stm32F207_NucleoRuntime.dir/Xcp/XcpBasic.c.obj
 .comment       0x00000049       0x4a CMakeFiles/Stm32F207_NucleoRuntime.dir/Xcp/XcpPort.c.obj
 .comment       0x00000049       0x4a CMakeFiles/Stm32F207_NucleoRuntime.dir/SimulinkApp/codeGen/stm32f207_template_app_ert_rtw/simulink_app.c.obj
 .comment       0x00000049       0x4a CMakeFiles/Stm32F207_NucleoRuntime.dir/SimulinkApp/codeGen/stm32f207_template_app_ert_rtw/stm32f207_template_app_data.c.obj
 .comment       0x00000049       0x4a CMakeFiles/Stm32F207_NucleoRuntime.dir/SimulinkApp/otherFiles/can_control.c.obj
 .comment       0x00000049       0x4a CMakeFiles/Stm32F207_NucleoRuntime.dir/SimulinkApp/otherFiles/led_control.c.obj
 .comment       0x00000049       0x4a CMakeFiles/Stm32F207_NucleoRuntime.dir/Core/Src/main.c.obj
 .comment       0x00000049       0x4a CMakeFiles/Stm32F207_NucleoRuntime.dir/Core/Src/gpio.c.obj
 .comment       0x00000049       0x4a CMakeFiles/Stm32F207_NucleoRuntime.dir/Core/Src/freertos.c.obj
 .comment       0x00000049       0x4a CMakeFiles/Stm32F207_NucleoRuntime.dir/Core/Src/can.c.obj
 .comment       0x00000049       0x4a CMakeFiles/Stm32F207_NucleoRuntime.dir/Core/Src/usart.c.obj
 .comment       0x00000049       0x4a CMakeFiles/Stm32F207_NucleoRuntime.dir/Core/Src/stm32f2xx_it.c.obj
 .comment       0x00000049       0x4a CMakeFiles/Stm32F207_NucleoRuntime.dir/Core/Src/stm32f2xx_hal_msp.c.obj
 .comment       0x00000049       0x4a CMakeFiles/Stm32F207_NucleoRuntime.dir/Core/Src/stm32f2xx_hal_timebase_tim.c.obj
 .comment       0x00000049       0x4a CMakeFiles/Stm32F207_NucleoRuntime.dir/Drivers/STM32F2xx_HAL_Driver/Src/stm32f2xx_hal_tim.c.obj